Archive member included to satisfy reference by file (symbol)

/opt/st/stm32cubeide_1.15.0/plugins/com.st.stm32cube.ide.mcu.externaltools.gnu-tools-for-stm32.12.3.rel1.linux64_1.0.100.202403111256/tools/bin/../lib/gcc/arm-none-eabi/12.3.1/../../../../arm-none-eabi/lib/thumb/v7e-m+fp/hard/libm.a(libm_a-s_atan.o)
                              ./Core/Src/main.o (atan)
/opt/st/stm32cubeide_1.15.0/plugins/com.st.stm32cube.ide.mcu.externaltools.gnu-tools-for-stm32.12.3.rel1.linux64_1.0.100.202403111256/tools/bin/../lib/gcc/arm-none-eabi/12.3.1/../../../../arm-none-eabi/lib/thumb/v7e-m+fp/hard/libm.a(libm_a-s_cos.o)
                              ./Core/Src/main.o (cos)
/opt/st/stm32cubeide_1.15.0/plugins/com.st.stm32cube.ide.mcu.externaltools.gnu-tools-for-stm32.12.3.rel1.linux64_1.0.100.202403111256/tools/bin/../lib/gcc/arm-none-eabi/12.3.1/../../../../arm-none-eabi/lib/thumb/v7e-m+fp/hard/libm.a(libm_a-s_fabs.o)
                              /opt/st/stm32cubeide_1.15.0/plugins/com.st.stm32cube.ide.mcu.externaltools.gnu-tools-for-stm32.12.3.rel1.linux64_1.0.100.202403111256/tools/bin/../lib/gcc/arm-none-eabi/12.3.1/../../../../arm-none-eabi/lib/thumb/v7e-m+fp/hard/libm.a(libm_a-s_atan.o) (fabs)
/opt/st/stm32cubeide_1.15.0/plugins/com.st.stm32cube.ide.mcu.externaltools.gnu-tools-for-stm32.12.3.rel1.linux64_1.0.100.202403111256/tools/bin/../lib/gcc/arm-none-eabi/12.3.1/../../../../arm-none-eabi/lib/thumb/v7e-m+fp/hard/libm.a(libm_a-s_sin.o)
                              ./Core/Src/main.o (sin)
/opt/st/stm32cubeide_1.15.0/plugins/com.st.stm32cube.ide.mcu.externaltools.gnu-tools-for-stm32.12.3.rel1.linux64_1.0.100.202403111256/tools/bin/../lib/gcc/arm-none-eabi/12.3.1/../../../../arm-none-eabi/lib/thumb/v7e-m+fp/hard/libm.a(libm_a-k_cos.o)
                              /opt/st/stm32cubeide_1.15.0/plugins/com.st.stm32cube.ide.mcu.externaltools.gnu-tools-for-stm32.12.3.rel1.linux64_1.0.100.202403111256/tools/bin/../lib/gcc/arm-none-eabi/12.3.1/../../../../arm-none-eabi/lib/thumb/v7e-m+fp/hard/libm.a(libm_a-s_cos.o) (__kernel_cos)
/opt/st/stm32cubeide_1.15.0/plugins/com.st.stm32cube.ide.mcu.externaltools.gnu-tools-for-stm32.12.3.rel1.linux64_1.0.100.202403111256/tools/bin/../lib/gcc/arm-none-eabi/12.3.1/../../../../arm-none-eabi/lib/thumb/v7e-m+fp/hard/libm.a(libm_a-k_sin.o)
                              /opt/st/stm32cubeide_1.15.0/plugins/com.st.stm32cube.ide.mcu.externaltools.gnu-tools-for-stm32.12.3.rel1.linux64_1.0.100.202403111256/tools/bin/../lib/gcc/arm-none-eabi/12.3.1/../../../../arm-none-eabi/lib/thumb/v7e-m+fp/hard/libm.a(libm_a-s_cos.o) (__kernel_sin)
/opt/st/stm32cubeide_1.15.0/plugins/com.st.stm32cube.ide.mcu.externaltools.gnu-tools-for-stm32.12.3.rel1.linux64_1.0.100.202403111256/tools/bin/../lib/gcc/arm-none-eabi/12.3.1/../../../../arm-none-eabi/lib/thumb/v7e-m+fp/hard/libm.a(libm_a-e_rem_pio2.o)
                              /opt/st/stm32cubeide_1.15.0/plugins/com.st.stm32cube.ide.mcu.externaltools.gnu-tools-for-stm32.12.3.rel1.linux64_1.0.100.202403111256/tools/bin/../lib/gcc/arm-none-eabi/12.3.1/../../../../arm-none-eabi/lib/thumb/v7e-m+fp/hard/libm.a(libm_a-s_cos.o) (__ieee754_rem_pio2)
/opt/st/stm32cubeide_1.15.0/plugins/com.st.stm32cube.ide.mcu.externaltools.gnu-tools-for-stm32.12.3.rel1.linux64_1.0.100.202403111256/tools/bin/../lib/gcc/arm-none-eabi/12.3.1/../../../../arm-none-eabi/lib/thumb/v7e-m+fp/hard/libm.a(libm_a-k_rem_pio2.o)
                              /opt/st/stm32cubeide_1.15.0/plugins/com.st.stm32cube.ide.mcu.externaltools.gnu-tools-for-stm32.12.3.rel1.linux64_1.0.100.202403111256/tools/bin/../lib/gcc/arm-none-eabi/12.3.1/../../../../arm-none-eabi/lib/thumb/v7e-m+fp/hard/libm.a(libm_a-e_rem_pio2.o) (__kernel_rem_pio2)
/opt/st/stm32cubeide_1.15.0/plugins/com.st.stm32cube.ide.mcu.externaltools.gnu-tools-for-stm32.12.3.rel1.linux64_1.0.100.202403111256/tools/bin/../lib/gcc/arm-none-eabi/12.3.1/../../../../arm-none-eabi/lib/thumb/v7e-m+fp/hard/libm.a(libm_a-s_scalbn.o)
                              /opt/st/stm32cubeide_1.15.0/plugins/com.st.stm32cube.ide.mcu.externaltools.gnu-tools-for-stm32.12.3.rel1.linux64_1.0.100.202403111256/tools/bin/../lib/gcc/arm-none-eabi/12.3.1/../../../../arm-none-eabi/lib/thumb/v7e-m+fp/hard/libm.a(libm_a-k_rem_pio2.o) (scalbn)
/opt/st/stm32cubeide_1.15.0/plugins/com.st.stm32cube.ide.mcu.externaltools.gnu-tools-for-stm32.12.3.rel1.linux64_1.0.100.202403111256/tools/bin/../lib/gcc/arm-none-eabi/12.3.1/../../../../arm-none-eabi/lib/thumb/v7e-m+fp/hard/libm.a(libm_a-s_floor.o)
                              /opt/st/stm32cubeide_1.15.0/plugins/com.st.stm32cube.ide.mcu.externaltools.gnu-tools-for-stm32.12.3.rel1.linux64_1.0.100.202403111256/tools/bin/../lib/gcc/arm-none-eabi/12.3.1/../../../../arm-none-eabi/lib/thumb/v7e-m+fp/hard/libm.a(libm_a-k_rem_pio2.o) (floor)
[...]
Memory Configuration

Name             Origin             Length             Attributes
RAM              0x20000000         0x00020000         xrw
FLASH            0x08000000         0x00080000         xr
*default*        0x00000000         0xffffffff

Linker script and memory map

LOAD /opt/st/stm32cubeide_1.15.0/plugins/com.st.stm32cube.ide.mcu.externaltools.gnu-tools-for-stm32.12.3.rel1.linux64_1.0.100.202403111256/tools/bin/../lib/gcc/arm-none-eabi/12.3.1/thumb/v7e-m+fp/hard/crti.o
LOAD /opt/st/stm32cubeide_1.15.0/plugins/com.st.stm32cube.ide.mcu.externaltools.gnu-tools-for-stm32.12.3.rel1.linux64_1.0.100.202403111256/tools/bin/../lib/gcc/arm-none-eabi/12.3.1/thumb/v7e-m+fp/hard/crtbegin.o
LOAD /opt/st/stm32cubeide_1.15.0/plugins/com.st.stm32cube.ide.mcu.externaltools.gnu-tools-for-stm32.12.3.rel1.linux64_1.0.100.202403111256/tools/bin/../lib/gcc/arm-none-eabi/12.3.1/../../../../arm-none-eabi/lib/thumb/v7e-m+fp/hard/crt0.o
LOAD ./Core/Src/DEV_Config.o
LOAD ./Core/Src/TCS34725.o
LOAD ./Core/Src/duration.o
LOAD ./Core/Src/main.o
LOAD ./Core/Src/mainpp.o
LOAD ./Core/Src/stm32f4xx_hal_msp.o
LOAD ./Core/Src/stm32f4xx_it.o
LOAD ./Core/Src/syscalls.o
LOAD ./Core/Src/sysmem.o
LOAD ./Core/Src/system_stm32f4xx.o
LOAD ./Core/Src/time.o
LOAD ./Core/Startup/startup_stm32f446retx.o
LOAD ./Drivers/STM32F4xx_HAL_Driver/Src/stm32f4xx_hal.o
LOAD ./Drivers/STM32F4xx_HAL_Driver/Src/stm32f4xx_hal_cortex.o
LOAD ./Drivers/STM32F4xx_HAL_Driver/Src/stm32f4xx_hal_dma.o
LOAD ./Drivers/STM32F4xx_HAL_Driver/Src/stm32f4xx_hal_dma_ex.o
LOAD ./Drivers/STM32F4xx_HAL_Driver/Src/stm32f4xx_hal_exti.o
LOAD ./Drivers/STM32F4xx_HAL_Driver/Src/stm32f4xx_hal_flash.o
LOAD ./Drivers/STM32F4xx_HAL_Driver/Src/stm32f4xx_hal_flash_ex.o
LOAD ./Drivers/STM32F4xx_HAL_Driver/Src/stm32f4xx_hal_flash_ramfunc.o
LOAD ./Drivers/STM32F4xx_HAL_Driver/Src/stm32f4xx_hal_gpio.o
LOAD ./Drivers/STM32F4xx_HAL_Driver/Src/stm32f4xx_hal_i2c.o
LOAD ./Drivers/STM32F4xx_HAL_Driver/Src/stm32f4xx_hal_i2c_ex.o
LOAD ./Drivers/STM32F4xx_HAL_Driver/Src/stm32f4xx_hal_pwr.o
LOAD ./Drivers/STM32F4xx_HAL_Driver/Src/stm32f4xx_hal_pwr_ex.o
LOAD ./Drivers/STM32F4xx_HAL_Driver/Src/stm32f4xx_hal_rcc.o
LOAD ./Drivers/STM32F4xx_HAL_Driver/Src/stm32f4xx_hal_rcc_ex.o
LOAD ./Drivers/STM32F4xx_HAL_Driver/Src/stm32f4xx_hal_tim.o
LOAD ./Drivers/STM32F4xx_HAL_Driver/Src/stm32f4xx_hal_tim_ex.o
LOAD ./Drivers/STM32F4xx_HAL_Driver/Src/stm32f4xx_hal_uart.o
START GROUP
LOAD /opt/st/stm32cubeide_1.15.0/plugins/com.st.stm32cube.ide.mcu.externaltools.gnu-tools-for-stm32.12.3.rel1.linux64_1.0.100.202403111256/tools/bin/../lib/gcc/arm-none-eabi/12.3.1/../../../../arm-none-eabi/lib/thumb/v7e-m+fp/hard/libstdc++_nano.a
LOAD /opt/st/stm32cubeide_1.15.0/plugins/com.st.stm32cube.ide.mcu.externaltools.gnu-tools-for-stm32.12.3.rel1.linux64_1.0.100.202403111256/tools/bin/../lib/gcc/arm-none-eabi/12.3.1/../../../../arm-none-eabi/lib/thumb/v7e-m+fp/hard/libsupc++_nano.a
END GROUP
LOAD /opt/st/stm32cubeide_1.15.0/plugins/com.st.stm32cube.ide.mcu.externaltools.gnu-tools-for-stm32.12.3.rel1.linux64_1.0.100.202403111256/tools/bin/../lib/gcc/arm-none-eabi/12.3.1/../../../../arm-none-eabi/lib/thumb/v7e-m+fp/hard/libstdc++_nano.a
LOAD /opt/st/stm32cubeide_1.15.0/plugins/com.st.stm32cube.ide.mcu.externaltools.gnu-tools-for-stm32.12.3.rel1.linux64_1.0.100.202403111256/tools/bin/../lib/gcc/arm-none-eabi/12.3.1/../../../../arm-none-eabi/lib/thumb/v7e-m+fp/hard/libm.a
LOAD /opt/st/stm32cubeide_1.15.0/plugins/com.st.stm32cube.ide.mcu.externaltools.gnu-tools-for-stm32.12.3.rel1.linux64_1.0.100.202403111256/tools/bin/../lib/gcc/arm-none-eabi/12.3.1/../../../../arm-none-eabi/lib/thumb/v7e-m+fp/hard/libc_nano.a
START GROUP
LOAD /opt/st/stm32cubeide_1.15.0/plugins/com.st.stm32cube.ide.mcu.externaltools.gnu-tools-for-stm32.12.3.rel1.linux64_1.0.100.202403111256/tools/bin/../lib/gcc/arm-none-eabi/12.3.1/thumb/v7e-m+fp/hard/libgcc.a
LOAD /opt/st/stm32cubeide_1.15.0/plugins/com.st.stm32cube.ide.mcu.externaltools.gnu-tools-for-stm32.12.3.rel1.linux64_1.0.100.202403111256/tools/bin/../lib/gcc/arm-none-eabi/12.3.1/../../../../arm-none-eabi/lib/thumb/v7e-m+fp/hard/libc_nano.a
END GROUP
START GROUP
LOAD /opt/st/stm32cubeide_1.15.0/plugins/com.st.stm32cube.ide.mcu.externaltools.gnu-tools-for-stm32.12.3.rel1.linux64_1.0.100.202403111256/tools/bin/../lib/gcc/arm-none-eabi/12.3.1/thumb/v7e-m+fp/hard/libgcc.a
LOAD /opt/st/stm32cubeide_1.15.0/plugins/com.st.stm32cube.ide.mcu.externaltools.gnu-tools-for-stm32.12.3.rel1.linux64_1.0.100.202403111256/tools/bin/../lib/gcc/arm-none-eabi/12.3.1/../../../../arm-none-eabi/lib/thumb/v7e-m+fp/hard/libc_nano.a
LOAD /opt/st/stm32cubeide_1.15.0/plugins/com.st.stm32cube.ide.mcu.externaltools.gnu-tools-for-stm32.12.3.rel1.linux64_1.0.100.202403111256/tools/bin/../lib/gcc/arm-none-eabi/12.3.1/../../../../arm-none-eabi/lib/thumb/v7e-m+fp/hard/libnosys.a
END GROUP
START GROUP
LOAD /opt/st/stm32cubeide_1.15.0/plugins/com.st.stm32cube.ide.mcu.externaltools.gnu-tools-for-stm32.12.3.rel1.linux64_1.0.100.202403111256/tools/bin/../lib/gcc/arm-none-eabi/12.3.1/thumb/v7e-m+fp/hard/libgcc.a
LOAD /opt/st/stm32cubeide_1.15.0/plugins/com.st.stm32cube.ide.mcu.externaltools.gnu-tools-for-stm32.12.3.rel1.linux64_1.0.100.202403111256/tools/bin/../lib/gcc/arm-none-eabi/12.3.1/../../../../arm-none-eabi/lib/thumb/v7e-m+fp/hard/libc_nano.a
LOAD /opt/st/stm32cubeide_1.15.0/plugins/com.st.stm32cube.ide.mcu.externaltools.gnu-tools-for-stm32.12.3.rel1.linux64_1.0.100.202403111256/tools/bin/../lib/gcc/arm-none-eabi/12.3.1/../../../../arm-none-eabi/lib/thumb/v7e-m+fp/hard/libnosys.a
END GROUP
LOAD /opt/st/stm32cubeide_1.15.0/plugins/com.st.stm32cube.ide.mcu.externaltools.gnu-tools-for-stm32.12.3.rel1.linux64_1.0.100.202403111256/tools/bin/../lib/gcc/arm-none-eabi/12.3.1/thumb/v7e-m+fp/hard/crtend.o
LOAD /opt/st/stm32cubeide_1.15.0/plugins/com.st.stm32cube.ide.mcu.externaltools.gnu-tools-for-stm32.12.3.rel1.linux64_1.0.100.202403111256/tools/bin/../lib/gcc/arm-none-eabi/12.3.1/thumb/v7e-m+fp/hard/crtn.o
                0x20020000                        _estack = (ORIGIN (RAM) + LENGTH (RAM))
                0x00000200                        _Min_Heap_Size = 0x200
                0x00000400                        _Min_Stack_Size = 0x400

.isr_vector     0x08000000      0x1c4
                0x08000000                        . = ALIGN (0x4)
 *(.isr_vector)
 .isr_vector    0x08000000      0x1c4 ./Core/Startup/startup_stm32f446retx.o
                0x08000000                g_pfnVectors
                0x080001c4                        . = ALIGN (0x4)

.text           0x080001c8     0xbf08
                0x080001c8                        . = ALIGN (0x4)
 *(.text)
 .text          0x080001c8       0x40 /opt/st/stm32cubeide_1.15.0/plugins/com.st.stm32cube.ide.mcu.externaltools.gnu-tools-for-stm32.12.3.rel1.linux64_1.0.100.202403111256/tools/bin/../lib/gcc/arm-none-eabi/12.3.1/thumb/v7e-m+fp/hard/crtbegin.o
 .text          0x08000208       0x10 /opt/st/stm32cubeide_1.15.0/plugins/com.st.stm32cube.ide.mcu.externaltools.gnu-tools-for-stm32.12.3.rel1.linux64_1.0.100.202403111256/tools/bin/../lib/gcc/arm-none-eabi/12.3.1/../../../../arm-none-eabi/lib/thumb/v7e-m+fp/hard/libc_nano.a(libc_a-strlen.o)
                0x08000208                strlen
 .text          0x08000218      0x378 /opt/st/stm32cubeide_1.15.0/plugins/com.st.stm32cube.ide.mcu.externaltools.gnu-tools-for-stm32.12.3.rel1.linux64_1.0.100.202403111256/tools/bin/../lib/gcc/arm-none-eabi/12.3.1/thumb/v7e-m+fp/hard/libgcc.a(_arm_addsubdf3.o)
                0x08000218                __aeabi_drsub
                0x08000220                __aeabi_dsub
                0x08000220                __subdf3
                0x08000224                __adddf3
                0x08000224                __aeabi_dadd
                0x0800049c                __aeabi_ui2d
                0x0800049c                __floatunsidf
                0x080004bc                __floatsidf
                0x080004bc                __aeabi_i2d
                0x080004e0                __extendsfdf2
                0x080004e0                __aeabi_f2d
                0x08000524                __aeabi_ul2d
                0x08000524                __floatundidf
                0x08000534                __floatdidf
                0x08000534                __aeabi_l2d
 .text          0x08000590      0x424 /opt/st/stm32cubeide_1.15.0/plugins/com.st.stm32cube.ide.mcu.externaltools.gnu-tools-for-stm32.12.3.rel1.linux64_1.0.100.202403111256/tools/bin/../lib/gcc/arm-none-eabi/12.3.1/thumb/v7e-m+fp/hard/libgcc.a(_arm_muldivdf3.o)
                0x08000590                __aeabi_dmul
                0x08000590                __muldf3
                0x080007e4                __aeabi_ddiv
                0x080007e4                __divdf3
 .text          0x080009b4      0x110 /opt/st/stm32cubeide_1.15.0/plugins/com.st.stm32cube.ide.mcu.externaltools.gnu-tools-for-stm32.12.3.rel1.linux64_1.0.100.202403111256/tools/bin/../lib/gcc/arm-none-eabi/12.3.1/thumb/v7e-m+fp/hard/libgcc.a(_arm_cmpdf2.o)
                0x080009b4                __gtdf2
                0x080009b4                __gedf2
                0x080009bc                __ltdf2
                0x080009bc                __ledf2
                0x080009c4                __cmpdf2
                0x080009c4                __eqdf2
                0x080009c4                __nedf2
                0x08000a40                __aeabi_cdrcmple
                0x08000a50                __aeabi_cdcmple
                0x08000a50                __aeabi_cdcmpeq
                0x08000a60                __aeabi_dcmpeq
                0x08000a74                __aeabi_dcmplt
                0x08000a88                __aeabi_dcmple
                0x08000a9c                __aeabi_dcmpge
                0x08000ab0                __aeabi_dcmpgt
 .text          0x08000ac4       0x50 /opt/st/stm32cubeide_1.15.0/plugins/com.st.stm32cube.ide.mcu.externaltools.gnu-tools-for-stm32.12.3.rel1.linux64_1.0.100.202403111256/tools/bin/../lib/gcc/arm-none-eabi/12.3.1/thumb/v7e-m+fp/hard/libgcc.a(_arm_fixdfsi.o)
                0x08000ac4                __fixdfsi
                0x08000ac4                __aeabi_d2iz
 .text          0x08000b14       0xa0 /opt/st/stm32cubeide_1.15.0/plugins/com.st.stm32cube.ide.mcu.externaltools.gnu-tools-for-stm32.12.3.rel1.linux64_1.0.100.202403111256/tools/bin/../lib/gcc/arm-none-eabi/12.3.1/thumb/v7e-m+fp/hard/libgcc.a(_arm_truncdfsf2.o)
                0x08000b14                __aeabi_d2f
                0x08000b14                __truncdfsf2
 .text          0x08000bb4       0x30 /opt/st/stm32cubeide_1.15.0/plugins/com.st.stm32cube.ide.mcu.externaltools.gnu-tools-for-stm32.12.3.rel1.linux64_1.0.100.202403111256/tools/bin/../lib/gcc/arm-none-eabi/12.3.1/thumb/v7e-m+fp/hard/libgcc.a(_aeabi_uldivmod.o)
                0x08000bb4                __aeabi_uldivmod
 .text          0x08000be4      0x2bc /opt/st/stm32cubeide_1.15.0/plugins/com.st.stm32cube.ide.mcu.externaltools.gnu-tools-for-stm32.12.3.rel1.linux64_1.0.100.202403111256/tools/bin/../lib/gcc/arm-none-eabi/12.3.1/thumb/v7e-m+fp/hard/libgcc.a(_udivmoddi4.o)
                0x08000be4                __udivmoddi4
 .text          0x08000ea0        0x4 /opt/st/stm32cubeide_1.15.0/plugins/com.st.stm32cube.ide.mcu.externaltools.gnu-tools-for-stm32.12.3.rel1.linux64_1.0.100.202403111256/tools/bin/../lib/gcc/arm-none-eabi/12.3.1/thumb/v7e-m+fp/hard/libgcc.a(_dvmd_tls.o)
                0x08000ea0                __aeabi_ldiv0
                0x08000ea0                __aeabi_idiv0
 *(.text*)
 .text.DEV_Set_I2CAddress
                0x08000ea4       0x24 ./Core/Src/DEV_Config.o
                0x08000ea4                DEV_Set_I2CAddress
 .text.DEV_I2C_WriteByte
                0x08000ec8       0x48 ./Core/Src/DEV_Config.o
                0x08000ec8                DEV_I2C_WriteByte
 .text.DEV_I2C_ReadByte
                0x08000f10       0x48 ./Core/Src/DEV_Config.o
                0x08000f10                DEV_I2C_ReadByte
 .text.DEV_I2C_ReadWord
                0x08000f58       0x4c ./Core/Src/DEV_Config.o
                0x08000f58                DEV_I2C_ReadWord
 .text.TCS34725_WriteByte
                0x08000fa4       0x2c ./Core/Src/TCS34725.o
 .text.TCS34725_ReadByte
                0x08000fd0       0x24 ./Core/Src/TCS34725.o
 .text.TCS34725_ReadWord
                0x08000ff4       0x24 ./Core/Src/TCS34725.o
 .text.TCS34725_Enable
                0x08001018       0x24 ./Core/Src/TCS34725.o
 .text.TCS34725_Set_Integration_Time
                0x0800103c       0x28 ./Core/Src/TCS34725.o
                0x0800103c                TCS34725_Set_Integration_Time
 .text.TCS34725_Set_Gain
                0x08001064       0x28 ./Core/Src/TCS34725.o
                0x08001064                TCS34725_Set_Gain
 .text.TCS34725_Interrupt_Enable
                0x0800108c       0x2c ./Core/Src/TCS34725.o
 .text.TCS34725_Set_Interrupt_Persistence_Reg
                0x080010b8       0x2c ./Core/Src/TCS34725.o
 .text.TCS34725_Set_Interrupt_Threshold
                0x080010e4       0x50 ./Core/Src/TCS34725.o
 .text.TCS34725_Init
                0x08001134       0x74 ./Core/Src/TCS34725.o
                0x08001134                TCS34725_Init
 .text.TCS34725_Get_RGBData
                0x080011a8       0xac ./Core/Src/TCS34725.o
                0x080011a8                TCS34725_Get_RGBData
 .text.TCS34725_GetRGB888
                0x08001254      0x1bc ./Core/Src/TCS34725.o
                0x08001254                TCS34725_GetRGB888
 .text.TCS34725_SetLight
                0x08001410       0x30 ./Core/Src/TCS34725.o
                0x08001410                TCS34725_SetLight
 .text.HAL_TIM_PeriodElapsedCallback
                0x08001440      0x1ec ./Core/Src/main.o
                0x08001440                HAL_TIM_PeriodElapsedCallback
 .text.MPU6050_Init
                0x0800162c       0xac ./Core/Src/main.o
                0x0800162c                MPU6050_Init
 .text.MPU6050_Read_Accel
                0x080016d8       0xf8 ./Core/Src/main.o
                0x080016d8                MPU6050_Read_Accel
 .text.Accel_X_Angle
                0x080017d0       0x68 ./Core/Src/main.o
                0x080017d0                Accel_X_Angle
 .text.Accel_Y_Angle
                0x08001838       0x68 ./Core/Src/main.o
                0x08001838                Accel_Y_Angle
 .text.main     0x080018a0      0xc54 ./Core/Src/main.o
                0x080018a0                main
 .text.SystemClock_Config
                0x080024f4       0xe4 ./Core/Src/main.o
                0x080024f4                SystemClock_Config
 .text.MX_I2C1_Init
                0x080025d8       0x5c ./Core/Src/main.o
 .text.MX_I2C3_Init
                0x08002634       0x5c ./Core/Src/main.o
 .text.MX_TIM2_Init
                0x08002690       0xa8 ./Core/Src/main.o
 .text.MX_TIM3_Init
                0x08002738       0xa8 ./Core/Src/main.o
 .text.MX_TIM4_Init
                0x080027e0       0xa8 ./Core/Src/main.o
 .text.MX_TIM5_Init
                0x08002888       0x9c ./Core/Src/main.o
 .text.MX_TIM8_Init
                0x08002924       0xb0 ./Core/Src/main.o
 .text.MX_TIM12_Init
                0x080029d4       0x70 ./Core/Src/main.o
 .text.MX_USART2_UART_Init
                0x08002a44       0x54 ./Core/Src/main.o
 .text.MX_DMA_Init
                0x08002a98       0x50 ./Core/Src/main.o
 .text.MX_GPIO_Init
                0x08002ae8       0xdc ./Core/Src/main.o
 .text.Error_Handler
                0x08002bc4        0xc ./Core/Src/main.o
                0x08002bc4                Error_Handler
 .text._ZN3ros4TimeC2Ev
                0x08002bd0       0x22 ./Core/Src/mainpp.o
                0x08002bd0                ros::Time::Time()
                0x08002bd0                ros::Time::Time()
 *fill*         0x08002bf2        0x2 
 .text._ZN3ros3MsgC2Ev
                0x08002bf4       0x20 ./Core/Src/mainpp.o
                0x08002bf4                ros::Msg::Msg()
                0x08002bf4                ros::Msg::Msg()
 .text._ZN8std_msgs4TimeC2Ev
                0x08002c14       0x30 ./Core/Src/mainpp.o
                0x08002c14                std_msgs::Time::Time()
                0x08002c14                std_msgs::Time::Time()
 .text._ZNK8std_msgs4Time9serializeEPh
                0x08002c44       0xb0 ./Core/Src/mainpp.o
                0x08002c44                std_msgs::Time::serialize(unsigned char*) const
 .text._ZN8std_msgs4Time11deserializeEPh
                0x08002cf4       0xc8 ./Core/Src/mainpp.o
                0x08002cf4                std_msgs::Time::deserialize(unsigned char*)
 .text._ZN8std_msgs4Time7getTypeEv
                0x08002dbc       0x1c ./Core/Src/mainpp.o
                0x08002dbc                std_msgs::Time::getType()
 .text._ZN8std_msgs4Time6getMD5Ev
                0x08002dd8       0x1c ./Core/Src/mainpp.o
                0x08002dd8                std_msgs::Time::getMD5()
 .text._ZN14rosserial_msgs9TopicInfoC2Ev
                0x08002df4       0x48 ./Core/Src/mainpp.o
                0x08002df4                rosserial_msgs::TopicInfo::TopicInfo()
                0x08002df4                rosserial_msgs::TopicInfo::TopicInfo()
 .text._ZNK14rosserial_msgs9TopicInfo9serializeEPh
                0x08002e3c      0x136 ./Core/Src/mainpp.o
                0x08002e3c                rosserial_msgs::TopicInfo::serialize(unsigned char*) const
 .text._ZN14rosserial_msgs9TopicInfo11deserializeEPh
                0x08002f72      0x1d0 ./Core/Src/mainpp.o
                0x08002f72                rosserial_msgs::TopicInfo::deserialize(unsigned char*)
 *fill*         0x08003142        0x2 
 .text._ZN14rosserial_msgs9TopicInfo7getTypeEv
                0x08003144       0x1c ./Core/Src/mainpp.o
                0x08003144                rosserial_msgs::TopicInfo::getType()
 .text._ZN14rosserial_msgs9TopicInfo6getMD5Ev
                0x08003160       0x1c ./Core/Src/mainpp.o
                0x08003160                rosserial_msgs::TopicInfo::getMD5()
 .text._ZN14rosserial_msgs3LogC2Ev
                0x0800317c       0x34 ./Core/Src/mainpp.o
                0x0800317c                rosserial_msgs::Log::Log()
                0x0800317c                rosserial_msgs::Log::Log()
 .text._ZNK14rosserial_msgs3Log9serializeEPh
                0x080031b0       0x64 ./Core/Src/mainpp.o
                0x080031b0                rosserial_msgs::Log::serialize(unsigned char*) const
 .text._ZN14rosserial_msgs3Log11deserializeEPh
                0x08003214       0x90 ./Core/Src/mainpp.o
                0x08003214                rosserial_msgs::Log::deserialize(unsigned char*)
 .text._ZN14rosserial_msgs3Log7getTypeEv
                0x080032a4       0x1c ./Core/Src/mainpp.o
                0x080032a4                rosserial_msgs::Log::getType()
 .text._ZN14rosserial_msgs3Log6getMD5Ev
                0x080032c0       0x1c ./Core/Src/mainpp.o
                0x080032c0                rosserial_msgs::Log::getMD5()
 .text._ZN14rosserial_msgs20RequestParamResponseC2Ev
                0x080032dc       0x5c ./Core/Src/mainpp.o
                0x080032dc                rosserial_msgs::RequestParamResponse::RequestParamResponse()
                0x080032dc                rosserial_msgs::RequestParamResponse::RequestParamResponse()
 .text._ZNK14rosserial_msgs20RequestParamResponse9serializeEPh
                0x08003338      0x222 ./Core/Src/mainpp.o
                0x08003338                rosserial_msgs::RequestParamResponse::serialize(unsigned char*) const
 .text._ZN14rosserial_msgs20RequestParamResponse11deserializeEPh
                0x0800355a      0x2e2 ./Core/Src/mainpp.o
                0x0800355a                rosserial_msgs::RequestParamResponse::deserialize(unsigned char*)
 .text._ZN14rosserial_msgs20RequestParamResponse7getTypeEv
                0x0800383c       0x1c ./Core/Src/mainpp.o
                0x0800383c                rosserial_msgs::RequestParamResponse::getType()
 .text._ZN14rosserial_msgs20RequestParamResponse6getMD5Ev
                0x08003858       0x1c ./Core/Src/mainpp.o
                0x08003858                rosserial_msgs::RequestParamResponse::getMD5()
 .text._ZN3ros9PublisherC2EPKcPNS_3MsgEi
                0x08003874       0x2e ./Core/Src/mainpp.o
                0x08003874                ros::Publisher::Publisher(char const*, ros::Msg*, int)
                0x08003874                ros::Publisher::Publisher(char const*, ros::Msg*, int)
 .text._ZN3ros9Publisher7publishEPKNS_3MsgE
                0x080038a2       0x28 ./Core/Src/mainpp.o
                0x080038a2                ros::Publisher::publish(ros::Msg const*)
 .text._ZN3ros9Publisher15getEndpointTypeEv
                0x080038ca       0x18 ./Core/Src/mainpp.o
                0x080038ca                ros::Publisher::getEndpointType()
 .text._ZN11SerialClassC2ER20__UART_HandleTypeDef
                0x080038e2       0x4c ./Core/Src/mainpp.o
                0x080038e2                SerialClass::SerialClass(__UART_HandleTypeDef&)
                0x080038e2                SerialClass::SerialClass(__UART_HandleTypeDef&)
 .text._ZN11SerialClass10get_handleEv
                0x0800392e       0x1c ./Core/Src/mainpp.o
                0x0800392e                SerialClass::get_handle()
 .text._ZN11SerialClass9start_dmaEv
                0x0800394a       0x3c ./Core/Src/mainpp.o
                0x0800394a                SerialClass::start_dma()
 .text._ZN11SerialClass4readEv
                0x08003986       0x7c ./Core/Src/mainpp.o
                0x08003986                SerialClass::read()
 .text._ZN11SerialClass5writeEPKhi
                0x08003a02       0x88 ./Core/Src/mainpp.o
                0x08003a02                SerialClass::write(unsigned char const*, int)
 .text._ZN11SerialClass16tx_cplt_callbackEv
                0x08003a8a       0x1e ./Core/Src/mainpp.o
                0x08003a8a                SerialClass::tx_cplt_callback()
 .text._ZN11SerialClass10reset_rbufEv
                0x08003aa8       0x28 ./Core/Src/mainpp.o
                0x08003aa8                SerialClass::reset_rbuf()
 .text.HAL_UART_TxCpltCallback
                0x08003ad0       0x38 ./Core/Src/mainpp.o
                0x08003ad0                HAL_UART_TxCpltCallback
 .text.HAL_UART_RxCpltCallback
                0x08003b08       0x1c ./Core/Src/mainpp.o
                0x08003b08                HAL_UART_RxCpltCallback
 .text._ZN13STM32HardwareC2Ev
                0x08003b24       0x20 ./Core/Src/mainpp.o
                0x08003b24                STM32Hardware::STM32Hardware()
                0x08003b24                STM32Hardware::STM32Hardware()
 .text._ZN13STM32Hardware4initEv
                0x08003b44       0x1a ./Core/Src/mainpp.o
                0x08003b44                STM32Hardware::init()
 .text._ZN13STM32Hardware4readEv
                0x08003b5e       0x1c ./Core/Src/mainpp.o
                0x08003b5e                STM32Hardware::read()
 .text._ZN13STM32Hardware5writeEPhi
                0x08003b7a       0x22 ./Core/Src/mainpp.o
                0x08003b7a                STM32Hardware::write(unsigned char*, int)
 .text._ZN13STM32Hardware4timeEv
                0x08003b9c       0x16 ./Core/Src/mainpp.o
                0x08003b9c                STM32Hardware::time()
 *fill*         0x08003bb2        0x2 
 .text._ZN8std_msgs6StringC2Ev
                0x08003bb4       0x30 ./Core/Src/mainpp.o
                0x08003bb4                std_msgs::String::String()
                0x08003bb4                std_msgs::String::String()
 .text._ZNK8std_msgs6String9serializeEPh
                0x08003be4       0x52 ./Core/Src/mainpp.o
                0x08003be4                std_msgs::String::serialize(unsigned char*) const
 .text._ZN8std_msgs6String11deserializeEPh
                0x08003c36       0x7e ./Core/Src/mainpp.o
                0x08003c36                std_msgs::String::deserialize(unsigned char*)
 .text._ZN8std_msgs6String7getTypeEv
                0x08003cb4       0x1c ./Core/Src/mainpp.o
                0x08003cb4                std_msgs::String::getType()
 .text._ZN8std_msgs6String6getMD5Ev
                0x08003cd0       0x1c ./Core/Src/mainpp.o
                0x08003cd0                std_msgs::String::getMD5()
 .text._ZN8std_msgs19MultiArrayDimensionC2Ev
                0x08003cec       0x3c ./Core/Src/mainpp.o
                0x08003cec                std_msgs::MultiArrayDimension::MultiArrayDimension()
                0x08003cec                std_msgs::MultiArrayDimension::MultiArrayDimension()
 .text._ZNK8std_msgs19MultiArrayDimension9serializeEPh
                0x08003d28       0xe6 ./Core/Src/mainpp.o
                0x08003d28                std_msgs::MultiArrayDimension::serialize(unsigned char*) const
 .text._ZN8std_msgs19MultiArrayDimension11deserializeEPh
                0x08003e0e      0x12a ./Core/Src/mainpp.o
                0x08003e0e                std_msgs::MultiArrayDimension::deserialize(unsigned char*)
 .text._ZN8std_msgs19MultiArrayDimension7getTypeEv
                0x08003f38       0x1c ./Core/Src/mainpp.o
                0x08003f38                std_msgs::MultiArrayDimension::getType()
 .text._ZN8std_msgs19MultiArrayDimension6getMD5Ev
                0x08003f54       0x1c ./Core/Src/mainpp.o
                0x08003f54                std_msgs::MultiArrayDimension::getMD5()
 .text._ZN8std_msgs16MultiArrayLayoutC2Ev
                0x08003f70       0x40 ./Core/Src/mainpp.o
                0x08003f70                std_msgs::MultiArrayLayout::MultiArrayLayout()
                0x08003f70                std_msgs::MultiArrayLayout::MultiArrayLayout()
 .text._ZNK8std_msgs16MultiArrayLayout9serializeEPh
                0x08003fb0       0xec ./Core/Src/mainpp.o
                0x08003fb0                std_msgs::MultiArrayLayout::serialize(unsigned char*) const
 .text._ZN8std_msgs16MultiArrayLayout11deserializeEPh
                0x0800409c      0x120 ./Core/Src/mainpp.o
                0x0800409c                std_msgs::MultiArrayLayout::deserialize(unsigned char*)
 .text._ZN8std_msgs16MultiArrayLayout7getTypeEv
                0x080041bc       0x1c ./Core/Src/mainpp.o
                0x080041bc                std_msgs::MultiArrayLayout::getType()
 .text._ZN8std_msgs16MultiArrayLayout6getMD5Ev
                0x080041d8       0x1c ./Core/Src/mainpp.o
                0x080041d8                std_msgs::MultiArrayLayout::getMD5()
 .text._ZN8std_msgs15Int16MultiArrayC2Ev
                0x080041f4       0x40 ./Core/Src/mainpp.o
                0x080041f4                std_msgs::Int16MultiArray::Int16MultiArray()
                0x080041f4                std_msgs::Int16MultiArray::Int16MultiArray()
 .text._ZNK8std_msgs15Int16MultiArray9serializeEPh
                0x08004234       0xc4 ./Core/Src/mainpp.o
                0x08004234                std_msgs::Int16MultiArray::serialize(unsigned char*) const
 .text._ZN8std_msgs15Int16MultiArray11deserializeEPh
                0x080042f8      0x102 ./Core/Src/mainpp.o
                0x080042f8                std_msgs::Int16MultiArray::deserialize(unsigned char*)
 *fill*         0x080043fa        0x2 
 .text._ZN8std_msgs15Int16MultiArray7getTypeEv
                0x080043fc       0x1c ./Core/Src/mainpp.o
                0x080043fc                std_msgs::Int16MultiArray::getType()
 .text._ZN8std_msgs15Int16MultiArray6getMD5Ev
                0x08004418       0x1c ./Core/Src/mainpp.o
                0x08004418                std_msgs::Int16MultiArray::getMD5()
 .text._ZN3ros15NodeHandleBase_C2Ev
                0x08004434       0x20 ./Core/Src/mainpp.o
                0x08004434                ros::NodeHandleBase_::NodeHandleBase_()
                0x08004434                ros::NodeHandleBase_::NodeHandleBase_()
 .text._ZN3ros11NodeHandle_I13STM32HardwareLi25ELi25ELi512ELi512EEC2Ev
                0x08004454       0xe4 ./Core/Src/mainpp.o
                0x08004454                ros::NodeHandle_<STM32Hardware, 25, 25, 512, 512>::NodeHandle_()
                0x08004454                ros::NodeHandle_<STM32Hardware, 25, 25, 512, 512>::NodeHandle_()
 .text.setup    0x08004538       0x2c ./Core/Src/mainpp.o
                0x08004538                setup
 .text.loop     0x08004564       0x44 ./Core/Src/mainpp.o
                0x08004564                loop
 .text._ZN3ros3Msg8varToArrIPhmEEvT_T0_
                0x080045a8       0x3e ./Core/Src/mainpp.o
                0x080045a8                void ros::Msg::varToArr<unsigned char*, unsigned long>(unsigned char*, unsigned long)
 .text._ZN3ros3Msg8arrToVarImPhEEvRT_T0_
                0x080045e6       0x4c ./Core/Src/mainpp.o
                0x080045e6                void ros::Msg::arrToVar<unsigned long, unsigned char*>(unsigned long&, unsigned char*)
 .text._ZN3ros11NodeHandle_I13STM32HardwareLi25ELi25ELi512ELi512EE8initNodeEv
                0x08004632       0x3a ./Core/Src/mainpp.o
                0x08004632                ros::NodeHandle_<STM32Hardware, 25, 25, 512, 512>::initNode()
 .text._ZN3ros11NodeHandle_I13STM32HardwareLi25ELi25ELi512ELi512EE9advertiseERNS_9PublisherE
                0x0800466c       0x5c ./Core/Src/mainpp.o
                0x0800466c                ros::NodeHandle_<STM32Hardware, 25, 25, 512, 512>::advertise(ros::Publisher&)
 .text._ZN3ros11NodeHandle_I13STM32HardwareLi25ELi25ELi512ELi512EE8spinOnceEv
                0x080046c8      0x3a6 ./Core/Src/mainpp.o
                0x080046c8                ros::NodeHandle_<STM32Hardware, 25, 25, 512, 512>::spinOnce()
 .text._ZN3ros11NodeHandle_I13STM32HardwareLi25ELi25ELi512ELi512EE15requestSyncTimeEv
                0x08004a6e       0x3a ./Core/Src/mainpp.o
                0x08004a6e                ros::NodeHandle_<STM32Hardware, 25, 25, 512, 512>::requestSyncTime()
 .text._ZN3ros11NodeHandle_I13STM32HardwareLi25ELi25ELi512ELi512EE15negotiateTopicsEv
                0x08004aa8      0x1c0 ./Core/Src/mainpp.o
                0x08004aa8                ros::NodeHandle_<STM32Hardware, 25, 25, 512, 512>::negotiateTopics()
 .text._ZN3ros11NodeHandle_I13STM32HardwareLi25ELi25ELi512ELi512EE8syncTimeEPh
                0x08004c68       0x94 ./Core/Src/mainpp.o
                0x08004c68                ros::NodeHandle_<STM32Hardware, 25, 25, 512, 512>::syncTime(unsigned char*)
 .text._ZN3ros11NodeHandle_I13STM32HardwareLi25ELi25ELi512ELi512EE7publishEiPKNS_3MsgE
                0x08004cfc      0x128 ./Core/Src/mainpp.o
                0x08004cfc                ros::NodeHandle_<STM32Hardware, 25, 25, 512, 512>::publish(int, ros::Msg const*)
 .text._ZN3ros11NodeHandle_I13STM32HardwareLi25ELi25ELi512ELi512EE6setNowERKNS_4TimeE
                0x08004e24       0x7c ./Core/Src/mainpp.o
                0x08004e24                ros::NodeHandle_<STM32Hardware, 25, 25, 512, 512>::setNow(ros::Time const&)
 .text._ZN3ros11NodeHandle_I13STM32HardwareLi25ELi25ELi512ELi512EE8logerrorEPKc
                0x08004ea0       0x1c ./Core/Src/mainpp.o
                0x08004ea0                ros::NodeHandle_<STM32Hardware, 25, 25, 512, 512>::logerror(char const*)
 .text._ZN3ros11NodeHandle_I13STM32HardwareLi25ELi25ELi512ELi512EE3logEcPKc
                0x08004ebc       0x38 ./Core/Src/mainpp.o
                0x08004ebc                ros::NodeHandle_<STM32Hardware, 25, 25, 512, 512>::log(char, char const*)
 .text._Z41__static_initialization_and_destruction_0ii
                0x08004ef4       0x78 ./Core/Src/mainpp.o
 .text._ZN3ros11NodeHandle_I13STM32HardwareLi25ELi25ELi512ELi512EE9connectedEv
                0x08004f6c       0x1a ./Core/Src/mainpp.o
                0x08004f6c                ros::NodeHandle_<STM32Hardware, 25, 25, 512, 512>::connected()
 .text._GLOBAL__sub_I_serial
                0x08004f86       0x10 ./Core/Src/mainpp.o
 *fill*         0x08004f96        0x2 
 .text.HAL_MspInit
                0x08004f98       0x50 ./Core/Src/stm32f4xx_hal_msp.o
                0x08004f98                HAL_MspInit
 .text.HAL_I2C_MspInit
                0x08004fe8      0x140 ./Core/Src/stm32f4xx_hal_msp.o
                0x08004fe8                HAL_I2C_MspInit
 .text.HAL_TIM_Encoder_MspInit
                0x08005128      0x1dc ./Core/Src/stm32f4xx_hal_msp.o
                0x08005128                HAL_TIM_Encoder_MspInit
 .text.HAL_TIM_Base_MspInit
                0x08005304       0x8c ./Core/Src/stm32f4xx_hal_msp.o
                0x08005304                HAL_TIM_Base_MspInit
 .text.HAL_UART_MspInit
                0x08005390      0x170 ./Core/Src/stm32f4xx_hal_msp.o
                0x08005390                HAL_UART_MspInit
 .text.NMI_Handler
                0x08005500        0x8 ./Core/Src/stm32f4xx_it.o
                0x08005500                NMI_Handler
 .text.HardFault_Handler
                0x08005508        0x8 ./Core/Src/stm32f4xx_it.o
                0x08005508                HardFault_Handler
 .text.MemManage_Handler
                0x08005510        0x8 ./Core/Src/stm32f4xx_it.o
                0x08005510                MemManage_Handler
 .text.BusFault_Handler
                0x08005518        0x8 ./Core/Src/stm32f4xx_it.o
                0x08005518                BusFault_Handler
 .text.UsageFault_Handler
                0x08005520        0x8 ./Core/Src/stm32f4xx_it.o
                0x08005520                UsageFault_Handler
 .text.SVC_Handler
                0x08005528        0xe ./Core/Src/stm32f4xx_it.o
                0x08005528                SVC_Handler
 .text.DebugMon_Handler
                0x08005536        0xe ./Core/Src/stm32f4xx_it.o
                0x08005536                DebugMon_Handler
 .text.PendSV_Handler
                0x08005544        0xe ./Core/Src/stm32f4xx_it.o
                0x08005544                PendSV_Handler
 .text.SysTick_Handler
                0x08005552        0xc ./Core/Src/stm32f4xx_it.o
                0x08005552                SysTick_Handler
 *fill*         0x0800555e        0x2 
 .text.DMA1_Stream5_IRQHandler
                0x08005560       0x14 ./Core/Src/stm32f4xx_it.o
                0x08005560                DMA1_Stream5_IRQHandler
 .text.DMA1_Stream6_IRQHandler
                0x08005574       0x14 ./Core/Src/stm32f4xx_it.o
                0x08005574                DMA1_Stream6_IRQHandler
 .text.USART2_IRQHandler
                0x08005588       0x14 ./Core/Src/stm32f4xx_it.o
                0x08005588                USART2_IRQHandler
 .text.TIM8_BRK_TIM12_IRQHandler
                0x0800559c       0x1c ./Core/Src/stm32f4xx_it.o
                0x0800559c                TIM8_BRK_TIM12_IRQHandler
 .text.TIM5_IRQHandler
                0x080055b8       0x14 ./Core/Src/stm32f4xx_it.o
                0x080055b8                TIM5_IRQHandler
 .text._read    0x080055cc       0x3a ./Core/Src/syscalls.o
                0x080055cc                _read
 .text._write   0x08005606       0x38 ./Core/Src/syscalls.o
                0x08005606                _write
 .text._close   0x0800563e       0x18 ./Core/Src/syscalls.o
                0x0800563e                _close
 .text._fstat   0x08005656       0x20 ./Core/Src/syscalls.o
                0x08005656                _fstat
 .text._isatty  0x08005676       0x16 ./Core/Src/syscalls.o
                0x08005676                _isatty
 .text._lseek   0x0800568c       0x1a ./Core/Src/syscalls.o
                0x0800568c                _lseek
 *fill*         0x080056a6        0x2 
 .text._sbrk    0x080056a8       0x6c ./Core/Src/sysmem.o
                0x080056a8                _sbrk
 .text.SystemInit
                0x08005714       0x24 ./Core/Src/system_stm32f4xx.o
                0x08005714                SystemInit
 .text._ZN3ros16normalizeSecNSecERmS0_
                0x08005738       0x58 ./Core/Src/time.o
                0x08005738                ros::normalizeSecNSec(unsigned long&, unsigned long&)
 .text.Reset_Handler
                0x08005790       0x50 ./Core/Startup/startup_stm32f446retx.o
                0x08005790                Reset_Handler
 .text.Default_Handler
                0x080057e0        0x2 ./Core/Startup/startup_stm32f446retx.o
                0x080057e0                RTC_Alarm_IRQHandler
                0x080057e0                EXTI2_IRQHandler
                0x080057e0                TIM8_CC_IRQHandler
                0x080057e0                FMPI2C1_EV_IRQHandler
                0x080057e0                SPI4_IRQHandler
                0x080057e0                TIM1_CC_IRQHandler
                0x080057e0                DMA2_Stream5_IRQHandler
                0x080057e0                PVD_IRQHandler
                0x080057e0                SDIO_IRQHandler
                0x080057e0                TAMP_STAMP_IRQHandler
                0x080057e0                CAN2_RX1_IRQHandler
                0x080057e0                EXTI3_IRQHandler
                0x080057e0                TIM8_TRG_COM_TIM14_IRQHandler
                0x080057e0                TIM1_UP_TIM10_IRQHandler
                0x080057e0                TIM8_UP_TIM13_IRQHandler
                0x080057e0                I2C3_ER_IRQHandler
                0x080057e0                EXTI0_IRQHandler
                0x080057e0                I2C2_EV_IRQHandler
                0x080057e0                DMA1_Stream2_IRQHandler
                0x080057e0                CAN1_RX0_IRQHandler
                0x080057e0                FPU_IRQHandler
                0x080057e0                OTG_HS_WKUP_IRQHandler
                0x080057e0                CAN2_SCE_IRQHandler
                0x080057e0                DMA2_Stream2_IRQHandler
                0x080057e0                SPI1_IRQHandler
                0x080057e0                TIM6_DAC_IRQHandler
                0x080057e0                TIM1_BRK_TIM9_IRQHandler
                0x080057e0                DCMI_IRQHandler
                0x080057e0                CAN2_RX0_IRQHandler
                0x080057e0                DMA2_Stream3_IRQHandler
                0x080057e0                SAI2_IRQHandler
                0x080057e0                USART6_IRQHandler
                0x080057e0                USART3_IRQHandler
                0x080057e0                CAN1_RX1_IRQHandler
                0x080057e0                UART5_IRQHandler
                0x080057e0                DMA2_Stream0_IRQHandler
                0x080057e0                TIM4_IRQHandler
                0x080057e0                QUADSPI_IRQHandler
                0x080057e0                I2C1_EV_IRQHandler
                0x080057e0                DMA1_Stream1_IRQHandler
                0x080057e0                UART4_IRQHandler
                0x080057e0                TIM3_IRQHandler
                0x080057e0                RCC_IRQHandler
                0x080057e0                Default_Handler
                0x080057e0                CEC_IRQHandler
                0x080057e0                EXTI15_10_IRQHandler
                0x080057e0                ADC_IRQHandler
                0x080057e0                DMA1_Stream7_IRQHandler
                0x080057e0                TIM7_IRQHandler
                0x080057e0                CAN2_TX_IRQHandler
                0x080057e0                DMA2_Stream7_IRQHandler
                0x080057e0                I2C3_EV_IRQHandler
                0x080057e0                EXTI9_5_IRQHandler
                0x080057e0                RTC_WKUP_IRQHandler
                0x080057e0                SPDIF_RX_IRQHandler
                0x080057e0                SPI2_IRQHandler
                0x080057e0                OTG_HS_EP1_IN_IRQHandler
                0x080057e0                DMA1_Stream0_IRQHandler
                0x080057e0                CAN1_TX_IRQHandler
                0x080057e0                FMPI2C1_ER_IRQHandler
                0x080057e0                EXTI4_IRQHandler
                0x080057e0                OTG_HS_EP1_OUT_IRQHandler
                0x080057e0                WWDG_IRQHandler
                0x080057e0                TIM2_IRQHandler
                0x080057e0                OTG_FS_WKUP_IRQHandler
                0x080057e0                TIM1_TRG_COM_TIM11_IRQHandler
                0x080057e0                OTG_HS_IRQHandler
                0x080057e0                EXTI1_IRQHandler
                0x080057e0                I2C2_ER_IRQHandler
                0x080057e0                DMA2_Stream1_IRQHandler
                0x080057e0                CAN1_SCE_IRQHandler
                0x080057e0                FLASH_IRQHandler
                0x080057e0                DMA2_Stream4_IRQHandler
                0x080057e0                USART1_IRQHandler
                0x080057e0                OTG_FS_IRQHandler
                0x080057e0                SPI3_IRQHandler
                0x080057e0                DMA1_Stream4_IRQHandler
                0x080057e0                I2C1_ER_IRQHandler
                0x080057e0                FMC_IRQHandler
                0x080057e0                DMA2_Stream6_IRQHandler
                0x080057e0                SAI1_IRQHandler
                0x080057e0                DMA1_Stream3_IRQHandler
 *fill*         0x080057e2        0x2 
 .text.HAL_Init
                0x080057e4       0x44 ./Drivers/STM32F4xx_HAL_Driver/Src/stm32f4xx_hal.o
                0x080057e4                HAL_Init
 .text.HAL_InitTick
                0x08005828       0x60 ./Drivers/STM32F4xx_HAL_Driver/Src/stm32f4xx_hal.o
                0x08005828                HAL_InitTick
 .text.HAL_IncTick
                0x08005888       0x28 ./Drivers/STM32F4xx_HAL_Driver/Src/stm32f4xx_hal.o
                0x08005888                HAL_IncTick
 .text.HAL_GetTick
                0x080058b0       0x18 ./Drivers/STM32F4xx_HAL_Driver/Src/stm32f4xx_hal.o
                0x080058b0                HAL_GetTick
 .text.HAL_Delay
                0x080058c8       0x48 ./Drivers/STM32F4xx_HAL_Driver/Src/stm32f4xx_hal.o
                0x080058c8                HAL_Delay
 .text.__NVIC_SetPriorityGrouping
                0x08005910       0x48 ./Drivers/STM32F4xx_HAL_Driver/Src/stm32f4xx_hal_cortex.o
 .text.__NVIC_GetPriorityGrouping
                0x08005958       0x1c ./Drivers/STM32F4xx_HAL_Driver/Src/stm32f4xx_hal_cortex.o
 .text.__NVIC_EnableIRQ
                0x08005974       0x3c ./Drivers/STM32F4xx_HAL_Driver/Src/stm32f4xx_hal_cortex.o
 .text.__NVIC_SetPriority
                0x080059b0       0x54 ./Drivers/STM32F4xx_HAL_Driver/Src/stm32f4xx_hal_cortex.o
 .text.NVIC_EncodePriority
                0x08005a04       0x66 ./Drivers/STM32F4xx_HAL_Driver/Src/stm32f4xx_hal_cortex.o
 *fill*         0x08005a6a        0x2 
 .text.SysTick_Config
                0x08005a6c       0x44 ./Drivers/STM32F4xx_HAL_Driver/Src/stm32f4xx_hal_cortex.o
 .text.HAL_NVIC_SetPriorityGrouping
                0x08005ab0       0x16 ./Drivers/STM32F4xx_HAL_Driver/Src/stm32f4xx_hal_cortex.o
                0x08005ab0                HAL_NVIC_SetPriorityGrouping
 .text.HAL_NVIC_SetPriority
                0x08005ac6       0x38 ./Drivers/STM32F4xx_HAL_Driver/Src/stm32f4xx_hal_cortex.o
                0x08005ac6                HAL_NVIC_SetPriority
 .text.HAL_NVIC_EnableIRQ
                0x08005afe       0x1c ./Drivers/STM32F4xx_HAL_Driver/Src/stm32f4xx_hal_cortex.o
                0x08005afe                HAL_NVIC_EnableIRQ
 .text.HAL_SYSTICK_Config
                0x08005b1a       0x18 ./Drivers/STM32F4xx_HAL_Driver/Src/stm32f4xx_hal_cortex.o
                0x08005b1a                HAL_SYSTICK_Config
 *fill*         0x08005b32        0x2 
 .text.HAL_DMA_Init
                0x08005b34      0x15c ./Drivers/STM32F4xx_HAL_Driver/Src/stm32f4xx_hal_dma.o
                0x08005b34                HAL_DMA_Init
 .text.HAL_DMA_Start_IT
                0x08005c90       0xb0 ./Drivers/STM32F4xx_HAL_Driver/Src/stm32f4xx_hal_dma.o
                0x08005c90                HAL_DMA_Start_IT
 .text.HAL_DMA_Abort
                0x08005d40       0xe0 ./Drivers/STM32F4xx_HAL_Driver/Src/stm32f4xx_hal_dma.o
                0x08005d40                HAL_DMA_Abort
 .text.HAL_DMA_Abort_IT
                0x08005e20       0x44 ./Drivers/STM32F4xx_HAL_Driver/Src/stm32f4xx_hal_dma.o
                0x08005e20                HAL_DMA_Abort_IT
 .text.HAL_DMA_IRQHandler
                0x08005e64      0x314 ./Drivers/STM32F4xx_HAL_Driver/Src/stm32f4xx_hal_dma.o
                0x08005e64                HAL_DMA_IRQHandler
 .text.DMA_SetConfig
                0x08006178       0x5c ./Drivers/STM32F4xx_HAL_Driver/Src/stm32f4xx_hal_dma.o
 .text.DMA_CalcBaseAndBitshift
                0x080061d4       0x6c ./Drivers/STM32F4xx_HAL_Driver/Src/stm32f4xx_hal_dma.o
 .text.DMA_CheckFifoParam
                0x08006240       0xf8 ./Drivers/STM32F4xx_HAL_Driver/Src/stm32f4xx_hal_dma.o
 .text.HAL_GPIO_Init
                0x08006338      0x328 ./Drivers/STM32F4xx_HAL_Driver/Src/stm32f4xx_hal_gpio.o
                0x08006338                HAL_GPIO_Init
 .text.HAL_GPIO_WritePin
                0x08006660       0x32 ./Drivers/STM32F4xx_HAL_Driver/Src/stm32f4xx_hal_gpio.o
                0x08006660                HAL_GPIO_WritePin
 *fill*         0x08006692        0x2 
 .text.HAL_I2C_Init
                0x08006694      0x288 ./Drivers/STM32F4xx_HAL_Driver/Src/stm32f4xx_hal_i2c.o
                0x08006694                HAL_I2C_Init
 .text.HAL_I2C_Mem_Write
                0x0800691c      0x1f4 ./Drivers/STM32F4xx_HAL_Driver/Src/stm32f4xx_hal_i2c.o
                0x0800691c                HAL_I2C_Mem_Write
 .text.HAL_I2C_Mem_Read
                0x08006b10      0x464 ./Drivers/STM32F4xx_HAL_Driver/Src/stm32f4xx_hal_i2c.o
                0x08006b10                HAL_I2C_Mem_Read
 .text.I2C_RequestMemoryWrite
                0x08006f74      0x12c ./Drivers/STM32F4xx_HAL_Driver/Src/stm32f4xx_hal_i2c.o
 .text.I2C_RequestMemoryRead
                0x080070a0      0x1d0 ./Drivers/STM32F4xx_HAL_Driver/Src/stm32f4xx_hal_i2c.o
 .text.I2C_WaitOnFlagUntilTimeout
                0x08007270       0xf4 ./Drivers/STM32F4xx_HAL_Driver/Src/stm32f4xx_hal_i2c.o
 .text.I2C_WaitOnMasterAddressFlagUntilTimeout
                0x08007364      0x140 ./Drivers/STM32F4xx_HAL_Driver/Src/stm32f4xx_hal_i2c.o
 .text.I2C_WaitOnTXEFlagUntilTimeout
                0x080074a4       0x90 ./Drivers/STM32F4xx_HAL_Driver/Src/stm32f4xx_hal_i2c.o
 .text.I2C_WaitOnBTFFlagUntilTimeout
                0x08007534       0x90 ./Drivers/STM32F4xx_HAL_Driver/Src/stm32f4xx_hal_i2c.o
 .text.I2C_WaitOnRXNEFlagUntilTimeout
                0x080075c4       0xba ./Drivers/STM32F4xx_HAL_Driver/Src/stm32f4xx_hal_i2c.o
 .text.I2C_IsAcknowledgeFailed
                0x0800767e       0x5e ./Drivers/STM32F4xx_HAL_Driver/Src/stm32f4xx_hal_i2c.o
 .text.HAL_PWREx_EnableOverDrive
                0x080076dc       0xa0 ./Drivers/STM32F4xx_HAL_Driver/Src/stm32f4xx_hal_pwr_ex.o
                0x080076dc                HAL_PWREx_EnableOverDrive
 .text.HAL_RCC_ClockConfig
                0x0800777c      0x1cc ./Drivers/STM32F4xx_HAL_Driver/Src/stm32f4xx_hal_rcc.o
                0x0800777c                HAL_RCC_ClockConfig
 .text.HAL_RCC_GetHCLKFreq
                0x08007948       0x18 ./Drivers/STM32F4xx_HAL_Driver/Src/stm32f4xx_hal_rcc.o
                0x08007948                HAL_RCC_GetHCLKFreq
 .text.HAL_RCC_GetPCLK1Freq
                0x08007960       0x28 ./Drivers/STM32F4xx_HAL_Driver/Src/stm32f4xx_hal_rcc.o
                0x08007960                HAL_RCC_GetPCLK1Freq
 .text.HAL_RCC_GetPCLK2Freq
                0x08007988       0x28 ./Drivers/STM32F4xx_HAL_Driver/Src/stm32f4xx_hal_rcc.o
                0x08007988                HAL_RCC_GetPCLK2Freq
 .text.HAL_RCC_GetSysClockFreq
                0x080079b0      0x460 ./Drivers/STM32F4xx_HAL_Driver/Src/stm32f4xx_hal_rcc_ex.o
                0x080079b0                HAL_RCC_GetSysClockFreq
 .text.HAL_RCC_OscConfig
                0x08007e10      0x53c ./Drivers/STM32F4xx_HAL_Driver/Src/stm32f4xx_hal_rcc_ex.o
                0x08007e10                HAL_RCC_OscConfig
 .text.HAL_TIM_Base_Init
                0x0800834c       0x9e ./Drivers/STM32F4xx_HAL_Driver/Src/stm32f4xx_hal_tim.o
                0x0800834c                HAL_TIM_Base_Init
 *fill*         0x080083ea        0x2 
 .text.HAL_TIM_Base_Start_IT
                0x080083ec       0xe0 ./Drivers/STM32F4xx_HAL_Driver/Src/stm32f4xx_hal_tim.o
                0x080083ec                HAL_TIM_Base_Start_IT
 .text.HAL_TIM_Encoder_Init
                0x080084cc      0x14c ./Drivers/STM32F4xx_HAL_Driver/Src/stm32f4xx_hal_tim.o
                0x080084cc                HAL_TIM_Encoder_Init
 .text.HAL_TIM_Encoder_Start
                0x08008618      0x11c ./Drivers/STM32F4xx_HAL_Driver/Src/stm32f4xx_hal_tim.o
                0x08008618                HAL_TIM_Encoder_Start
 .text.HAL_TIM_IRQHandler
                0x08008734      0x1e0 ./Drivers/STM32F4xx_HAL_Driver/Src/stm32f4xx_hal_tim.o
                0x08008734                HAL_TIM_IRQHandler
 .text.HAL_TIM_ConfigClockSource
                0x08008914      0x18e ./Drivers/STM32F4xx_HAL_Driver/Src/stm32f4xx_hal_tim.o
                0x08008914                HAL_TIM_ConfigClockSource
 .text.HAL_TIM_OC_DelayElapsedCallback
                0x08008aa2       0x14 ./Drivers/STM32F4xx_HAL_Driver/Src/stm32f4xx_hal_tim.o
                0x08008aa2                HAL_TIM_OC_DelayElapsedCallback
 .text.HAL_TIM_IC_CaptureCallback
                0x08008ab6       0x14 ./Drivers/STM32F4xx_HAL_Driver/Src/stm32f4xx_hal_tim.o
                0x08008ab6                HAL_TIM_IC_CaptureCallback
 .text.HAL_TIM_PWM_PulseFinishedCallback
                0x08008aca       0x14 ./Drivers/STM32F4xx_HAL_Driver/Src/stm32f4xx_hal_tim.o
                0x08008aca                HAL_TIM_PWM_PulseFinishedCallback
 .text.HAL_TIM_TriggerCallback
                0x08008ade       0x14 ./Drivers/STM32F4xx_HAL_Driver/Src/stm32f4xx_hal_tim.o
                0x08008ade                HAL_TIM_TriggerCallback
 *fill*         0x08008af2        0x2 
 .text.TIM_Base_SetConfig
                0x08008af4      0x158 ./Drivers/STM32F4xx_HAL_Driver/Src/stm32f4xx_hal_tim.o
                0x08008af4                TIM_Base_SetConfig
 .text.TIM_TI1_ConfigInputStage
                0x08008c4c       0x5e ./Drivers/STM32F4xx_HAL_Driver/Src/stm32f4xx_hal_tim.o
 .text.TIM_TI2_ConfigInputStage
                0x08008caa       0x60 ./Drivers/STM32F4xx_HAL_Driver/Src/stm32f4xx_hal_tim.o
 .text.TIM_ITRx_SetConfig
                0x08008d0a       0x36 ./Drivers/STM32F4xx_HAL_Driver/Src/stm32f4xx_hal_tim.o
 .text.TIM_ETR_SetConfig
                0x08008d40       0x40 ./Drivers/STM32F4xx_HAL_Driver/Src/stm32f4xx_hal_tim.o
                0x08008d40                TIM_ETR_SetConfig
 .text.TIM_CCxChannelCmd
                0x08008d80       0x4a ./Drivers/STM32F4xx_HAL_Driver/Src/stm32f4xx_hal_tim.o
                0x08008d80                TIM_CCxChannelCmd
 *fill*         0x08008dca        0x2 
 .text.HAL_TIMEx_MasterConfigSynchronization
                0x08008dcc       0xf8 ./Drivers/STM32F4xx_HAL_Driver/Src/stm32f4xx_hal_tim_ex.o
                0x08008dcc                HAL_TIMEx_MasterConfigSynchronization
 .text.HAL_TIMEx_CommutCallback
                0x08008ec4       0x14 ./Drivers/STM32F4xx_HAL_Driver/Src/stm32f4xx_hal_tim_ex.o
                0x08008ec4                HAL_TIMEx_CommutCallback
 .text.HAL_TIMEx_BreakCallback
                0x08008ed8       0x14 ./Drivers/STM32F4xx_HAL_Driver/Src/stm32f4xx_hal_tim_ex.o
                0x08008ed8                HAL_TIMEx_BreakCallback
 .text.HAL_UART_Init
                0x08008eec       0xa0 ./Drivers/STM32F4xx_HAL_Driver/Src/stm32f4xx_hal_uart.o
                0x08008eec                HAL_UART_Init
 .text.HAL_UART_Transmit_DMA
                0x08008f8c       0xe0 ./Drivers/STM32F4xx_HAL_Driver/Src/stm32f4xx_hal_uart.o
                0x08008f8c                HAL_UART_Transmit_DMA
 .text.HAL_UART_Receive_DMA
                0x0800906c       0x4a ./Drivers/STM32F4xx_HAL_Driver/Src/stm32f4xx_hal_uart.o
                0x0800906c                HAL_UART_Receive_DMA
 *fill*         0x080090b6        0x2 
 .text.HAL_UART_IRQHandler
                0x080090b8      0x524 ./Drivers/STM32F4xx_HAL_Driver/Src/stm32f4xx_hal_uart.o
                0x080090b8                HAL_UART_IRQHandler
 .text.HAL_UART_TxHalfCpltCallback
                0x080095dc       0x14 ./Drivers/STM32F4xx_HAL_Driver/Src/stm32f4xx_hal_uart.o
                0x080095dc                HAL_UART_TxHalfCpltCallback
 .text.HAL_UART_RxHalfCpltCallback
                0x080095f0       0x14 ./Drivers/STM32F4xx_HAL_Driver/Src/stm32f4xx_hal_uart.o
                0x080095f0                HAL_UART_RxHalfCpltCallback
 .text.HAL_UART_ErrorCallback
                0x08009604       0x14 ./Drivers/STM32F4xx_HAL_Driver/Src/stm32f4xx_hal_uart.o
                0x08009604                HAL_UART_ErrorCallback
 .text.HAL_UARTEx_RxEventCallback
                0x08009618       0x18 ./Drivers/STM32F4xx_HAL_Driver/Src/stm32f4xx_hal_uart.o
                0x08009618                HAL_UARTEx_RxEventCallback
 .text.UART_DMATransmitCplt
                0x08009630       0x9a ./Drivers/STM32F4xx_HAL_Driver/Src/stm32f4xx_hal_uart.o
 .text.UART_DMATxHalfCplt
                0x080096ca       0x1c ./Drivers/STM32F4xx_HAL_Driver/Src/stm32f4xx_hal_uart.o
 .text.UART_DMAReceiveCplt
                0x080096e6      0x12c ./Drivers/STM32F4xx_HAL_Driver/Src/stm32f4xx_hal_uart.o
 .text.UART_DMARxHalfCplt
                0x08009812       0x3c ./Drivers/STM32F4xx_HAL_Driver/Src/stm32f4xx_hal_uart.o
 .text.UART_DMAError
                0x0800984e       0x94 ./Drivers/STM32F4xx_HAL_Driver/Src/stm32f4xx_hal_uart.o
 *fill*         0x080098e2        0x2 
 .text.UART_Start_Receive_DMA
                0x080098e4      0x134 ./Drivers/STM32F4xx_HAL_Driver/Src/stm32f4xx_hal_uart.o
                0x080098e4                UART_Start_Receive_DMA
 .text.UART_EndTxTransfer
                0x08009a18       0x50 ./Drivers/STM32F4xx_HAL_Driver/Src/stm32f4xx_hal_uart.o
 .text.UART_EndRxTransfer
                0x08009a68       0xc6 ./Drivers/STM32F4xx_HAL_Driver/Src/stm32f4xx_hal_uart.o
 .text.UART_DMAAbortOnError
                0x08009b2e       0x28 ./Drivers/STM32F4xx_HAL_Driver/Src/stm32f4xx_hal_uart.o
 .text.UART_Transmit_IT
                0x08009b56       0xa0 ./Drivers/STM32F4xx_HAL_Driver/Src/stm32f4xx_hal_uart.o
 .text.UART_EndTransmit_IT
                0x08009bf6       0x30 ./Drivers/STM32F4xx_HAL_Driver/Src/stm32f4xx_hal_uart.o
 .text.UART_Receive_IT
                0x08009c26      0x17c ./Drivers/STM32F4xx_HAL_Driver/Src/stm32f4xx_hal_uart.o
 *fill*         0x08009da2        0x2 
 .text.UART_SetConfig
                0x08009da4      0x4e8 ./Drivers/STM32F4xx_HAL_Driver/Src/stm32f4xx_hal_uart.o
 *fill*         0x0800a28c        0x4 
 .text.atan     0x0800a290      0x330 /opt/st/stm32cubeide_1.15.0/plugins/com.st.stm32cube.ide.mcu.externaltools.gnu-tools-for-stm32.12.3.rel1.linux64_1.0.100.202403111256/tools/bin/../lib/gcc/arm-none-eabi/12.3.1/../../../../arm-none-eabi/lib/thumb/v7e-m+fp/hard/libm.a(libm_a-s_atan.o)
                0x0800a290                atan
 .text.cos      0x0800a5c0       0xa8 /opt/st/stm32cubeide_1.15.0/plugins/com.st.stm32cube.ide.mcu.externaltools.gnu-tools-for-stm32.12.3.rel1.linux64_1.0.100.202403111256/tools/bin/../lib/gcc/arm-none-eabi/12.3.1/../../../../arm-none-eabi/lib/thumb/v7e-m+fp/hard/libm.a(libm_a-s_cos.o)
                0x0800a5c0                cos
 .text.fabs     0x0800a668       0x10 /opt/st/stm32cubeide_1.15.0/plugins/com.st.stm32cube.ide.mcu.externaltools.gnu-tools-for-stm32.12.3.rel1.linux64_1.0.100.202403111256/tools/bin/../lib/gcc/arm-none-eabi/12.3.1/../../../../arm-none-eabi/lib/thumb/v7e-m+fp/hard/libm.a(libm_a-s_fabs.o)
                0x0800a668                fabs
 .text.sin      0x0800a678       0xa8 /opt/st/stm32cubeide_1.15.0/plugins/com.st.stm32cube.ide.mcu.externaltools.gnu-tools-for-stm32.12.3.rel1.linux64_1.0.100.202403111256/tools/bin/../lib/gcc/arm-none-eabi/12.3.1/../../../../arm-none-eabi/lib/thumb/v7e-m+fp/hard/libm.a(libm_a-s_sin.o)
                0x0800a678                sin
 .text.__kernel_cos
                0x0800a720      0x18c /opt/st/stm32cubeide_1.15.0/plugins/com.st.stm32cube.ide.mcu.externaltools.gnu-tools-for-stm32.12.3.rel1.linux64_1.0.100.202403111256/tools/bin/../lib/gcc/arm-none-eabi/12.3.1/../../../../arm-none-eabi/lib/thumb/v7e-m+fp/hard/libm.a(libm_a-k_cos.o)
                0x0800a720                __kernel_cos
 *fill*         0x0800a8ac        0x4 
 .text.__kernel_sin
                0x0800a8b0      0x174 /opt/st/stm32cubeide_1.15.0/plugins/com.st.stm32cube.ide.mcu.externaltools.gnu-tools-for-stm32.12.3.rel1.linux64_1.0.100.202403111256/tools/bin/../lib/gcc/arm-none-eabi/12.3.1/../../../../arm-none-eabi/lib/thumb/v7e-m+fp/hard/libm.a(libm_a-k_sin.o)
                0x0800a8b0                __kernel_sin
 *fill*         0x0800aa24        0x4 
 .text.__ieee754_rem_pio2
                0x0800aa28      0x3f8 /opt/st/stm32cubeide_1.15.0/plugins/com.st.stm32cube.ide.mcu.externaltools.gnu-tools-for-stm32.12.3.rel1.linux64_1.0.100.202403111256/tools/bin/../lib/gcc/arm-none-eabi/12.3.1/../../../../arm-none-eabi/lib/thumb/v7e-m+fp/hard/libm.a(libm_a-e_rem_pio2.o)
                0x0800aa28                __ieee754_rem_pio2
 .text.__kernel_rem_pio2
                0x0800ae20      0x6b0 /opt/st/stm32cubeide_1.15.0/plugins/com.st.stm32cube.ide.mcu.externaltools.gnu-tools-for-stm32.12.3.rel1.linux64_1.0.100.202403111256/tools/bin/../lib/gcc/arm-none-eabi/12.3.1/../../../../arm-none-eabi/lib/thumb/v7e-m+fp/hard/libm.a(libm_a-k_rem_pio2.o)
                0x0800ae20                __kernel_rem_pio2
 .text.scalbn   0x0800b4d0       0xfc /opt/st/stm32cubeide_1.15.0/plugins/com.st.stm32cube.ide.mcu.externaltools.gnu-tools-for-stm32.12.3.rel1.linux64_1.0.100.202403111256/tools/bin/../lib/gcc/arm-none-eabi/12.3.1/../../../../arm-none-eabi/lib/thumb/v7e-m+fp/hard/libm.a(libm_a-s_scalbn.o)
                0x0800b4d0                scalbn
 *fill*         0x0800b5cc        0x4 
 .text.floor    0x0800b5d0       0xf8 /opt/st/stm32cubeide_1.15.0/plugins/com.st.stm32cube.ide.mcu.externaltools.gnu-tools-for-stm32.12.3.rel1.linux64_1.0.100.202403111256/tools/bin/../lib/gcc/arm-none-eabi/12.3.1/../../../../arm-none-eabi/lib/thumb/v7e-m+fp/hard/libm.a(libm_a-s_floor.o)
                0x0800b5d0                floor
 .text.realloc  0x0800b6c8       0x10 /opt/st/stm32cubeide_1.15.0/plugins/com.st.stm32cube.ide.mcu.externaltools.gnu-tools-for-stm32.12.3.rel1.linux64_1.0.100.202403111256/tools/bin/../lib/gcc/arm-none-eabi/12.3.1/../../../../arm-none-eabi/lib/thumb/v7e-m+fp/hard/libc_nano.a(libc_a-realloc.o)
                0x0800b6c8                realloc
 .text._realloc_r
                0x0800b6d8       0x5c /opt/st/stm32cubeide_1.15.0/plugins/com.st.stm32cube.ide.mcu.externaltools.gnu-tools-for-stm32.12.3.rel1.linux64_1.0.100.202403111256/tools/bin/../lib/gcc/arm-none-eabi/12.3.1/../../../../arm-none-eabi/lib/thumb/v7e-m+fp/hard/libc_nano.a(libc_a-reallocr.o)
                0x0800b6d8                _realloc_r
 .text.std      0x0800b734       0x6c /opt/st/stm32cubeide_1.15.0/plugins/com.st.stm32cube.ide.mcu.externaltools.gnu-tools-for-stm32.12.3.rel1.linux64_1.0.100.202403111256/tools/bin/../lib/gcc/arm-none-eabi/12.3.1/../../../../arm-none-eabi/lib/thumb/v7e-m+fp/hard/libc_nano.a(libc_a-findfp.o)
 .text.stdio_exit_handler
                0x0800b7a0       0x18 /opt/st/stm32cubeide_1.15.0/plugins/com.st.stm32cube.ide.mcu.externaltools.gnu-tools-for-stm32.12.3.rel1.linux64_1.0.100.202403111256/tools/bin/../lib/gcc/arm-none-eabi/12.3.1/../../../../arm-none-eabi/lib/thumb/v7e-m+fp/hard/libc_nano.a(libc_a-findfp.o)
 .text.cleanup_stdio
                0x0800b7b8       0x40 /opt/st/stm32cubeide_1.15.0/plugins/com.st.stm32cube.ide.mcu.externaltools.gnu-tools-for-stm32.12.3.rel1.linux64_1.0.100.202403111256/tools/bin/../lib/gcc/arm-none-eabi/12.3.1/../../../../arm-none-eabi/lib/thumb/v7e-m+fp/hard/libc_nano.a(libc_a-findfp.o)
 .text.global_stdio_init.part.0
                0x0800b7f8       0x3c /opt/st/stm32cubeide_1.15.0/plugins/com.st.stm32cube.ide.mcu.externaltools.gnu-tools-for-stm32.12.3.rel1.linux64_1.0.100.202403111256/tools/bin/../lib/gcc/arm-none-eabi/12.3.1/../../../../arm-none-eabi/lib/thumb/v7e-m+fp/hard/libc_nano.a(libc_a-findfp.o)
 .text.__sfp_lock_acquire
                0x0800b834        0xc /opt/st/stm32cubeide_1.15.0/plugins/com.st.stm32cube.ide.mcu.externaltools.gnu-tools-for-stm32.12.3.rel1.linux64_1.0.100.202403111256/tools/bin/../lib/gcc/arm-none-eabi/12.3.1/../../../../arm-none-eabi/lib/thumb/v7e-m+fp/hard/libc_nano.a(libc_a-findfp.o)
                0x0800b834                __sfp_lock_acquire
 .text.__sfp_lock_release
                0x0800b840        0xc /opt/st/stm32cubeide_1.15.0/plugins/com.st.stm32cube.ide.mcu.externaltools.gnu-tools-for-stm32.12.3.rel1.linux64_1.0.100.202403111256/tools/bin/../lib/gcc/arm-none-eabi/12.3.1/../../../../arm-none-eabi/lib/thumb/v7e-m+fp/hard/libc_nano.a(libc_a-findfp.o)
                0x0800b840                __sfp_lock_release
 .text.__sinit  0x0800b84c       0x30 /opt/st/stm32cubeide_1.15.0/plugins/com.st.stm32cube.ide.mcu.externaltools.gnu-tools-for-stm32.12.3.rel1.linux64_1.0.100.202403111256/tools/bin/../lib/gcc/arm-none-eabi/12.3.1/../../../../arm-none-eabi/lib/thumb/v7e-m+fp/hard/libc_nano.a(libc_a-findfp.o)
                0x0800b84c                __sinit
 .text._fwalk_sglue
                0x0800b87c       0x3c /opt/st/stm32cubeide_1.15.0/plugins/com.st.stm32cube.ide.mcu.externaltools.gnu-tools-for-stm32.12.3.rel1.linux64_1.0.100.202403111256/tools/bin/../lib/gcc/arm-none-eabi/12.3.1/../../../../arm-none-eabi/lib/thumb/v7e-m+fp/hard/libc_nano.a(libc_a-fwalk.o)
                0x0800b87c                _fwalk_sglue
 .text._puts_r  0x0800b8b8       0xaa /opt/st/stm32cubeide_1.15.0/plugins/com.st.stm32cube.ide.mcu.externaltools.gnu-tools-for-stm32.12.3.rel1.linux64_1.0.100.202403111256/tools/bin/../lib/gcc/arm-none-eabi/12.3.1/../../../../arm-none-eabi/lib/thumb/v7e-m+fp/hard/libc_nano.a(libc_a-puts.o)
                0x0800b8b8                _puts_r
 *fill*         0x0800b962        0x2 
 .text.puts     0x0800b964       0x10 /opt/st/stm32cubeide_1.15.0/plugins/com.st.stm32cube.ide.mcu.externaltools.gnu-tools-for-stm32.12.3.rel1.linux64_1.0.100.202403111256/tools/bin/../lib/gcc/arm-none-eabi/12.3.1/../../../../arm-none-eabi/lib/thumb/v7e-m+fp/hard/libc_nano.a(libc_a-puts.o)
                0x0800b964                puts
 .text.__sread  0x0800b974       0x22 /opt/st/stm32cubeide_1.15.0/plugins/com.st.stm32cube.ide.mcu.externaltools.gnu-tools-for-stm32.12.3.rel1.linux64_1.0.100.202403111256/tools/bin/../lib/gcc/arm-none-eabi/12.3.1/../../../../arm-none-eabi/lib/thumb/v7e-m+fp/hard/libc_nano.a(libc_a-stdio.o)
                0x0800b974                __sread
 .text.__swrite
                0x0800b996       0x38 /opt/st/stm32cubeide_1.15.0/plugins/com.st.stm32cube.ide.mcu.externaltools.gnu-tools-for-stm32.12.3.rel1.linux64_1.0.100.202403111256/tools/bin/../lib/gcc/arm-none-eabi/12.3.1/../../../../arm-none-eabi/lib/thumb/v7e-m+fp/hard/libc_nano.a(libc_a-stdio.o)
                0x0800b996                __swrite
 .text.__sseek  0x0800b9ce       0x24 /opt/st/stm32cubeide_1.15.0/plugins/com.st.stm32cube.ide.mcu.externaltools.gnu-tools-for-stm32.12.3.rel1.linux64_1.0.100.202403111256/tools/bin/../lib/gcc/arm-none-eabi/12.3.1/../../../../arm-none-eabi/lib/thumb/v7e-m+fp/hard/libc_nano.a(libc_a-stdio.o)
                0x0800b9ce                __sseek
 .text.__sclose
                0x0800b9f2        0x8 /opt/st/stm32cubeide_1.15.0/plugins/com.st.stm32cube.ide.mcu.externaltools.gnu-tools-for-stm32.12.3.rel1.linux64_1.0.100.202403111256/tools/bin/../lib/gcc/arm-none-eabi/12.3.1/../../../../arm-none-eabi/lib/thumb/v7e-m+fp/hard/libc_nano.a(libc_a-stdio.o)
                0x0800b9f2                __sclose
 .text.__swbuf_r
                0x0800b9fa       0x7c /opt/st/stm32cubeide_1.15.0/plugins/com.st.stm32cube.ide.mcu.externaltools.gnu-tools-for-stm32.12.3.rel1.linux64_1.0.100.202403111256/tools/bin/../lib/gcc/arm-none-eabi/12.3.1/../../../../arm-none-eabi/lib/thumb/v7e-m+fp/hard/libc_nano.a(libc_a-wbuf.o)
                0x0800b9fa                __swbuf_r
 *fill*         0x0800ba76        0x2 
 .text.__swsetup_r
                0x0800ba78       0xac /opt/st/stm32cubeide_1.15.0/plugins/com.st.stm32cube.ide.mcu.externaltools.gnu-tools-for-stm32.12.3.rel1.linux64_1.0.100.202403111256/tools/bin/../lib/gcc/arm-none-eabi/12.3.1/../../../../arm-none-eabi/lib/thumb/v7e-m+fp/hard/libc_nano.a(libc_a-wsetup.o)
                0x0800ba78                __swsetup_r
 .text.memset   0x0800bb24       0x10 /opt/st/stm32cubeide_1.15.0/plugins/com.st.stm32cube.ide.mcu.externaltools.gnu-tools-for-stm32.12.3.rel1.linux64_1.0.100.202403111256/tools/bin/../lib/gcc/arm-none-eabi/12.3.1/../../../../arm-none-eabi/lib/thumb/v7e-m+fp/hard/libc_nano.a(libc_a-memset.o)
                0x0800bb24                memset
 .text._close_r
                0x0800bb34       0x20 /opt/st/stm32cubeide_1.15.0/plugins/com.st.stm32cube.ide.mcu.externaltools.gnu-tools-for-stm32.12.3.rel1.linux64_1.0.100.202403111256/tools/bin/../lib/gcc/arm-none-eabi/12.3.1/../../../../arm-none-eabi/lib/thumb/v7e-m+fp/hard/libc_nano.a(libc_a-closer.o)
                0x0800bb34                _close_r
 .text._lseek_r
                0x0800bb54       0x24 /opt/st/stm32cubeide_1.15.0/plugins/com.st.stm32cube.ide.mcu.externaltools.gnu-tools-for-stm32.12.3.rel1.linux64_1.0.100.202403111256/tools/bin/../lib/gcc/arm-none-eabi/12.3.1/../../../../arm-none-eabi/lib/thumb/v7e-m+fp/hard/libc_nano.a(libc_a-lseekr.o)
                0x0800bb54                _lseek_r
 .text._read_r  0x0800bb78       0x24 /opt/st/stm32cubeide_1.15.0/plugins/com.st.stm32cube.ide.mcu.externaltools.gnu-tools-for-stm32.12.3.rel1.linux64_1.0.100.202403111256/tools/bin/../lib/gcc/arm-none-eabi/12.3.1/../../../../arm-none-eabi/lib/thumb/v7e-m+fp/hard/libc_nano.a(libc_a-readr.o)
                0x0800bb78                _read_r
 .text._write_r
                0x0800bb9c       0x24 /opt/st/stm32cubeide_1.15.0/plugins/com.st.stm32cube.ide.mcu.externaltools.gnu-tools-for-stm32.12.3.rel1.linux64_1.0.100.202403111256/tools/bin/../lib/gcc/arm-none-eabi/12.3.1/../../../../arm-none-eabi/lib/thumb/v7e-m+fp/hard/libc_nano.a(libc_a-writer.o)
                0x0800bb9c                _write_r
 .text.__errno  0x0800bbc0        0xc /opt/st/stm32cubeide_1.15.0/plugins/com.st.stm32cube.ide.mcu.externaltools.gnu-tools-for-stm32.12.3.rel1.linux64_1.0.100.202403111256/tools/bin/../lib/gcc/arm-none-eabi/12.3.1/../../../../arm-none-eabi/lib/thumb/v7e-m+fp/hard/libc_nano.a(libc_a-errno.o)
                0x0800bbc0                __errno
 .text.__libc_init_array
                0x0800bbcc       0x48 /opt/st/stm32cubeide_1.15.0/plugins/com.st.stm32cube.ide.mcu.externaltools.gnu-tools-for-stm32.12.3.rel1.linux64_1.0.100.202403111256/tools/bin/../lib/gcc/arm-none-eabi/12.3.1/../../../../arm-none-eabi/lib/thumb/v7e-m+fp/hard/libc_nano.a(libc_a-init.o)
                0x0800bbcc                __libc_init_array
 .text.__retarget_lock_init_recursive
                0x0800bc14        0x2 /opt/st/stm32cubeide_1.15.0/plugins/com.st.stm32cube.ide.mcu.externaltools.gnu-tools-for-stm32.12.3.rel1.linux64_1.0.100.202403111256/tools/bin/../lib/gcc/arm-none-eabi/12.3.1/../../../../arm-none-eabi/lib/thumb/v7e-m+fp/hard/libc_nano.a(libc_a-lock.o)
                0x0800bc14                __retarget_lock_init_recursive
 .text.__retarget_lock_acquire_recursive
                0x0800bc16        0x2 /opt/st/stm32cubeide_1.15.0/plugins/com.st.stm32cube.ide.mcu.externaltools.gnu-tools-for-stm32.12.3.rel1.linux64_1.0.100.202403111256/tools/bin/../lib/gcc/arm-none-eabi/12.3.1/../../../../arm-none-eabi/lib/thumb/v7e-m+fp/hard/libc_nano.a(libc_a-lock.o)
                0x0800bc16                __retarget_lock_acquire_recursive
 .text.__retarget_lock_release_recursive
                0x0800bc18        0x2 /opt/st/stm32cubeide_1.15.0/plugins/com.st.stm32cube.ide.mcu.externaltools.gnu-tools-for-stm32.12.3.rel1.linux64_1.0.100.202403111256/tools/bin/../lib/gcc/arm-none-eabi/12.3.1/../../../../arm-none-eabi/lib/thumb/v7e-m+fp/hard/libc_nano.a(libc_a-lock.o)
                0x0800bc18                __retarget_lock_release_recursive
 .text.memcpy   0x0800bc1a       0x1c /opt/st/stm32cubeide_1.15.0/plugins/com.st.stm32cube.ide.mcu.externaltools.gnu-tools-for-stm32.12.3.rel1.linux64_1.0.100.202403111256/tools/bin/../lib/gcc/arm-none-eabi/12.3.1/../../../../arm-none-eabi/lib/thumb/v7e-m+fp/hard/libc_nano.a(libc_a-memcpy-stub.o)
                0x0800bc1a                memcpy
 *fill*         0x0800bc36        0x2 
 .text._free_r  0x0800bc38       0x94 /opt/st/stm32cubeide_1.15.0/plugins/com.st.stm32cube.ide.mcu.externaltools.gnu-tools-for-stm32.12.3.rel1.linux64_1.0.100.202403111256/tools/bin/../lib/gcc/arm-none-eabi/12.3.1/../../../../arm-none-eabi/lib/thumb/v7e-m+fp/hard/libc_nano.a(libc_a-freer.o)
                0x0800bc38                _free_r
 .text.sbrk_aligned
                0x0800bccc       0x44 /opt/st/stm32cubeide_1.15.0/plugins/com.st.stm32cube.ide.mcu.externaltools.gnu-tools-for-stm32.12.3.rel1.linux64_1.0.100.202403111256/tools/bin/../lib/gcc/arm-none-eabi/12.3.1/../../../../arm-none-eabi/lib/thumb/v7e-m+fp/hard/libc_nano.a(libc_a-mallocr.o)
 .text._malloc_r
                0x0800bd10      0x100 /opt/st/stm32cubeide_1.15.0/plugins/com.st.stm32cube.ide.mcu.externaltools.gnu-tools-for-stm32.12.3.rel1.linux64_1.0.100.202403111256/tools/bin/../lib/gcc/arm-none-eabi/12.3.1/../../../../arm-none-eabi/lib/thumb/v7e-m+fp/hard/libc_nano.a(libc_a-mallocr.o)
                0x0800bd10                _malloc_r
 .text.__malloc_lock
                0x0800be10        0xc /opt/st/stm32cubeide_1.15.0/plugins/com.st.stm32cube.ide.mcu.externaltools.gnu-tools-for-stm32.12.3.rel1.linux64_1.0.100.202403111256/tools/bin/../lib/gcc/arm-none-eabi/12.3.1/../../../../arm-none-eabi/lib/thumb/v7e-m+fp/hard/libc_nano.a(libc_a-mlock.o)
                0x0800be10                __malloc_lock
 .text.__malloc_unlock
                0x0800be1c        0xc /opt/st/stm32cubeide_1.15.0/plugins/com.st.stm32cube.ide.mcu.externaltools.gnu-tools-for-stm32.12.3.rel1.linux64_1.0.100.202403111256/tools/bin/../lib/gcc/arm-none-eabi/12.3.1/../../../../arm-none-eabi/lib/thumb/v7e-m+fp/hard/libc_nano.a(libc_a-mlock.o)
                0x0800be1c                __malloc_unlock
 .text._malloc_usable_size_r
                0x0800be28       0x10 /opt/st/stm32cubeide_1.15.0/plugins/com.st.stm32cube.ide.mcu.externaltools.gnu-tools-for-stm32.12.3.rel1.linux64_1.0.100.202403111256/tools/bin/../lib/gcc/arm-none-eabi/12.3.1/../../../../arm-none-eabi/lib/thumb/v7e-m+fp/hard/libc_nano.a(libc_a-msizer.o)
                0x0800be28                _malloc_usable_size_r
 .text.__sflush_r
                0x0800be38      0x108 /opt/st/stm32cubeide_1.15.0/plugins/com.st.stm32cube.ide.mcu.externaltools.gnu-tools-for-stm32.12.3.rel1.linux64_1.0.100.202403111256/tools/bin/../lib/gcc/arm-none-eabi/12.3.1/../../../../arm-none-eabi/lib/thumb/v7e-m+fp/hard/libc_nano.a(libc_a-fflush.o)
                0x0800be38                __sflush_r
 .text._fflush_r
                0x0800bf40       0x50 /opt/st/stm32cubeide_1.15.0/plugins/com.st.stm32cube.ide.mcu.externaltools.gnu-tools-for-stm32.12.3.rel1.linux64_1.0.100.202403111256/tools/bin/../lib/gcc/arm-none-eabi/12.3.1/../../../../arm-none-eabi/lib/thumb/v7e-m+fp/hard/libc_nano.a(libc_a-fflush.o)
                0x0800bf40                _fflush_r
 .text.__swhatbuf_r
                0x0800bf90       0x4c /opt/st/stm32cubeide_1.15.0/plugins/com.st.stm32cube.ide.mcu.externaltools.gnu-tools-for-stm32.12.3.rel1.linux64_1.0.100.202403111256/tools/bin/../lib/gcc/arm-none-eabi/12.3.1/../../../../arm-none-eabi/lib/thumb/v7e-m+fp/hard/libc_nano.a(libc_a-makebuf.o)
                0x0800bf90                __swhatbuf_r
 .text.__smakebuf_r
                0x0800bfdc       0x78 /opt/st/stm32cubeide_1.15.0/plugins/com.st.stm32cube.ide.mcu.externaltools.gnu-tools-for-stm32.12.3.rel1.linux64_1.0.100.202403111256/tools/bin/../lib/gcc/arm-none-eabi/12.3.1/../../../../arm-none-eabi/lib/thumb/v7e-m+fp/hard/libc_nano.a(libc_a-makebuf.o)
                0x0800bfdc                __smakebuf_r
 .text._fstat_r
                0x0800c054       0x24 /opt/st/stm32cubeide_1.15.0/plugins/com.st.stm32cube.ide.mcu.externaltools.gnu-tools-for-stm32.12.3.rel1.linux64_1.0.100.202403111256/tools/bin/../lib/gcc/arm-none-eabi/12.3.1/../../../../arm-none-eabi/lib/thumb/v7e-m+fp/hard/libc_nano.a(libc_a-fstatr.o)
                0x0800c054                _fstat_r
 .text._isatty_r
                0x0800c078       0x20 /opt/st/stm32cubeide_1.15.0/plugins/com.st.stm32cube.ide.mcu.externaltools.gnu-tools-for-stm32.12.3.rel1.linux64_1.0.100.202403111256/tools/bin/../lib/gcc/arm-none-eabi/12.3.1/../../../../arm-none-eabi/lib/thumb/v7e-m+fp/hard/libc_nano.a(libc_a-isattyr.o)
                0x0800c078                _isatty_r
 .text._sbrk_r  0x0800c098       0x20 /opt/st/stm32cubeide_1.15.0/plugins/com.st.stm32cube.ide.mcu.externaltools.gnu-tools-for-stm32.12.3.rel1.linux64_1.0.100.202403111256/tools/bin/../lib/gcc/arm-none-eabi/12.3.1/../../../../arm-none-eabi/lib/thumb/v7e-m+fp/hard/libc_nano.a(libc_a-sbrkr.o)
                0x0800c098                _sbrk_r
 *(.glue_7)
 .glue_7        0x0800c0b8        0x0 linker stubs
 *(.glue_7t)
 .glue_7t       0x0800c0b8        0x0 linker stubs
 *(.eh_frame)
 .eh_frame      0x0800c0b8        0x0 /opt/st/stm32cubeide_1.15.0/plugins/com.st.stm32cube.ide.mcu.externaltools.gnu-tools-for-stm32.12.3.rel1.linux64_1.0.100.202403111256/tools/bin/../lib/gcc/arm-none-eabi/12.3.1/thumb/v7e-m+fp/hard/crtbegin.o
 *(.init)
 .init          0x0800c0b8        0x4 /opt/st/stm32cubeide_1.15.0/plugins/com.st.stm32cube.ide.mcu.externaltools.gnu-tools-for-stm32.12.3.rel1.linux64_1.0.100.202403111256/tools/bin/../lib/gcc/arm-none-eabi/12.3.1/thumb/v7e-m+fp/hard/crti.o
                0x0800c0b8                _init
 .init          0x0800c0bc        0x8 /opt/st/stm32cubeide_1.15.0/plugins/com.st.stm32cube.ide.mcu.externaltools.gnu-tools-for-stm32.12.3.rel1.linux64_1.0.100.202403111256/tools/bin/../lib/gcc/arm-none-eabi/12.3.1/thumb/v7e-m+fp/hard/crtn.o
 *(.fini)
 .fini          0x0800c0c4        0x4 /opt/st/stm32cubeide_1.15.0/plugins/com.st.stm32cube.ide.mcu.externaltools.gnu-tools-for-stm32.12.3.rel1.linux64_1.0.100.202403111256/tools/bin/../lib/gcc/arm-none-eabi/12.3.1/thumb/v7e-m+fp/hard/crti.o
                0x0800c0c4                _fini
 .fini          0x0800c0c8        0x8 /opt/st/stm32cubeide_1.15.0/plugins/com.st.stm32cube.ide.mcu.externaltools.gnu-tools-for-stm32.12.3.rel1.linux64_1.0.100.202403111256/tools/bin/../lib/gcc/arm-none-eabi/12.3.1/thumb/v7e-m+fp/hard/crtn.o
                0x0800c0d0                        . = ALIGN (0x4)
                0x0800c0d0                        _etext = .

.vfp11_veneer   0x0800c0d0        0x0
 .vfp11_veneer  0x0800c0d0        0x0 linker stubs

.v4_bx          0x0800c0d0        0x0
 .v4_bx         0x0800c0d0        0x0 linker stubs

.iplt           0x0800c0d0        0x0
 .iplt          0x0800c0d0        0x0 /opt/st/stm32cubeide_1.15.0/plugins/com.st.stm32cube.ide.mcu.externaltools.gnu-tools-for-stm32.12.3.rel1.linux64_1.0.100.202403111256/tools/bin/../lib/gcc/arm-none-eabi/12.3.1/thumb/v7e-m+fp/hard/crtbegin.o

.rodata         0x0800c0d0      0x5b0
                0x0800c0d0                        . = ALIGN (0x4)
 *(.rodata)
 .rodata        0x0800c0d0       0x42 ./Core/Src/main.o
 *fill*         0x0800c112        0x2 
 .rodata        0x0800c114      0x216 ./Core/Src/mainpp.o
 *(.rodata*)
 *fill*         0x0800c32a        0x2 
 .rodata._ZN14rosserial_msgsL12REQUESTPARAME
                0x0800c32c       0x1c ./Core/Src/mainpp.o
 .rodata._ZTVN3ros11NodeHandle_I13STM32HardwareLi25ELi25ELi512ELi512EEE
                0x0800c348       0x14 ./Core/Src/mainpp.o
                0x0800c348                vtable for ros::NodeHandle_<STM32Hardware, 25, 25, 512, 512>
 .rodata._ZTVN8std_msgs15Int16MultiArrayE
                0x0800c35c       0x18 ./Core/Src/mainpp.o
                0x0800c35c                vtable for std_msgs::Int16MultiArray
 .rodata._ZTVN8std_msgs16MultiArrayLayoutE
                0x0800c374       0x18 ./Core/Src/mainpp.o
                0x0800c374                vtable for std_msgs::MultiArrayLayout
 .rodata._ZTVN8std_msgs19MultiArrayDimensionE
                0x0800c38c       0x18 ./Core/Src/mainpp.o
                0x0800c38c                vtable for std_msgs::MultiArrayDimension
 .rodata._ZTVN8std_msgs6StringE
                0x0800c3a4       0x18 ./Core/Src/mainpp.o
                0x0800c3a4                vtable for std_msgs::String
 .rodata._ZTVN3ros15NodeHandleBase_E
                0x0800c3bc       0x14 ./Core/Src/mainpp.o
                0x0800c3bc                vtable for ros::NodeHandleBase_
 .rodata._ZTVN14rosserial_msgs20RequestParamResponseE
                0x0800c3d0       0x18 ./Core/Src/mainpp.o
                0x0800c3d0                vtable for rosserial_msgs::RequestParamResponse
 .rodata._ZTVN14rosserial_msgs3LogE
                0x0800c3e8       0x18 ./Core/Src/mainpp.o
                0x0800c3e8                vtable for rosserial_msgs::Log
 .rodata._ZTVN14rosserial_msgs9TopicInfoE
                0x0800c400       0x18 ./Core/Src/mainpp.o
                0x0800c400                vtable for rosserial_msgs::TopicInfo
 .rodata._ZTVN8std_msgs4TimeE
                0x0800c418       0x18 ./Core/Src/mainpp.o
                0x0800c418                vtable for std_msgs::Time
 .rodata._ZTVN3ros3MsgE
                0x0800c430       0x18 ./Core/Src/mainpp.o
                0x0800c430                vtable for ros::Msg
 .rodata.AHBPrescTable
                0x0800c448       0x10 ./Core/Src/system_stm32f4xx.o
                0x0800c448                AHBPrescTable
 .rodata.APBPrescTable
                0x0800c458        0x8 ./Core/Src/system_stm32f4xx.o
                0x0800c458                APBPrescTable
 .rodata.flagBitshiftOffset.0
                0x0800c460        0x8 ./Drivers/STM32F4xx_HAL_Driver/Src/stm32f4xx_hal_dma.o
 .rodata.atanlo
                0x0800c468       0x20 /opt/st/stm32cubeide_1.15.0/plugins/com.st.stm32cube.ide.mcu.externaltools.gnu-tools-for-stm32.12.3.rel1.linux64_1.0.100.202403111256/tools/bin/../lib/gcc/arm-none-eabi/12.3.1/../../../../arm-none-eabi/lib/thumb/v7e-m+fp/hard/libm.a(libm_a-s_atan.o)
 .rodata.atanhi
                0x0800c488       0x20 /opt/st/stm32cubeide_1.15.0/plugins/com.st.stm32cube.ide.mcu.externaltools.gnu-tools-for-stm32.12.3.rel1.linux64_1.0.100.202403111256/tools/bin/../lib/gcc/arm-none-eabi/12.3.1/../../../../arm-none-eabi/lib/thumb/v7e-m+fp/hard/libm.a(libm_a-s_atan.o)
 .rodata.npio2_hw
                0x0800c4a8       0x80 /opt/st/stm32cubeide_1.15.0/plugins/com.st.stm32cube.ide.mcu.externaltools.gnu-tools-for-stm32.12.3.rel1.linux64_1.0.100.202403111256/tools/bin/../lib/gcc/arm-none-eabi/12.3.1/../../../../arm-none-eabi/lib/thumb/v7e-m+fp/hard/libm.a(libm_a-e_rem_pio2.o)
 .rodata.two_over_pi
                0x0800c528      0x108 /opt/st/stm32cubeide_1.15.0/plugins/com.st.stm32cube.ide.mcu.externaltools.gnu-tools-for-stm32.12.3.rel1.linux64_1.0.100.202403111256/tools/bin/../lib/gcc/arm-none-eabi/12.3.1/../../../../arm-none-eabi/lib/thumb/v7e-m+fp/hard/libm.a(libm_a-e_rem_pio2.o)
 .rodata.PIo2   0x0800c630       0x40 /opt/st/stm32cubeide_1.15.0/plugins/com.st.stm32cube.ide.mcu.externaltools.gnu-tools-for-stm32.12.3.rel1.linux64_1.0.100.202403111256/tools/bin/../lib/gcc/arm-none-eabi/12.3.1/../../../../arm-none-eabi/lib/thumb/v7e-m+fp/hard/libm.a(libm_a-k_rem_pio2.o)
 .rodata.init_jk
                0x0800c670       0x10 /opt/st/stm32cubeide_1.15.0/plugins/com.st.stm32cube.ide.mcu.externaltools.gnu-tools-for-stm32.12.3.rel1.linux64_1.0.100.202403111256/tools/bin/../lib/gcc/arm-none-eabi/12.3.1/../../../../arm-none-eabi/lib/thumb/v7e-m+fp/hard/libm.a(libm_a-k_rem_pio2.o)
                0x0800c680                        . = ALIGN (0x4)

.ARM.extab      0x0800c680        0x0
                0x0800c680                        . = ALIGN (0x4)
 *(.ARM.extab* .gnu.linkonce.armextab.*)
                0x0800c680                        . = ALIGN (0x4)

.ARM            0x0800c680        0x8
                0x0800c680                        . = ALIGN (0x4)
                0x0800c680                        __exidx_start = .
 *(.ARM.exidx*)
 .ARM.exidx     0x0800c680        0x8 /opt/st/stm32cubeide_1.15.0/plugins/com.st.stm32cube.ide.mcu.externaltools.gnu-tools-for-stm32.12.3.rel1.linux64_1.0.100.202403111256/tools/bin/../lib/gcc/arm-none-eabi/12.3.1/../../../../arm-none-eabi/lib/thumb/v7e-m+fp/hard/libc_nano.a(libc_a-strlen.o)
 .ARM.exidx     0x0800c688        0x0 /opt/st/stm32cubeide_1.15.0/plugins/com.st.stm32cube.ide.mcu.externaltools.gnu-tools-for-stm32.12.3.rel1.linux64_1.0.100.202403111256/tools/bin/../lib/gcc/arm-none-eabi/12.3.1/thumb/v7e-m+fp/hard/libgcc.a(_udivmoddi4.o)
                                  0x8 (size before relaxing)
                0x0800c688                        __exidx_end = .
                0x0800c688                        . = ALIGN (0x4)

.preinit_array  0x0800c688        0x0
                0x0800c688                        . = ALIGN (0x4)
                0x0800c688                        PROVIDE (__preinit_array_start = .)
 *(.preinit_array*)
                0x0800c688                        PROVIDE (__preinit_array_end = .)
                0x0800c688                        . = ALIGN (0x4)

.init_array     0x0800c688        0x8
                0x0800c688                        . = ALIGN (0x4)
                0x0800c688                        PROVIDE (__init_array_start = .)
 *(SORT_BY_NAME(.init_array.*))
 *(.init_array*)
 .init_array    0x0800c688        0x4 /opt/st/stm32cubeide_1.15.0/plugins/com.st.stm32cube.ide.mcu.externaltools.gnu-tools-for-stm32.12.3.rel1.linux64_1.0.100.202403111256/tools/bin/../lib/gcc/arm-none-eabi/12.3.1/thumb/v7e-m+fp/hard/crtbegin.o
 .init_array    0x0800c68c        0x4 ./Core/Src/mainpp.o
                0x0800c690                        PROVIDE (__init_array_end = .)
                0x0800c690                        . = ALIGN (0x4)

.fini_array     0x0800c690        0x4
                0x0800c690                        . = ALIGN (0x4)
                [!provide]                        PROVIDE (__fini_array_start = .)
 *(SORT_BY_NAME(.fini_array.*))
 *(.fini_array*)
 .fini_array    0x0800c690        0x4 /opt/st/stm32cubeide_1.15.0/plugins/com.st.stm32cube.ide.mcu.externaltools.gnu-tools-for-stm32.12.3.rel1.linux64_1.0.100.202403111256/tools/bin/../lib/gcc/arm-none-eabi/12.3.1/thumb/v7e-m+fp/hard/crtbegin.o
                [!provide]                        PROVIDE (__fini_array_end = .)
                0x0800c694                        . = ALIGN (0x4)
                0x0800c694                        _sidata = LOADADDR (.data)

.rel.dyn        0x0800c694        0x0
 .rel.iplt      0x0800c694        0x0 /opt/st/stm32cubeide_1.15.0/plugins/com.st.stm32cube.ide.mcu.externaltools.gnu-tools-for-stm32.12.3.rel1.linux64_1.0.100.202403111256/tools/bin/../lib/gcc/arm-none-eabi/12.3.1/thumb/v7e-m+fp/hard/crtbegin.o

.data           0x20000000       0x6c load address 0x0800c694
                0x20000000                        . = ALIGN (0x4)
                0x20000000                        _sdata = .
 *(.data)
 *(.data*)
 .data.IIC_Addr_t
                0x20000000        0x2 ./Core/Src/DEV_Config.o
                0x20000000                IIC_Addr_t
 .data.Gain_t   0x20000002        0x1 ./Core/Src/TCS34725.o
                0x20000002                Gain_t
 *fill*         0x20000003        0x1 
 .data.SystemCoreClock
                0x20000004        0x4 ./Core/Src/system_stm32f4xx.o
                0x20000004                SystemCoreClock
 .data.uwTickPrio
                0x20000008        0x4 ./Drivers/STM32F4xx_HAL_Driver/Src/stm32f4xx_hal.o
                0x20000008                uwTickPrio
 .data.uwTickFreq
                0x2000000c        0x1 ./Drivers/STM32F4xx_HAL_Driver/Src/stm32f4xx_hal.o
                0x2000000c                uwTickFreq
 *fill*         0x2000000d        0x3 
 .data.__sglue  0x20000010        0xc /opt/st/stm32cubeide_1.15.0/plugins/com.st.stm32cube.ide.mcu.externaltools.gnu-tools-for-stm32.12.3.rel1.linux64_1.0.100.202403111256/tools/bin/../lib/gcc/arm-none-eabi/12.3.1/../../../../arm-none-eabi/lib/thumb/v7e-m+fp/hard/libc_nano.a(libc_a-findfp.o)
                0x20000010                __sglue
 .data._impure_ptr
                0x2000001c        0x4 /opt/st/stm32cubeide_1.15.0/plugins/com.st.stm32cube.ide.mcu.externaltools.gnu-tools-for-stm32.12.3.rel1.linux64_1.0.100.202403111256/tools/bin/../lib/gcc/arm-none-eabi/12.3.1/../../../../arm-none-eabi/lib/thumb/v7e-m+fp/hard/libc_nano.a(libc_a-impure.o)
                0x2000001c                _impure_ptr
 .data._impure_data
                0x20000020       0x4c /opt/st/stm32cubeide_1.15.0/plugins/com.st.stm32cube.ide.mcu.externaltools.gnu-tools-for-stm32.12.3.rel1.linux64_1.0.100.202403111256/tools/bin/../lib/gcc/arm-none-eabi/12.3.1/../../../../arm-none-eabi/lib/thumb/v7e-m+fp/hard/libc_nano.a(libc_a-impure.o)
                0x20000020                _impure_data
 *(.RamFunc)
 *(.RamFunc*)
                0x2000006c                        . = ALIGN (0x4)
                0x2000006c                        _edata = .

.igot.plt       0x2000006c        0x0 load address 0x0800c700
 .igot.plt      0x2000006c        0x0 /opt/st/stm32cubeide_1.15.0/plugins/com.st.stm32cube.ide.mcu.externaltools.gnu-tools-for-stm32.12.3.rel1.linux64_1.0.100.202403111256/tools/bin/../lib/gcc/arm-none-eabi/12.3.1/thumb/v7e-m+fp/hard/crtbegin.o
                0x2000006c                        . = ALIGN (0x4)

.bss            0x20000070     0x1c68 load address 0x0800c700
                0x20000070                        _sbss = .
                0x20000070                        __bss_start__ = _sbss
 *(.bss)
 .bss           0x20000070       0x1c /opt/st/stm32cubeide_1.15.0/plugins/com.st.stm32cube.ide.mcu.externaltools.gnu-tools-for-stm32.12.3.rel1.linux64_1.0.100.202403111256/tools/bin/../lib/gcc/arm-none-eabi/12.3.1/thumb/v7e-m+fp/hard/crtbegin.o
 *(.bss*)
 .bss.IntegrationTime_t
                0x2000008c        0x1 ./Core/Src/TCS34725.o
                0x2000008c                IntegrationTime_t
 *fill*         0x2000008d        0x3 
 .bss.hi2c1     0x20000090       0x54 ./Core/Src/main.o
                0x20000090                hi2c1
 .bss.hi2c3     0x200000e4       0x54 ./Core/Src/main.o
                0x200000e4                hi2c3
 .bss.htim2     0x20000138       0x48 ./Core/Src/main.o
                0x20000138                htim2
 .bss.htim3     0x20000180       0x48 ./Core/Src/main.o
                0x20000180                htim3
 .bss.htim4     0x200001c8       0x48 ./Core/Src/main.o
                0x200001c8                htim4
 .bss.htim5     0x20000210       0x48 ./Core/Src/main.o
                0x20000210                htim5
 .bss.htim8     0x20000258       0x48 ./Core/Src/main.o
                0x20000258                htim8
 .bss.htim12    0x200002a0       0x48 ./Core/Src/main.o
                0x200002a0                htim12
 .bss.huart2    0x200002e8       0x48 ./Core/Src/main.o
                0x200002e8                huart2
 .bss.hdma_usart2_rx
                0x20000330       0x60 ./Core/Src/main.o
                0x20000330                hdma_usart2_rx
 .bss.hdma_usart2_tx
                0x20000390       0x60 ./Core/Src/main.o
                0x20000390                hdma_usart2_tx
 .bss.valueA    0x200003f0        0x4 ./Core/Src/main.o
                0x200003f0                valueA
 .bss.valueB    0x200003f4        0x4 ./Core/Src/main.o
                0x200003f4                valueB
 .bss.valueC    0x200003f8        0x4 ./Core/Src/main.o
                0x200003f8                valueC
 .bss.theta_angle
                0x200003fc        0x2 ./Core/Src/main.o
                0x200003fc                theta_angle
 *fill*         0x200003fe        0x2 
 .bss.interrupt_counter
                0x20000400        0x4 ./Core/Src/main.o
                0x20000400                interrupt_counter
 *fill*         0x20000404        0x4 
 .bss.Speed_EncoderA
                0x20000408        0x8 ./Core/Src/main.o
                0x20000408                Speed_EncoderA
 .bss.Speed_EncoderB
                0x20000410        0x8 ./Core/Src/main.o
                0x20000410                Speed_EncoderB
 .bss.Speed_EncoderC
                0x20000418        0x8 ./Core/Src/main.o
                0x20000418                Speed_EncoderC
 .bss.ha_perp   0x20000420        0x8 ./Core/Src/main.o
                0x20000420                ha_perp
 .bss.hb_perp   0x20000428        0x8 ./Core/Src/main.o
                0x20000428                hb_perp
 .bss.hc_perp   0x20000430        0x8 ./Core/Src/main.o
                0x20000430                hc_perp
 .bss.vA_perp   0x20000438        0x8 ./Core/Src/main.o
                0x20000438                vA_perp
 .bss.RX        0x20000440       0x10 ./Core/Src/main.o
                0x20000440                RX
 .bss.RY        0x20000450       0x10 ./Core/Src/main.o
                0x20000450                RY
 .bss.at        0x20000460       0x10 ./Core/Src/main.o
                0x20000460                at
 .bss.at_perp   0x20000470       0x10 ./Core/Src/main.o
                0x20000470                at_perp
 .bss.rA        0x20000480       0x10 ./Core/Src/main.o
                0x20000480                rA
 .bss.velocity_A
                0x20000490       0x10 ./Core/Src/main.o
                0x20000490                velocity_A
 .bss.velocity_A_perp
                0x200004a0       0x10 ./Core/Src/main.o
                0x200004a0                velocity_A_perp
 .bss.A_velocity
                0x200004b0       0x10 ./Core/Src/main.o
                0x200004b0                A_velocity
 .bss.distanceA
                0x200004c0        0x8 ./Core/Src/main.o
                0x200004c0                distanceA
 .bss.distanceB
                0x200004c8        0x8 ./Core/Src/main.o
                0x200004c8                distanceB
 .bss.distanceC
                0x200004d0        0x8 ./Core/Src/main.o
                0x200004d0                distanceC
 .bss.theta     0x200004d8        0x8 ./Core/Src/main.o
                0x200004d8                theta
 .bss.Accel_X_Raw
                0x200004e0        0x2 ./Core/Src/main.o
                0x200004e0                Accel_X_Raw
 .bss.Accel_Y_Raw
                0x200004e2        0x2 ./Core/Src/main.o
                0x200004e2                Accel_Y_Raw
 .bss.Accel_Z_Raw
                0x200004e4        0x2 ./Core/Src/main.o
                0x200004e4                Accel_Z_Raw
 *fill*         0x200004e6        0x2 
 .bss.Ax        0x200004e8        0x4 ./Core/Src/main.o
                0x200004e8                Ax
 .bss.Ay        0x200004ec        0x4 ./Core/Src/main.o
                0x200004ec                Ay
 .bss.Az        0x200004f0        0x4 ./Core/Src/main.o
                0x200004f0                Az
 .bss.buffer    0x200004f4        0xa ./Core/Src/main.o
                0x200004f4                buffer
 .bss.angle_X   0x200004fe        0x1 ./Core/Src/main.o
                0x200004fe                angle_X
 .bss.angle_Y   0x200004ff        0x1 ./Core/Src/main.o
                0x200004ff                angle_Y
 .bss.radian_Alpha
                0x20000500        0x8 ./Core/Src/main.o
                0x20000500                radian_Alpha
 .bss.radian_Beta
                0x20000508        0x8 ./Core/Src/main.o
                0x20000508                radian_Beta
 .bss.radian_Gamma
                0x20000510        0x8 ./Core/Src/main.o
                0x20000510                radian_Gamma
 .bss.radian_Delta
                0x20000518        0x8 ./Core/Src/main.o
                0x20000518                radian_Delta
 .bss.AB        0x20000520       0x10 ./Core/Src/main.o
                0x20000520                AB
 .bss.AC        0x20000530       0x10 ./Core/Src/main.o
                0x20000530                AC
 .bss.a_encoder
                0x20000540       0x10 ./Core/Src/main.o
                0x20000540                a_encoder
 .bss.a_perp    0x20000550       0x10 ./Core/Src/main.o
                0x20000550                a_perp
 .bss.b_encoder
                0x20000560       0x10 ./Core/Src/main.o
                0x20000560                b_encoder
 .bss.c_encoder
                0x20000570       0x10 ./Core/Src/main.o
                0x20000570                c_encoder
 .bss.g         0x20000580       0x10 ./Core/Src/main.o
                0x20000580                g
 .bss.g_perp    0x20000590       0x10 ./Core/Src/main.o
                0x20000590                g_perp
 .bss.b_c_encoder
                0x200005a0       0x20 ./Core/Src/main.o
                0x200005a0                b_c_encoder
 .bss.theta_0   0x200005c0        0x8 ./Core/Src/main.o
                0x200005c0                theta_0
 .bss.old_couter
                0x200005c8        0x4 ./Core/Src/main.o
                0x200005c8                old_couter
 .bss.color     0x200005cc        0xf ./Core/Src/main.o
                0x200005cc                color
 *fill*         0x200005db        0x1 
 .bss.rgb       0x200005dc        0x8 ./Core/Src/main.o
                0x200005dc                rgb
 .bss.RGB888    0x200005e4        0x4 ./Core/Src/main.o
                0x200005e4                RGB888
 .bss.serial    0x200005e8     0x100c ./Core/Src/mainpp.o
                0x200005e8                serial
 .bss.nh        0x200015f4      0x530 ./Core/Src/mainpp.o
                0x200015f4                nh
 .bss.Encoder_data
                0x20001b24       0x30 ./Core/Src/mainpp.o
                0x20001b24                Encoder_data
 .bss.color_data
                0x20001b54        0x8 ./Core/Src/mainpp.o
                0x20001b54                color_data
 .bss.encoder   0x20001b5c       0x14 ./Core/Src/mainpp.o
                0x20001b5c                encoder
 .bss.color_sensor
                0x20001b70       0x14 ./Core/Src/mainpp.o
                0x20001b70                color_sensor
 .bss.__sbrk_heap_end
                0x20001b84        0x4 ./Core/Src/sysmem.o
 .bss.uwTick    0x20001b88        0x4 ./Drivers/STM32F4xx_HAL_Driver/Src/stm32f4xx_hal.o
                0x20001b88                uwTick