Archive member included to satisfy reference by file (symbol)

/opt/st/stm32cubeide_1.15.1/plugins/com.st.stm32cube.ide.mcu.externaltools.gnu-tools-for-stm32.12.3.rel1.linux64_1.0.100.202403111256/tools/bin/../lib/gcc/arm-none-eabi/12.3.1/../../../../arm-none-eabi/lib/thumb/v7e-m+fp/hard/libm.a(libm_a-s_atan.o)
                              ./Core/Src/main.o (atan)
/opt/st/stm32cubeide_1.15.1/plugins/com.st.stm32cube.ide.mcu.externaltools.gnu-tools-for-stm32.12.3.rel1.linux64_1.0.100.202403111256/tools/bin/../lib/gcc/arm-none-eabi/12.3.1/../../../../arm-none-eabi/lib/thumb/v7e-m+fp/hard/libm.a(libm_a-s_cos.o)
                              ./Core/Src/main.o (cos)
/opt/st/stm32cubeide_1.15.1/plugins/com.st.stm32cube.ide.mcu.externaltools.gnu-tools-for-stm32.12.3.rel1.linux64_1.0.100.202403111256/tools/bin/../lib/gcc/arm-none-eabi/12.3.1/../../../../arm-none-eabi/lib/thumb/v7e-m+fp/hard/libm.a(libm_a-s_fabs.o)
                              /opt/st/stm32cubeide_1.15.1/plugins/com.st.stm32cube.ide.mcu.externaltools.gnu-tools-for-stm32.12.3.rel1.linux64_1.0.100.202403111256/tools/bin/../lib/gcc/arm-none-eabi/12.3.1/../../../../arm-none-eabi/lib/thumb/v7e-m+fp/hard/libm.a(libm_a-s_atan.o) (fabs)
/opt/st/stm32cubeide_1.15.1/plugins/com.st.stm32cube.ide.mcu.externaltools.gnu-tools-for-stm32.12.3.rel1.linux64_1.0.100.202403111256/tools/bin/../lib/gcc/arm-none-eabi/12.3.1/../../../../arm-none-eabi/lib/thumb/v7e-m+fp/hard/libm.a(libm_a-s_sin.o)
                              ./Core/Src/main.o (sin)
/opt/st/stm32cubeide_1.15.1/plugins/com.st.stm32cube.ide.mcu.externaltools.gnu-tools-for-stm32.12.3.rel1.linux64_1.0.100.202403111256/tools/bin/../lib/gcc/arm-none-eabi/12.3.1/../../../../arm-none-eabi/lib/thumb/v7e-m+fp/hard/libm.a(libm_a-k_cos.o)
                              /opt/st/stm32cubeide_1.15.1/plugins/com.st.stm32cube.ide.mcu.externaltools.gnu-tools-for-stm32.12.3.rel1.linux64_1.0.100.202403111256/tools/bin/../lib/gcc/arm-none-eabi/12.3.1/../../../../arm-none-eabi/lib/thumb/v7e-m+fp/hard/libm.a(libm_a-s_cos.o) (__kernel_cos)
/opt/st/stm32cubeide_1.15.1/plugins/com.st.stm32cube.ide.mcu.externaltools.gnu-tools-for-stm32.12.3.rel1.linux64_1.0.100.202403111256/tools/bin/../lib/gcc/arm-none-eabi/12.3.1/../../../../arm-none-eabi/lib/thumb/v7e-m+fp/hard/libm.a(libm_a-k_sin.o)
                              /opt/st/stm32cubeide_1.15.1/plugins/com.st.stm32cube.ide.mcu.externaltools.gnu-tools-for-stm32.12.3.rel1.linux64_1.0.100.202403111256/tools/bin/../lib/gcc/arm-none-eabi/12.3.1/../../../../arm-none-eabi/lib/thumb/v7e-m+fp/hard/libm.a(libm_a-s_cos.o) (__kernel_sin)
/opt/st/stm32cubeide_1.15.1/plugins/com.st.stm32cube.ide.mcu.externaltools.gnu-tools-for-stm32.12.3.rel1.linux64_1.0.100.202403111256/tools/bin/../lib/gcc/arm-none-eabi/12.3.1/../../../../arm-none-eabi/lib/thumb/v7e-m+fp/hard/libm.a(libm_a-e_rem_pio2.o)
                              /opt/st/stm32cubeide_1.15.1/plugins/com.st.stm32cube.ide.mcu.externaltools.gnu-tools-for-stm32.12.3.rel1.linux64_1.0.100.202403111256/tools/bin/../lib/gcc/arm-none-eabi/12.3.1/../../../../arm-none-eabi/lib/thumb/v7e-m+fp/hard/libm.a(libm_a-s_cos.o) (__ieee754_rem_pio2)
/opt/st/stm32cubeide_1.15.1/plugins/com.st.stm32cube.ide.mcu.externaltools.gnu-tools-for-stm32.12.3.rel1.linux64_1.0.100.202403111256/tools/bin/../lib/gcc/arm-none-eabi/12.3.1/../../../../arm-none-eabi/lib/thumb/v7e-m+fp/hard/libm.a(libm_a-k_rem_pio2.o)
                              /opt/st/stm32cubeide_1.15.1/plugins/com.st.stm32cube.ide.mcu.externaltools.gnu-tools-for-stm32.12.3.rel1.linux64_1.0.100.202403111256/tools/bin/../lib/gcc/arm-none-eabi/12.3.1/../../../../arm-none-eabi/lib/thumb/v7e-m+fp/hard/libm.a(libm_a-e_rem_pio2.o) (__kernel_rem_pio2)
/opt/st/stm32cubeide_1.15.1/plugins/com.st.stm32cube.ide.mcu.externaltools.gnu-tools-for-stm32.12.3.rel1.linux64_1.0.100.202403111256/tools/bin/../lib/gcc/arm-none-eabi/12.3.1/../../../../arm-none-eabi/lib/thumb/v7e-m+fp/hard/libm.a(libm_a-s_scalbn.o)
                              /opt/st/stm32cubeide_1.15.1/plugins/com.st.stm32cube.ide.mcu.externaltools.gnu-tools-for-stm32.12.3.rel1.linux64_1.0.100.202403111256/tools/bin/../lib/gcc/arm-none-eabi/12.3.1/../../../../arm-none-eabi/lib/thumb/v7e-m+fp/hard/libm.a(libm_a-k_rem_pio2.o) (scalbn)
/opt/st/stm32cubeide_1.15.1/plugins/com.st.stm32cube.ide.mcu.externaltools.gnu-tools-for-stm32.12.3.rel1.linux64_1.0.100.202403111256/tools/bin/../lib/gcc/arm-none-eabi/12.3.1/../../../../arm-none-eabi/lib/thumb/v7e-m+fp/hard/libm.a(libm_a-s_floor.o)
                              /opt/st/stm32cubeide_1.15.1/plugins/com.st.stm32cube.ide.mcu.externaltools.gnu-tools-for-stm32.12.3.rel1.linux64_1.0.100.202403111256/tools/bin/../lib/gcc/arm-none-eabi/12.3.1/../../../../arm-none-eabi/lib/thumb/v7e-m+fp/hard/libm.a(libm_a-k_rem_pio2.o) (floor)
[...]
Memory Configuration

Name             Origin             Length             Attributes
RAM              0x20000000         0x00020000         xrw
FLASH            0x08000000         0x00080000         xr
*default*        0x00000000         0xffffffff

Linker script and memory map

LOAD /opt/st/stm32cubeide_1.15.1/plugins/com.st.stm32cube.ide.mcu.externaltools.gnu-tools-for-stm32.12.3.rel1.linux64_1.0.100.202403111256/tools/bin/../lib/gcc/arm-none-eabi/12.3.1/thumb/v7e-m+fp/hard/crti.o
LOAD /opt/st/stm32cubeide_1.15.1/plugins/com.st.stm32cube.ide.mcu.externaltools.gnu-tools-for-stm32.12.3.rel1.linux64_1.0.100.202403111256/tools/bin/../lib/gcc/arm-none-eabi/12.3.1/thumb/v7e-m+fp/hard/crtbegin.o
LOAD /opt/st/stm32cubeide_1.15.1/plugins/com.st.stm32cube.ide.mcu.externaltools.gnu-tools-for-stm32.12.3.rel1.linux64_1.0.100.202403111256/tools/bin/../lib/gcc/arm-none-eabi/12.3.1/../../../../arm-none-eabi/lib/thumb/v7e-m+fp/hard/crt0.o
LOAD ./Core/Src/duration.o
LOAD ./Core/Src/main.o
LOAD ./Core/Src/mainpp.o
LOAD ./Core/Src/stm32f4xx_hal_msp.o
LOAD ./Core/Src/stm32f4xx_it.o
LOAD ./Core/Src/syscalls.o
LOAD ./Core/Src/sysmem.o
LOAD ./Core/Src/system_stm32f4xx.o
LOAD ./Core/Src/time.o
LOAD ./Core/Startup/startup_stm32f446retx.o
LOAD ./Drivers/STM32F4xx_HAL_Driver/Src/stm32f4xx_hal.o
LOAD ./Drivers/STM32F4xx_HAL_Driver/Src/stm32f4xx_hal_cortex.o
LOAD ./Drivers/STM32F4xx_HAL_Driver/Src/stm32f4xx_hal_dma.o
LOAD ./Drivers/STM32F4xx_HAL_Driver/Src/stm32f4xx_hal_dma_ex.o
LOAD ./Drivers/STM32F4xx_HAL_Driver/Src/stm32f4xx_hal_exti.o
LOAD ./Drivers/STM32F4xx_HAL_Driver/Src/stm32f4xx_hal_flash.o
LOAD ./Drivers/STM32F4xx_HAL_Driver/Src/stm32f4xx_hal_flash_ex.o
LOAD ./Drivers/STM32F4xx_HAL_Driver/Src/stm32f4xx_hal_flash_ramfunc.o
LOAD ./Drivers/STM32F4xx_HAL_Driver/Src/stm32f4xx_hal_gpio.o
LOAD ./Drivers/STM32F4xx_HAL_Driver/Src/stm32f4xx_hal_i2c.o
LOAD ./Drivers/STM32F4xx_HAL_Driver/Src/stm32f4xx_hal_i2c_ex.o
LOAD ./Drivers/STM32F4xx_HAL_Driver/Src/stm32f4xx_hal_pwr.o
LOAD ./Drivers/STM32F4xx_HAL_Driver/Src/stm32f4xx_hal_pwr_ex.o
LOAD ./Drivers/STM32F4xx_HAL_Driver/Src/stm32f4xx_hal_rcc.o
LOAD ./Drivers/STM32F4xx_HAL_Driver/Src/stm32f4xx_hal_rcc_ex.o
LOAD ./Drivers/STM32F4xx_HAL_Driver/Src/stm32f4xx_hal_tim.o
LOAD ./Drivers/STM32F4xx_HAL_Driver/Src/stm32f4xx_hal_tim_ex.o
LOAD ./Drivers/STM32F4xx_HAL_Driver/Src/stm32f4xx_hal_uart.o
START GROUP
LOAD /opt/st/stm32cubeide_1.15.1/plugins/com.st.stm32cube.ide.mcu.externaltools.gnu-tools-for-stm32.12.3.rel1.linux64_1.0.100.202403111256/tools/bin/../lib/gcc/arm-none-eabi/12.3.1/../../../../arm-none-eabi/lib/thumb/v7e-m+fp/hard/libstdc++_nano.a
LOAD /opt/st/stm32cubeide_1.15.1/plugins/com.st.stm32cube.ide.mcu.externaltools.gnu-tools-for-stm32.12.3.rel1.linux64_1.0.100.202403111256/tools/bin/../lib/gcc/arm-none-eabi/12.3.1/../../../../arm-none-eabi/lib/thumb/v7e-m+fp/hard/libsupc++_nano.a
END GROUP
LOAD /opt/st/stm32cubeide_1.15.1/plugins/com.st.stm32cube.ide.mcu.externaltools.gnu-tools-for-stm32.12.3.rel1.linux64_1.0.100.202403111256/tools/bin/../lib/gcc/arm-none-eabi/12.3.1/../../../../arm-none-eabi/lib/thumb/v7e-m+fp/hard/libstdc++_nano.a
LOAD /opt/st/stm32cubeide_1.15.1/plugins/com.st.stm32cube.ide.mcu.externaltools.gnu-tools-for-stm32.12.3.rel1.linux64_1.0.100.202403111256/tools/bin/../lib/gcc/arm-none-eabi/12.3.1/../../../../arm-none-eabi/lib/thumb/v7e-m+fp/hard/libm.a
LOAD /opt/st/stm32cubeide_1.15.1/plugins/com.st.stm32cube.ide.mcu.externaltools.gnu-tools-for-stm32.12.3.rel1.linux64_1.0.100.202403111256/tools/bin/../lib/gcc/arm-none-eabi/12.3.1/../../../../arm-none-eabi/lib/thumb/v7e-m+fp/hard/libc_nano.a
START GROUP
LOAD /opt/st/stm32cubeide_1.15.1/plugins/com.st.stm32cube.ide.mcu.externaltools.gnu-tools-for-stm32.12.3.rel1.linux64_1.0.100.202403111256/tools/bin/../lib/gcc/arm-none-eabi/12.3.1/thumb/v7e-m+fp/hard/libgcc.a
LOAD /opt/st/stm32cubeide_1.15.1/plugins/com.st.stm32cube.ide.mcu.externaltools.gnu-tools-for-stm32.12.3.rel1.linux64_1.0.100.202403111256/tools/bin/../lib/gcc/arm-none-eabi/12.3.1/../../../../arm-none-eabi/lib/thumb/v7e-m+fp/hard/libc_nano.a
END GROUP
START GROUP
LOAD /opt/st/stm32cubeide_1.15.1/plugins/com.st.stm32cube.ide.mcu.externaltools.gnu-tools-for-stm32.12.3.rel1.linux64_1.0.100.202403111256/tools/bin/../lib/gcc/arm-none-eabi/12.3.1/thumb/v7e-m+fp/hard/libgcc.a
LOAD /opt/st/stm32cubeide_1.15.1/plugins/com.st.stm32cube.ide.mcu.externaltools.gnu-tools-for-stm32.12.3.rel1.linux64_1.0.100.202403111256/tools/bin/../lib/gcc/arm-none-eabi/12.3.1/../../../../arm-none-eabi/lib/thumb/v7e-m+fp/hard/libc_nano.a
LOAD /opt/st/stm32cubeide_1.15.1/plugins/com.st.stm32cube.ide.mcu.externaltools.gnu-tools-for-stm32.12.3.rel1.linux64_1.0.100.202403111256/tools/bin/../lib/gcc/arm-none-eabi/12.3.1/../../../../arm-none-eabi/lib/thumb/v7e-m+fp/hard/libnosys.a
END GROUP
START GROUP
LOAD /opt/st/stm32cubeide_1.15.1/plugins/com.st.stm32cube.ide.mcu.externaltools.gnu-tools-for-stm32.12.3.rel1.linux64_1.0.100.202403111256/tools/bin/../lib/gcc/arm-none-eabi/12.3.1/thumb/v7e-m+fp/hard/libgcc.a
LOAD /opt/st/stm32cubeide_1.15.1/plugins/com.st.stm32cube.ide.mcu.externaltools.gnu-tools-for-stm32.12.3.rel1.linux64_1.0.100.202403111256/tools/bin/../lib/gcc/arm-none-eabi/12.3.1/../../../../arm-none-eabi/lib/thumb/v7e-m+fp/hard/libc_nano.a
LOAD /opt/st/stm32cubeide_1.15.1/plugins/com.st.stm32cube.ide.mcu.externaltools.gnu-tools-for-stm32.12.3.rel1.linux64_1.0.100.202403111256/tools/bin/../lib/gcc/arm-none-eabi/12.3.1/../../../../arm-none-eabi/lib/thumb/v7e-m+fp/hard/libnosys.a
END GROUP
LOAD /opt/st/stm32cubeide_1.15.1/plugins/com.st.stm32cube.ide.mcu.externaltools.gnu-tools-for-stm32.12.3.rel1.linux64_1.0.100.202403111256/tools/bin/../lib/gcc/arm-none-eabi/12.3.1/thumb/v7e-m+fp/hard/crtend.o
LOAD /opt/st/stm32cubeide_1.15.1/plugins/com.st.stm32cube.ide.mcu.externaltools.gnu-tools-for-stm32.12.3.rel1.linux64_1.0.100.202403111256/tools/bin/../lib/gcc/arm-none-eabi/12.3.1/thumb/v7e-m+fp/hard/crtn.o
                0x20020000                        _estack = (ORIGIN (RAM) + LENGTH (RAM))
                0x00000200                        _Min_Heap_Size = 0x200
                0x00000400                        _Min_Stack_Size = 0x400

.isr_vector     0x08000000      0x1c4
                0x08000000                        . = ALIGN (0x4)
 *(.isr_vector)
 .isr_vector    0x08000000      0x1c4 ./Core/Startup/startup_stm32f446retx.o
                0x08000000                g_pfnVectors
                0x080001c4                        . = ALIGN (0x4)

.text           0x080001c8     0xaea8
                0x080001c8                        . = ALIGN (0x4)
 *(.text)
 .text          0x080001c8       0x40 /opt/st/stm32cubeide_1.15.1/plugins/com.st.stm32cube.ide.mcu.externaltools.gnu-tools-for-stm32.12.3.rel1.linux64_1.0.100.202403111256/tools/bin/../lib/gcc/arm-none-eabi/12.3.1/thumb/v7e-m+fp/hard/crtbegin.o
 .text          0x08000208       0x10 /opt/st/stm32cubeide_1.15.1/plugins/com.st.stm32cube.ide.mcu.externaltools.gnu-tools-for-stm32.12.3.rel1.linux64_1.0.100.202403111256/tools/bin/../lib/gcc/arm-none-eabi/12.3.1/../../../../arm-none-eabi/lib/thumb/v7e-m+fp/hard/libc_nano.a(libc_a-strlen.o)
                0x08000208                strlen
 .text          0x08000218      0x378 /opt/st/stm32cubeide_1.15.1/plugins/com.st.stm32cube.ide.mcu.externaltools.gnu-tools-for-stm32.12.3.rel1.linux64_1.0.100.202403111256/tools/bin/../lib/gcc/arm-none-eabi/12.3.1/thumb/v7e-m+fp/hard/libgcc.a(_arm_addsubdf3.o)
                0x08000218                __aeabi_drsub
                0x08000220                __aeabi_dsub
                0x08000220                __subdf3
                0x08000224                __adddf3
                0x08000224                __aeabi_dadd
                0x0800049c                __aeabi_ui2d
                0x0800049c                __floatunsidf
                0x080004bc                __floatsidf
                0x080004bc                __aeabi_i2d
                0x080004e0                __extendsfdf2
                0x080004e0                __aeabi_f2d
                0x08000524                __aeabi_ul2d
                0x08000524                __floatundidf
                0x08000534                __floatdidf
                0x08000534                __aeabi_l2d
 .text          0x08000590      0x424 /opt/st/stm32cubeide_1.15.1/plugins/com.st.stm32cube.ide.mcu.externaltools.gnu-tools-for-stm32.12.3.rel1.linux64_1.0.100.202403111256/tools/bin/../lib/gcc/arm-none-eabi/12.3.1/thumb/v7e-m+fp/hard/libgcc.a(_arm_muldivdf3.o)
                0x08000590                __aeabi_dmul
                0x08000590                __muldf3
                0x080007e4                __aeabi_ddiv
                0x080007e4                __divdf3
 .text          0x080009b4      0x110 /opt/st/stm32cubeide_1.15.1/plugins/com.st.stm32cube.ide.mcu.externaltools.gnu-tools-for-stm32.12.3.rel1.linux64_1.0.100.202403111256/tools/bin/../lib/gcc/arm-none-eabi/12.3.1/thumb/v7e-m+fp/hard/libgcc.a(_arm_cmpdf2.o)
                0x080009b4                __gtdf2
                0x080009b4                __gedf2
                0x080009bc                __ltdf2
                0x080009bc                __ledf2
                0x080009c4                __cmpdf2
                0x080009c4                __eqdf2
                0x080009c4                __nedf2
                0x08000a40                __aeabi_cdrcmple
                0x08000a50                __aeabi_cdcmple
                0x08000a50                __aeabi_cdcmpeq
                0x08000a60                __aeabi_dcmpeq
                0x08000a74                __aeabi_dcmplt
                0x08000a88                __aeabi_dcmple
                0x08000a9c                __aeabi_dcmpge
                0x08000ab0                __aeabi_dcmpgt
 .text          0x08000ac4       0x50 /opt/st/stm32cubeide_1.15.1/plugins/com.st.stm32cube.ide.mcu.externaltools.gnu-tools-for-stm32.12.3.rel1.linux64_1.0.100.202403111256/tools/bin/../lib/gcc/arm-none-eabi/12.3.1/thumb/v7e-m+fp/hard/libgcc.a(_arm_fixdfsi.o)
                0x08000ac4                __fixdfsi
                0x08000ac4                __aeabi_d2iz
 .text          0x08000b14       0xa0 /opt/st/stm32cubeide_1.15.1/plugins/com.st.stm32cube.ide.mcu.externaltools.gnu-tools-for-stm32.12.3.rel1.linux64_1.0.100.202403111256/tools/bin/../lib/gcc/arm-none-eabi/12.3.1/thumb/v7e-m+fp/hard/libgcc.a(_arm_truncdfsf2.o)
                0x08000b14                __aeabi_d2f
                0x08000b14                __truncdfsf2
 .text          0x08000bb4       0x30 /opt/st/stm32cubeide_1.15.1/plugins/com.st.stm32cube.ide.mcu.externaltools.gnu-tools-for-stm32.12.3.rel1.linux64_1.0.100.202403111256/tools/bin/../lib/gcc/arm-none-eabi/12.3.1/thumb/v7e-m+fp/hard/libgcc.a(_aeabi_uldivmod.o)
                0x08000bb4                __aeabi_uldivmod
 .text          0x08000be4      0x2bc /opt/st/stm32cubeide_1.15.1/plugins/com.st.stm32cube.ide.mcu.externaltools.gnu-tools-for-stm32.12.3.rel1.linux64_1.0.100.202403111256/tools/bin/../lib/gcc/arm-none-eabi/12.3.1/thumb/v7e-m+fp/hard/libgcc.a(_udivmoddi4.o)
                0x08000be4                __udivmoddi4
 .text          0x08000ea0        0x4 /opt/st/stm32cubeide_1.15.1/plugins/com.st.stm32cube.ide.mcu.externaltools.gnu-tools-for-stm32.12.3.rel1.linux64_1.0.100.202403111256/tools/bin/../lib/gcc/arm-none-eabi/12.3.1/thumb/v7e-m+fp/hard/libgcc.a(_dvmd_tls.o)
                0x08000ea0                __aeabi_ldiv0
                0x08000ea0                __aeabi_idiv0
 *(.text*)
 *fill*         0x08000ea4        0x4 
 .text.HAL_TIM_PeriodElapsedCallback
                0x08000ea8      0x1ec ./Core/Src/main.o
                0x08000ea8                HAL_TIM_PeriodElapsedCallback
 .text.MPU6050_Init
                0x08001094       0xac ./Core/Src/main.o
                0x08001094                MPU6050_Init
 .text.MPU6050_Read_Accel
                0x08001140       0xf8 ./Core/Src/main.o
                0x08001140                MPU6050_Read_Accel
 .text.Accel_X_Angle
                0x08001238       0x68 ./Core/Src/main.o
                0x08001238                Accel_X_Angle
 .text.Accel_Y_Angle
                0x080012a0       0x68 ./Core/Src/main.o
                0x080012a0                Accel_Y_Angle
 .text.main     0x08001308      0xbcc ./Core/Src/main.o
                0x08001308                main
 .text.SystemClock_Config
                0x08001ed4       0xe4 ./Core/Src/main.o
                0x08001ed4                SystemClock_Config
 .text.MX_I2C3_Init
                0x08001fb8       0x5c ./Core/Src/main.o
 .text.MX_TIM2_Init
                0x08002014       0xa8 ./Core/Src/main.o
 .text.MX_TIM3_Init
                0x080020bc       0xa8 ./Core/Src/main.o
 .text.MX_TIM4_Init
                0x08002164       0xa8 ./Core/Src/main.o
 .text.MX_TIM5_Init
                0x0800220c       0x9c ./Core/Src/main.o
 .text.MX_TIM8_Init
                0x080022a8       0xb0 ./Core/Src/main.o
 .text.MX_TIM12_Init
                0x08002358       0x70 ./Core/Src/main.o
 .text.MX_USART2_UART_Init
                0x080023c8       0x54 ./Core/Src/main.o
 .text.MX_DMA_Init
                0x0800241c       0x50 ./Core/Src/main.o
 .text.MX_GPIO_Init
                0x0800246c       0xdc ./Core/Src/main.o
 .text.Error_Handler
                0x08002548        0xc ./Core/Src/main.o
                0x08002548                Error_Handler
 .text._ZN3ros4TimeC2Ev
                0x08002554       0x22 ./Core/Src/mainpp.o
                0x08002554                ros::Time::Time()
                0x08002554                ros::Time::Time()
 *fill*         0x08002576        0x2 
 .text._ZN3ros3MsgC2Ev
                0x08002578       0x20 ./Core/Src/mainpp.o
                0x08002578                ros::Msg::Msg()
                0x08002578                ros::Msg::Msg()
 .text._ZN8std_msgs4TimeC2Ev
                0x08002598       0x30 ./Core/Src/mainpp.o
                0x08002598                std_msgs::Time::Time()
                0x08002598                std_msgs::Time::Time()
 .text._ZNK8std_msgs4Time9serializeEPh
                0x080025c8       0xb0 ./Core/Src/mainpp.o
                0x080025c8                std_msgs::Time::serialize(unsigned char*) const
 .text._ZN8std_msgs4Time11deserializeEPh
                0x08002678       0xc8 ./Core/Src/mainpp.o
                0x08002678                std_msgs::Time::deserialize(unsigned char*)
 .text._ZN8std_msgs4Time7getTypeEv
                0x08002740       0x1c ./Core/Src/mainpp.o
                0x08002740                std_msgs::Time::getType()
 .text._ZN8std_msgs4Time6getMD5Ev
                0x0800275c       0x1c ./Core/Src/mainpp.o
                0x0800275c                std_msgs::Time::getMD5()
 .text._ZN14rosserial_msgs9TopicInfoC2Ev
                0x08002778       0x48 ./Core/Src/mainpp.o
                0x08002778                rosserial_msgs::TopicInfo::TopicInfo()
                0x08002778                rosserial_msgs::TopicInfo::TopicInfo()
 .text._ZNK14rosserial_msgs9TopicInfo9serializeEPh
                0x080027c0      0x136 ./Core/Src/mainpp.o
                0x080027c0                rosserial_msgs::TopicInfo::serialize(unsigned char*) const
 .text._ZN14rosserial_msgs9TopicInfo11deserializeEPh
                0x080028f6      0x1d0 ./Core/Src/mainpp.o
                0x080028f6                rosserial_msgs::TopicInfo::deserialize(unsigned char*)
 *fill*         0x08002ac6        0x2 
 .text._ZN14rosserial_msgs9TopicInfo7getTypeEv
                0x08002ac8       0x1c ./Core/Src/mainpp.o
                0x08002ac8                rosserial_msgs::TopicInfo::getType()
 .text._ZN14rosserial_msgs9TopicInfo6getMD5Ev
                0x08002ae4       0x1c ./Core/Src/mainpp.o
                0x08002ae4                rosserial_msgs::TopicInfo::getMD5()
 .text._ZN14rosserial_msgs3LogC2Ev
                0x08002b00       0x34 ./Core/Src/mainpp.o
                0x08002b00                rosserial_msgs::Log::Log()
                0x08002b00                rosserial_msgs::Log::Log()
 .text._ZNK14rosserial_msgs3Log9serializeEPh
                0x08002b34       0x64 ./Core/Src/mainpp.o
                0x08002b34                rosserial_msgs::Log::serialize(unsigned char*) const
 .text._ZN14rosserial_msgs3Log11deserializeEPh
                0x08002b98       0x90 ./Core/Src/mainpp.o
                0x08002b98                rosserial_msgs::Log::deserialize(unsigned char*)
 .text._ZN14rosserial_msgs3Log7getTypeEv
                0x08002c28       0x1c ./Core/Src/mainpp.o
                0x08002c28                rosserial_msgs::Log::getType()
 .text._ZN14rosserial_msgs3Log6getMD5Ev
                0x08002c44       0x1c ./Core/Src/mainpp.o
                0x08002c44                rosserial_msgs::Log::getMD5()
 .text._ZN14rosserial_msgs20RequestParamResponseC2Ev
                0x08002c60       0x5c ./Core/Src/mainpp.o
                0x08002c60                rosserial_msgs::RequestParamResponse::RequestParamResponse()
                0x08002c60                rosserial_msgs::RequestParamResponse::RequestParamResponse()
 .text._ZNK14rosserial_msgs20RequestParamResponse9serializeEPh
                0x08002cbc      0x222 ./Core/Src/mainpp.o
                0x08002cbc                rosserial_msgs::RequestParamResponse::serialize(unsigned char*) const
 .text._ZN14rosserial_msgs20RequestParamResponse11deserializeEPh
                0x08002ede      0x2e2 ./Core/Src/mainpp.o
                0x08002ede                rosserial_msgs::RequestParamResponse::deserialize(unsigned char*)
 .text._ZN14rosserial_msgs20RequestParamResponse7getTypeEv
                0x080031c0       0x1c ./Core/Src/mainpp.o
                0x080031c0                rosserial_msgs::RequestParamResponse::getType()
 .text._ZN14rosserial_msgs20RequestParamResponse6getMD5Ev
                0x080031dc       0x1c ./Core/Src/mainpp.o
                0x080031dc                rosserial_msgs::RequestParamResponse::getMD5()
 .text._ZN3ros9PublisherC2EPKcPNS_3MsgEi
                0x080031f8       0x2e ./Core/Src/mainpp.o
                0x080031f8                ros::Publisher::Publisher(char const*, ros::Msg*, int)
                0x080031f8                ros::Publisher::Publisher(char const*, ros::Msg*, int)
 .text._ZN3ros9Publisher7publishEPKNS_3MsgE
                0x08003226       0x28 ./Core/Src/mainpp.o
                0x08003226                ros::Publisher::publish(ros::Msg const*)
 .text._ZN3ros9Publisher15getEndpointTypeEv
                0x0800324e       0x18 ./Core/Src/mainpp.o
                0x0800324e                ros::Publisher::getEndpointType()
 .text._ZN11SerialClassC2ER20__UART_HandleTypeDef
                0x08003266       0x4c ./Core/Src/mainpp.o
                0x08003266                SerialClass::SerialClass(__UART_HandleTypeDef&)
                0x08003266                SerialClass::SerialClass(__UART_HandleTypeDef&)
 .text._ZN11SerialClass10get_handleEv
                0x080032b2       0x1c ./Core/Src/mainpp.o
                0x080032b2                SerialClass::get_handle()
 .text._ZN11SerialClass9start_dmaEv
                0x080032ce       0x3c ./Core/Src/mainpp.o
                0x080032ce                SerialClass::start_dma()
 .text._ZN11SerialClass4readEv
                0x0800330a       0x7c ./Core/Src/mainpp.o
                0x0800330a                SerialClass::read()
 .text._ZN11SerialClass5writeEPKhi
                0x08003386       0x88 ./Core/Src/mainpp.o
                0x08003386                SerialClass::write(unsigned char const*, int)
 .text._ZN11SerialClass16tx_cplt_callbackEv
                0x0800340e       0x1e ./Core/Src/mainpp.o
                0x0800340e                SerialClass::tx_cplt_callback()
 .text._ZN11SerialClass10reset_rbufEv
                0x0800342c       0x28 ./Core/Src/mainpp.o
                0x0800342c                SerialClass::reset_rbuf()
 .text.HAL_UART_TxCpltCallback
                0x08003454       0x38 ./Core/Src/mainpp.o
                0x08003454                HAL_UART_TxCpltCallback
 .text.HAL_UART_RxCpltCallback
                0x0800348c       0x1c ./Core/Src/mainpp.o
                0x0800348c                HAL_UART_RxCpltCallback
 .text._ZN13STM32HardwareC2Ev
                0x080034a8       0x20 ./Core/Src/mainpp.o
                0x080034a8                STM32Hardware::STM32Hardware()
                0x080034a8                STM32Hardware::STM32Hardware()
 .text._ZN13STM32Hardware4initEv
                0x080034c8       0x1a ./Core/Src/mainpp.o
                0x080034c8                STM32Hardware::init()
 .text._ZN13STM32Hardware4readEv
                0x080034e2       0x1c ./Core/Src/mainpp.o
                0x080034e2                STM32Hardware::read()
 .text._ZN13STM32Hardware5writeEPhi
                0x080034fe       0x22 ./Core/Src/mainpp.o
                0x080034fe                STM32Hardware::write(unsigned char*, int)
 .text._ZN13STM32Hardware4timeEv
                0x08003520       0x16 ./Core/Src/mainpp.o
                0x08003520                STM32Hardware::time()
 *fill*         0x08003536        0x2 
 .text._ZN8std_msgs19MultiArrayDimensionC2Ev
                0x08003538       0x3c ./Core/Src/mainpp.o
                0x08003538                std_msgs::MultiArrayDimension::MultiArrayDimension()
                0x08003538                std_msgs::MultiArrayDimension::MultiArrayDimension()
 .text._ZNK8std_msgs19MultiArrayDimension9serializeEPh
                0x08003574       0xe6 ./Core/Src/mainpp.o
                0x08003574                std_msgs::MultiArrayDimension::serialize(unsigned char*) const
 .text._ZN8std_msgs19MultiArrayDimension11deserializeEPh
                0x0800365a      0x12a ./Core/Src/mainpp.o
                0x0800365a                std_msgs::MultiArrayDimension::deserialize(unsigned char*)
 .text._ZN8std_msgs19MultiArrayDimension7getTypeEv
                0x08003784       0x1c ./Core/Src/mainpp.o
                0x08003784                std_msgs::MultiArrayDimension::getType()
 .text._ZN8std_msgs19MultiArrayDimension6getMD5Ev
                0x080037a0       0x1c ./Core/Src/mainpp.o
                0x080037a0                std_msgs::MultiArrayDimension::getMD5()
 .text._ZN8std_msgs16MultiArrayLayoutC2Ev
                0x080037bc       0x40 ./Core/Src/mainpp.o
                0x080037bc                std_msgs::MultiArrayLayout::MultiArrayLayout()
                0x080037bc                std_msgs::MultiArrayLayout::MultiArrayLayout()
 .text._ZNK8std_msgs16MultiArrayLayout9serializeEPh
                0x080037fc       0xec ./Core/Src/mainpp.o
                0x080037fc                std_msgs::MultiArrayLayout::serialize(unsigned char*) const
 .text._ZN8std_msgs16MultiArrayLayout11deserializeEPh
                0x080038e8      0x120 ./Core/Src/mainpp.o
                0x080038e8                std_msgs::MultiArrayLayout::deserialize(unsigned char*)
 .text._ZN8std_msgs16MultiArrayLayout7getTypeEv
                0x08003a08       0x1c ./Core/Src/mainpp.o
                0x08003a08                std_msgs::MultiArrayLayout::getType()
 .text._ZN8std_msgs16MultiArrayLayout6getMD5Ev
                0x08003a24       0x1c ./Core/Src/mainpp.o
                0x08003a24                std_msgs::MultiArrayLayout::getMD5()
 .text._ZN8std_msgs15Int16MultiArrayC2Ev
                0x08003a40       0x40 ./Core/Src/mainpp.o
                0x08003a40                std_msgs::Int16MultiArray::Int16MultiArray()
                0x08003a40                std_msgs::Int16MultiArray::Int16MultiArray()
 .text._ZNK8std_msgs15Int16MultiArray9serializeEPh
                0x08003a80       0xc4 ./Core/Src/mainpp.o
                0x08003a80                std_msgs::Int16MultiArray::serialize(unsigned char*) const
 .text._ZN8std_msgs15Int16MultiArray11deserializeEPh
                0x08003b44      0x102 ./Core/Src/mainpp.o
                0x08003b44                std_msgs::Int16MultiArray::deserialize(unsigned char*)
 *fill*         0x08003c46        0x2 
 .text._ZN8std_msgs15Int16MultiArray7getTypeEv
                0x08003c48       0x1c ./Core/Src/mainpp.o
                0x08003c48                std_msgs::Int16MultiArray::getType()
 .text._ZN8std_msgs15Int16MultiArray6getMD5Ev
                0x08003c64       0x1c ./Core/Src/mainpp.o
                0x08003c64                std_msgs::Int16MultiArray::getMD5()
 .text._ZN3ros15NodeHandleBase_C2Ev
                0x08003c80       0x20 ./Core/Src/mainpp.o
                0x08003c80                ros::NodeHandleBase_::NodeHandleBase_()
                0x08003c80                ros::NodeHandleBase_::NodeHandleBase_()
 .text._ZN3ros11NodeHandle_I13STM32HardwareLi25ELi25ELi512ELi512EEC2Ev
                0x08003ca0       0xe4 ./Core/Src/mainpp.o
                0x08003ca0                ros::NodeHandle_<STM32Hardware, 25, 25, 512, 512>::NodeHandle_()
                0x08003ca0                ros::NodeHandle_<STM32Hardware, 25, 25, 512, 512>::NodeHandle_()
 .text.setup    0x08003d84       0x20 ./Core/Src/mainpp.o
                0x08003d84                setup
 .text.loop     0x08003da4       0x34 ./Core/Src/mainpp.o
                0x08003da4                loop
 .text._ZN3ros3Msg8varToArrIPhmEEvT_T0_
                0x08003dd8       0x3e ./Core/Src/mainpp.o
                0x08003dd8                void ros::Msg::varToArr<unsigned char*, unsigned long>(unsigned char*, unsigned long)
 .text._ZN3ros3Msg8arrToVarImPhEEvRT_T0_
                0x08003e16       0x4c ./Core/Src/mainpp.o
                0x08003e16                void ros::Msg::arrToVar<unsigned long, unsigned char*>(unsigned long&, unsigned char*)
 .text._ZN3ros11NodeHandle_I13STM32HardwareLi25ELi25ELi512ELi512EE8initNodeEv
                0x08003e62       0x3a ./Core/Src/mainpp.o
                0x08003e62                ros::NodeHandle_<STM32Hardware, 25, 25, 512, 512>::initNode()
 .text._ZN3ros11NodeHandle_I13STM32HardwareLi25ELi25ELi512ELi512EE9advertiseERNS_9PublisherE
                0x08003e9c       0x5c ./Core/Src/mainpp.o
                0x08003e9c                ros::NodeHandle_<STM32Hardware, 25, 25, 512, 512>::advertise(ros::Publisher&)
 .text._ZN3ros11NodeHandle_I13STM32HardwareLi25ELi25ELi512ELi512EE8spinOnceEv
                0x08003ef8      0x3a6 ./Core/Src/mainpp.o
                0x08003ef8                ros::NodeHandle_<STM32Hardware, 25, 25, 512, 512>::spinOnce()
 .text._ZN3ros11NodeHandle_I13STM32HardwareLi25ELi25ELi512ELi512EE15requestSyncTimeEv
                0x0800429e       0x3a ./Core/Src/mainpp.o
                0x0800429e                ros::NodeHandle_<STM32Hardware, 25, 25, 512, 512>::requestSyncTime()
 .text._ZN3ros11NodeHandle_I13STM32HardwareLi25ELi25ELi512ELi512EE15negotiateTopicsEv
                0x080042d8      0x1c0 ./Core/Src/mainpp.o
                0x080042d8                ros::NodeHandle_<STM32Hardware, 25, 25, 512, 512>::negotiateTopics()
 .text._ZN3ros11NodeHandle_I13STM32HardwareLi25ELi25ELi512ELi512EE8syncTimeEPh
                0x08004498       0x94 ./Core/Src/mainpp.o
                0x08004498                ros::NodeHandle_<STM32Hardware, 25, 25, 512, 512>::syncTime(unsigned char*)
 .text._ZN3ros11NodeHandle_I13STM32HardwareLi25ELi25ELi512ELi512EE7publishEiPKNS_3MsgE
                0x0800452c      0x128 ./Core/Src/mainpp.o
                0x0800452c                ros::NodeHandle_<STM32Hardware, 25, 25, 512, 512>::publish(int, ros::Msg const*)
 .text._ZN3ros11NodeHandle_I13STM32HardwareLi25ELi25ELi512ELi512EE6setNowERKNS_4TimeE
                0x08004654       0x7c ./Core/Src/mainpp.o
                0x08004654                ros::NodeHandle_<STM32Hardware, 25, 25, 512, 512>::setNow(ros::Time const&)
 .text._ZN3ros11NodeHandle_I13STM32HardwareLi25ELi25ELi512ELi512EE8logerrorEPKc
                0x080046d0       0x1c ./Core/Src/mainpp.o
                0x080046d0                ros::NodeHandle_<STM32Hardware, 25, 25, 512, 512>::logerror(char const*)
 .text._ZN3ros11NodeHandle_I13STM32HardwareLi25ELi25ELi512ELi512EE3logEcPKc
                0x080046ec       0x38 ./Core/Src/mainpp.o
                0x080046ec                ros::NodeHandle_<STM32Hardware, 25, 25, 512, 512>::log(char, char const*)
 .text._Z41__static_initialization_and_destruction_0ii
                0x08004724       0x5c ./Core/Src/mainpp.o
 .text._ZN3ros11NodeHandle_I13STM32HardwareLi25ELi25ELi512ELi512EE9connectedEv
                0x08004780       0x1a ./Core/Src/mainpp.o
                0x08004780                ros::NodeHandle_<STM32Hardware, 25, 25, 512, 512>::connected()
 .text._GLOBAL__sub_I_serial
                0x0800479a       0x10 ./Core/Src/mainpp.o
 *fill*         0x080047aa        0x2 
 .text.HAL_MspInit
                0x080047ac       0x50 ./Core/Src/stm32f4xx_hal_msp.o
                0x080047ac                HAL_MspInit
 .text.HAL_I2C_MspInit
                0x080047fc       0xd4 ./Core/Src/stm32f4xx_hal_msp.o
                0x080047fc                HAL_I2C_MspInit
 .text.HAL_TIM_Encoder_MspInit
                0x080048d0      0x1dc ./Core/Src/stm32f4xx_hal_msp.o
                0x080048d0                HAL_TIM_Encoder_MspInit
 .text.HAL_TIM_Base_MspInit
                0x08004aac       0x8c ./Core/Src/stm32f4xx_hal_msp.o
                0x08004aac                HAL_TIM_Base_MspInit
 .text.HAL_UART_MspInit
                0x08004b38      0x170 ./Core/Src/stm32f4xx_hal_msp.o
                0x08004b38                HAL_UART_MspInit
 .text.NMI_Handler
                0x08004ca8        0x8 ./Core/Src/stm32f4xx_it.o
                0x08004ca8                NMI_Handler
 .text.HardFault_Handler
                0x08004cb0        0x8 ./Core/Src/stm32f4xx_it.o
                0x08004cb0                HardFault_Handler
 .text.MemManage_Handler
                0x08004cb8        0x8 ./Core/Src/stm32f4xx_it.o
                0x08004cb8                MemManage_Handler
 .text.BusFault_Handler
                0x08004cc0        0x8 ./Core/Src/stm32f4xx_it.o
                0x08004cc0                BusFault_Handler
 .text.UsageFault_Handler
                0x08004cc8        0x8 ./Core/Src/stm32f4xx_it.o
                0x08004cc8                UsageFault_Handler
 .text.SVC_Handler
                0x08004cd0        0xe ./Core/Src/stm32f4xx_it.o
                0x08004cd0                SVC_Handler
 .text.DebugMon_Handler
                0x08004cde        0xe ./Core/Src/stm32f4xx_it.o
                0x08004cde                DebugMon_Handler
 .text.PendSV_Handler
                0x08004cec        0xe ./Core/Src/stm32f4xx_it.o
                0x08004cec                PendSV_Handler
 .text.SysTick_Handler
                0x08004cfa        0xc ./Core/Src/stm32f4xx_it.o
                0x08004cfa                SysTick_Handler
 *fill*         0x08004d06        0x2 
 .text.DMA1_Stream5_IRQHandler
                0x08004d08       0x14 ./Core/Src/stm32f4xx_it.o
                0x08004d08                DMA1_Stream5_IRQHandler
 .text.DMA1_Stream6_IRQHandler
                0x08004d1c       0x14 ./Core/Src/stm32f4xx_it.o
                0x08004d1c                DMA1_Stream6_IRQHandler
 .text.USART2_IRQHandler
                0x08004d30       0x14 ./Core/Src/stm32f4xx_it.o
                0x08004d30                USART2_IRQHandler
 .text.TIM8_BRK_TIM12_IRQHandler
                0x08004d44       0x1c ./Core/Src/stm32f4xx_it.o
                0x08004d44                TIM8_BRK_TIM12_IRQHandler
 .text.TIM5_IRQHandler
                0x08004d60       0x14 ./Core/Src/stm32f4xx_it.o
                0x08004d60                TIM5_IRQHandler
 .text._sbrk    0x08004d74       0x6c ./Core/Src/sysmem.o
                0x08004d74                _sbrk
 .text.SystemInit
                0x08004de0       0x24 ./Core/Src/system_stm32f4xx.o
                0x08004de0                SystemInit
 .text._ZN3ros16normalizeSecNSecERmS0_
                0x08004e04       0x58 ./Core/Src/time.o
                0x08004e04                ros::normalizeSecNSec(unsigned long&, unsigned long&)
 .text.Reset_Handler
                0x08004e5c       0x50 ./Core/Startup/startup_stm32f446retx.o
                0x08004e5c                Reset_Handler
 .text.Default_Handler
                0x08004eac        0x2 ./Core/Startup/startup_stm32f446retx.o
                0x08004eac                RTC_Alarm_IRQHandler
                0x08004eac                EXTI2_IRQHandler
                0x08004eac                TIM8_CC_IRQHandler
                0x08004eac                FMPI2C1_EV_IRQHandler
                0x08004eac                SPI4_IRQHandler
                0x08004eac                TIM1_CC_IRQHandler
                0x08004eac                DMA2_Stream5_IRQHandler
                0x08004eac                PVD_IRQHandler
                0x08004eac                SDIO_IRQHandler
                0x08004eac                TAMP_STAMP_IRQHandler
                0x08004eac                CAN2_RX1_IRQHandler
                0x08004eac                EXTI3_IRQHandler
                0x08004eac                TIM8_TRG_COM_TIM14_IRQHandler
                0x08004eac                TIM1_UP_TIM10_IRQHandler
                0x08004eac                TIM8_UP_TIM13_IRQHandler
                0x08004eac                I2C3_ER_IRQHandler
                0x08004eac                EXTI0_IRQHandler
                0x08004eac                I2C2_EV_IRQHandler
                0x08004eac                DMA1_Stream2_IRQHandler
                0x08004eac                CAN1_RX0_IRQHandler
                0x08004eac                FPU_IRQHandler
                0x08004eac                OTG_HS_WKUP_IRQHandler
                0x08004eac                CAN2_SCE_IRQHandler
                0x08004eac                DMA2_Stream2_IRQHandler
                0x08004eac                SPI1_IRQHandler
                0x08004eac                TIM6_DAC_IRQHandler
                0x08004eac                TIM1_BRK_TIM9_IRQHandler
                0x08004eac                DCMI_IRQHandler
                0x08004eac                CAN2_RX0_IRQHandler
                0x08004eac                DMA2_Stream3_IRQHandler
                0x08004eac                SAI2_IRQHandler
                0x08004eac                USART6_IRQHandler
                0x08004eac                USART3_IRQHandler
                0x08004eac                CAN1_RX1_IRQHandler
                0x08004eac                UART5_IRQHandler
                0x08004eac                DMA2_Stream0_IRQHandler
                0x08004eac                TIM4_IRQHandler
                0x08004eac                QUADSPI_IRQHandler
                0x08004eac                I2C1_EV_IRQHandler
                0x08004eac                DMA1_Stream1_IRQHandler
                0x08004eac                UART4_IRQHandler
                0x08004eac                TIM3_IRQHandler
                0x08004eac                RCC_IRQHandler
                0x08004eac                Default_Handler
                0x08004eac                CEC_IRQHandler
                0x08004eac                EXTI15_10_IRQHandler
                0x08004eac                ADC_IRQHandler
                0x08004eac                DMA1_Stream7_IRQHandler
                0x08004eac                TIM7_IRQHandler
                0x08004eac                CAN2_TX_IRQHandler
                0x08004eac                DMA2_Stream7_IRQHandler
                0x08004eac                I2C3_EV_IRQHandler
                0x08004eac                EXTI9_5_IRQHandler
                0x08004eac                RTC_WKUP_IRQHandler
                0x08004eac                SPDIF_RX_IRQHandler
                0x08004eac                SPI2_IRQHandler
                0x08004eac                OTG_HS_EP1_IN_IRQHandler
                0x08004eac                DMA1_Stream0_IRQHandler
                0x08004eac                CAN1_TX_IRQHandler
                0x08004eac                FMPI2C1_ER_IRQHandler
                0x08004eac                EXTI4_IRQHandler
                0x08004eac                OTG_HS_EP1_OUT_IRQHandler
                0x08004eac                WWDG_IRQHandler
                0x08004eac                TIM2_IRQHandler
                0x08004eac                OTG_FS_WKUP_IRQHandler
                0x08004eac                TIM1_TRG_COM_TIM11_IRQHandler
                0x08004eac                OTG_HS_IRQHandler
                0x08004eac                EXTI1_IRQHandler
                0x08004eac                I2C2_ER_IRQHandler
                0x08004eac                DMA2_Stream1_IRQHandler
                0x08004eac                CAN1_SCE_IRQHandler
                0x08004eac                FLASH_IRQHandler
                0x08004eac                DMA2_Stream4_IRQHandler
                0x08004eac                USART1_IRQHandler
                0x08004eac                OTG_FS_IRQHandler
                0x08004eac                SPI3_IRQHandler
                0x08004eac                DMA1_Stream4_IRQHandler
                0x08004eac                I2C1_ER_IRQHandler
                0x08004eac                FMC_IRQHandler
                0x08004eac                DMA2_Stream6_IRQHandler
                0x08004eac                SAI1_IRQHandler
                0x08004eac                DMA1_Stream3_IRQHandler
 *fill*         0x08004eae        0x2 
 .text.HAL_Init
                0x08004eb0       0x44 ./Drivers/STM32F4xx_HAL_Driver/Src/stm32f4xx_hal.o
                0x08004eb0                HAL_Init
 .text.HAL_InitTick
                0x08004ef4       0x60 ./Drivers/STM32F4xx_HAL_Driver/Src/stm32f4xx_hal.o
                0x08004ef4                HAL_InitTick
 .text.HAL_IncTick
                0x08004f54       0x28 ./Drivers/STM32F4xx_HAL_Driver/Src/stm32f4xx_hal.o
                0x08004f54                HAL_IncTick
 .text.HAL_GetTick
                0x08004f7c       0x18 ./Drivers/STM32F4xx_HAL_Driver/Src/stm32f4xx_hal.o
                0x08004f7c                HAL_GetTick
 .text.__NVIC_SetPriorityGrouping
                0x08004f94       0x48 ./Drivers/STM32F4xx_HAL_Driver/Src/stm32f4xx_hal_cortex.o
 .text.__NVIC_GetPriorityGrouping
                0x08004fdc       0x1c ./Drivers/STM32F4xx_HAL_Driver/Src/stm32f4xx_hal_cortex.o
 .text.__NVIC_EnableIRQ
                0x08004ff8       0x3c ./Drivers/STM32F4xx_HAL_Driver/Src/stm32f4xx_hal_cortex.o
 .text.__NVIC_SetPriority
                0x08005034       0x54 ./Drivers/STM32F4xx_HAL_Driver/Src/stm32f4xx_hal_cortex.o
 .text.NVIC_EncodePriority
                0x08005088       0x66 ./Drivers/STM32F4xx_HAL_Driver/Src/stm32f4xx_hal_cortex.o
 *fill*         0x080050ee        0x2 
 .text.SysTick_Config
                0x080050f0       0x44 ./Drivers/STM32F4xx_HAL_Driver/Src/stm32f4xx_hal_cortex.o
 .text.HAL_NVIC_SetPriorityGrouping
                0x08005134       0x16 ./Drivers/STM32F4xx_HAL_Driver/Src/stm32f4xx_hal_cortex.o
                0x08005134                HAL_NVIC_SetPriorityGrouping
 .text.HAL_NVIC_SetPriority
                0x0800514a       0x38 ./Drivers/STM32F4xx_HAL_Driver/Src/stm32f4xx_hal_cortex.o
                0x0800514a                HAL_NVIC_SetPriority
 .text.HAL_NVIC_EnableIRQ
                0x08005182       0x1c ./Drivers/STM32F4xx_HAL_Driver/Src/stm32f4xx_hal_cortex.o
                0x08005182                HAL_NVIC_EnableIRQ
 .text.HAL_SYSTICK_Config
                0x0800519e       0x18 ./Drivers/STM32F4xx_HAL_Driver/Src/stm32f4xx_hal_cortex.o
                0x0800519e                HAL_SYSTICK_Config
 *fill*         0x080051b6        0x2 
 .text.HAL_DMA_Init
                0x080051b8      0x15c ./Drivers/STM32F4xx_HAL_Driver/Src/stm32f4xx_hal_dma.o
                0x080051b8                HAL_DMA_Init
 .text.HAL_DMA_Start_IT
                0x08005314       0xb0 ./Drivers/STM32F4xx_HAL_Driver/Src/stm32f4xx_hal_dma.o
                0x08005314                HAL_DMA_Start_IT
 .text.HAL_DMA_Abort
                0x080053c4       0xe0 ./Drivers/STM32F4xx_HAL_Driver/Src/stm32f4xx_hal_dma.o
                0x080053c4                HAL_DMA_Abort
 .text.HAL_DMA_Abort_IT
                0x080054a4       0x44 ./Drivers/STM32F4xx_HAL_Driver/Src/stm32f4xx_hal_dma.o
                0x080054a4                HAL_DMA_Abort_IT
 .text.HAL_DMA_IRQHandler
                0x080054e8      0x314 ./Drivers/STM32F4xx_HAL_Driver/Src/stm32f4xx_hal_dma.o
                0x080054e8                HAL_DMA_IRQHandler
 .text.DMA_SetConfig
                0x080057fc       0x5c ./Drivers/STM32F4xx_HAL_Driver/Src/stm32f4xx_hal_dma.o
 .text.DMA_CalcBaseAndBitshift
                0x08005858       0x6c ./Drivers/STM32F4xx_HAL_Driver/Src/stm32f4xx_hal_dma.o
 .text.DMA_CheckFifoParam
                0x080058c4       0xf8 ./Drivers/STM32F4xx_HAL_Driver/Src/stm32f4xx_hal_dma.o
 .text.HAL_GPIO_Init
                0x080059bc      0x328 ./Drivers/STM32F4xx_HAL_Driver/Src/stm32f4xx_hal_gpio.o
                0x080059bc                HAL_GPIO_Init
 .text.HAL_GPIO_WritePin
                0x08005ce4       0x32 ./Drivers/STM32F4xx_HAL_Driver/Src/stm32f4xx_hal_gpio.o
                0x08005ce4                HAL_GPIO_WritePin
 *fill*         0x08005d16        0x2 
 .text.HAL_I2C_Init
                0x08005d18      0x288 ./Drivers/STM32F4xx_HAL_Driver/Src/stm32f4xx_hal_i2c.o
                0x08005d18                HAL_I2C_Init
 .text.HAL_I2C_Mem_Write
                0x08005fa0      0x1f4 ./Drivers/STM32F4xx_HAL_Driver/Src/stm32f4xx_hal_i2c.o
                0x08005fa0                HAL_I2C_Mem_Write
 .text.HAL_I2C_Mem_Read
                0x08006194      0x464 ./Drivers/STM32F4xx_HAL_Driver/Src/stm32f4xx_hal_i2c.o
                0x08006194                HAL_I2C_Mem_Read
 .text.I2C_RequestMemoryWrite
                0x080065f8      0x12c ./Drivers/STM32F4xx_HAL_Driver/Src/stm32f4xx_hal_i2c.o
 .text.I2C_RequestMemoryRead
                0x08006724      0x1d0 ./Drivers/STM32F4xx_HAL_Driver/Src/stm32f4xx_hal_i2c.o
 .text.I2C_WaitOnFlagUntilTimeout
                0x080068f4       0xf4 ./Drivers/STM32F4xx_HAL_Driver/Src/stm32f4xx_hal_i2c.o
 .text.I2C_WaitOnMasterAddressFlagUntilTimeout
                0x080069e8      0x140 ./Drivers/STM32F4xx_HAL_Driver/Src/stm32f4xx_hal_i2c.o
 .text.I2C_WaitOnTXEFlagUntilTimeout
                0x08006b28       0x90 ./Drivers/STM32F4xx_HAL_Driver/Src/stm32f4xx_hal_i2c.o
 .text.I2C_WaitOnBTFFlagUntilTimeout
                0x08006bb8       0x90 ./Drivers/STM32F4xx_HAL_Driver/Src/stm32f4xx_hal_i2c.o
 .text.I2C_WaitOnRXNEFlagUntilTimeout
                0x08006c48       0xba ./Drivers/STM32F4xx_HAL_Driver/Src/stm32f4xx_hal_i2c.o
 .text.I2C_IsAcknowledgeFailed
                0x08006d02       0x5e ./Drivers/STM32F4xx_HAL_Driver/Src/stm32f4xx_hal_i2c.o
 .text.HAL_PWREx_EnableOverDrive
                0x08006d60       0xa0 ./Drivers/STM32F4xx_HAL_Driver/Src/stm32f4xx_hal_pwr_ex.o
                0x08006d60                HAL_PWREx_EnableOverDrive
 .text.HAL_RCC_ClockConfig
                0x08006e00      0x1cc ./Drivers/STM32F4xx_HAL_Driver/Src/stm32f4xx_hal_rcc.o
                0x08006e00                HAL_RCC_ClockConfig
 .text.HAL_RCC_GetHCLKFreq
                0x08006fcc       0x18 ./Drivers/STM32F4xx_HAL_Driver/Src/stm32f4xx_hal_rcc.o
                0x08006fcc                HAL_RCC_GetHCLKFreq
 .text.HAL_RCC_GetPCLK1Freq
                0x08006fe4       0x28 ./Drivers/STM32F4xx_HAL_Driver/Src/stm32f4xx_hal_rcc.o
                0x08006fe4                HAL_RCC_GetPCLK1Freq
 .text.HAL_RCC_GetPCLK2Freq
                0x0800700c       0x28 ./Drivers/STM32F4xx_HAL_Driver/Src/stm32f4xx_hal_rcc.o
                0x0800700c                HAL_RCC_GetPCLK2Freq
 .text.HAL_RCC_GetSysClockFreq
                0x08007034      0x460 ./Drivers/STM32F4xx_HAL_Driver/Src/stm32f4xx_hal_rcc_ex.o
                0x08007034                HAL_RCC_GetSysClockFreq
 .text.HAL_RCC_OscConfig
                0x08007494      0x53c ./Drivers/STM32F4xx_HAL_Driver/Src/stm32f4xx_hal_rcc_ex.o
                0x08007494                HAL_RCC_OscConfig
 .text.HAL_TIM_Base_Init
                0x080079d0       0x9e ./Drivers/STM32F4xx_HAL_Driver/Src/stm32f4xx_hal_tim.o
                0x080079d0                HAL_TIM_Base_Init
 *fill*         0x08007a6e        0x2 
 .text.HAL_TIM_Base_Start_IT
                0x08007a70       0xe0 ./Drivers/STM32F4xx_HAL_Driver/Src/stm32f4xx_hal_tim.o
                0x08007a70                HAL_TIM_Base_Start_IT
 .text.HAL_TIM_Encoder_Init
                0x08007b50      0x14c ./Drivers/STM32F4xx_HAL_Driver/Src/stm32f4xx_hal_tim.o
                0x08007b50                HAL_TIM_Encoder_Init
 .text.HAL_TIM_Encoder_Start
                0x08007c9c      0x11c ./Drivers/STM32F4xx_HAL_Driver/Src/stm32f4xx_hal_tim.o
                0x08007c9c                HAL_TIM_Encoder_Start
 .text.HAL_TIM_IRQHandler
                0x08007db8      0x1e0 ./Drivers/STM32F4xx_HAL_Driver/Src/stm32f4xx_hal_tim.o
                0x08007db8                HAL_TIM_IRQHandler
 .text.HAL_TIM_ConfigClockSource
                0x08007f98      0x18e ./Drivers/STM32F4xx_HAL_Driver/Src/stm32f4xx_hal_tim.o
                0x08007f98                HAL_TIM_ConfigClockSource
 .text.HAL_TIM_OC_DelayElapsedCallback
                0x08008126       0x14 ./Drivers/STM32F4xx_HAL_Driver/Src/stm32f4xx_hal_tim.o
                0x08008126                HAL_TIM_OC_DelayElapsedCallback
 .text.HAL_TIM_IC_CaptureCallback
                0x0800813a       0x14 ./Drivers/STM32F4xx_HAL_Driver/Src/stm32f4xx_hal_tim.o
                0x0800813a                HAL_TIM_IC_CaptureCallback
 .text.HAL_TIM_PWM_PulseFinishedCallback
                0x0800814e       0x14 ./Drivers/STM32F4xx_HAL_Driver/Src/stm32f4xx_hal_tim.o
                0x0800814e                HAL_TIM_PWM_PulseFinishedCallback
 .text.HAL_TIM_TriggerCallback
                0x08008162       0x14 ./Drivers/STM32F4xx_HAL_Driver/Src/stm32f4xx_hal_tim.o
                0x08008162                HAL_TIM_TriggerCallback
 *fill*         0x08008176        0x2 
 .text.TIM_Base_SetConfig
                0x08008178      0x158 ./Drivers/STM32F4xx_HAL_Driver/Src/stm32f4xx_hal_tim.o
                0x08008178                TIM_Base_SetConfig
 .text.TIM_TI1_ConfigInputStage
                0x080082d0       0x5e ./Drivers/STM32F4xx_HAL_Driver/Src/stm32f4xx_hal_tim.o
 .text.TIM_TI2_ConfigInputStage
                0x0800832e       0x60 ./Drivers/STM32F4xx_HAL_Driver/Src/stm32f4xx_hal_tim.o
 .text.TIM_ITRx_SetConfig
                0x0800838e       0x36 ./Drivers/STM32F4xx_HAL_Driver/Src/stm32f4xx_hal_tim.o
 .text.TIM_ETR_SetConfig
                0x080083c4       0x40 ./Drivers/STM32F4xx_HAL_Driver/Src/stm32f4xx_hal_tim.o
                0x080083c4                TIM_ETR_SetConfig
 .text.TIM_CCxChannelCmd
                0x08008404       0x4a ./Drivers/STM32F4xx_HAL_Driver/Src/stm32f4xx_hal_tim.o
                0x08008404                TIM_CCxChannelCmd
 *fill*         0x0800844e        0x2 
 .text.HAL_TIMEx_MasterConfigSynchronization
                0x08008450       0xf8 ./Drivers/STM32F4xx_HAL_Driver/Src/stm32f4xx_hal_tim_ex.o
                0x08008450                HAL_TIMEx_MasterConfigSynchronization
 .text.HAL_TIMEx_CommutCallback
                0x08008548       0x14 ./Drivers/STM32F4xx_HAL_Driver/Src/stm32f4xx_hal_tim_ex.o
                0x08008548                HAL_TIMEx_CommutCallback
 .text.HAL_TIMEx_BreakCallback
                0x0800855c       0x14 ./Drivers/STM32F4xx_HAL_Driver/Src/stm32f4xx_hal_tim_ex.o
                0x0800855c                HAL_TIMEx_BreakCallback
 .text.HAL_UART_Init
                0x08008570       0xa0 ./Drivers/STM32F4xx_HAL_Driver/Src/stm32f4xx_hal_uart.o
                0x08008570                HAL_UART_Init
 .text.HAL_UART_Transmit_DMA
                0x08008610       0xe0 ./Drivers/STM32F4xx_HAL_Driver/Src/stm32f4xx_hal_uart.o
                0x08008610                HAL_UART_Transmit_DMA
 .text.HAL_UART_Receive_DMA
                0x080086f0       0x4a ./Drivers/STM32F4xx_HAL_Driver/Src/stm32f4xx_hal_uart.o
                0x080086f0                HAL_UART_Receive_DMA
 *fill*         0x0800873a        0x2 
 .text.HAL_UART_IRQHandler
                0x0800873c      0x524 ./Drivers/STM32F4xx_HAL_Driver/Src/stm32f4xx_hal_uart.o
                0x0800873c                HAL_UART_IRQHandler
 .text.HAL_UART_TxHalfCpltCallback
                0x08008c60       0x14 ./Drivers/STM32F4xx_HAL_Driver/Src/stm32f4xx_hal_uart.o
                0x08008c60                HAL_UART_TxHalfCpltCallback
 .text.HAL_UART_RxHalfCpltCallback
                0x08008c74       0x14 ./Drivers/STM32F4xx_HAL_Driver/Src/stm32f4xx_hal_uart.o
                0x08008c74                HAL_UART_RxHalfCpltCallback
 .text.HAL_UART_ErrorCallback
                0x08008c88       0x14 ./Drivers/STM32F4xx_HAL_Driver/Src/stm32f4xx_hal_uart.o
                0x08008c88                HAL_UART_ErrorCallback
 .text.HAL_UARTEx_RxEventCallback
                0x08008c9c       0x18 ./Drivers/STM32F4xx_HAL_Driver/Src/stm32f4xx_hal_uart.o
                0x08008c9c                HAL_UARTEx_RxEventCallback
 .text.UART_DMATransmitCplt
                0x08008cb4       0x9a ./Drivers/STM32F4xx_HAL_Driver/Src/stm32f4xx_hal_uart.o
 .text.UART_DMATxHalfCplt
                0x08008d4e       0x1c ./Drivers/STM32F4xx_HAL_Driver/Src/stm32f4xx_hal_uart.o
 .text.UART_DMAReceiveCplt
                0x08008d6a      0x12c ./Drivers/STM32F4xx_HAL_Driver/Src/stm32f4xx_hal_uart.o
 .text.UART_DMARxHalfCplt
                0x08008e96       0x3c ./Drivers/STM32F4xx_HAL_Driver/Src/stm32f4xx_hal_uart.o
 .text.UART_DMAError
                0x08008ed2       0x94 ./Drivers/STM32F4xx_HAL_Driver/Src/stm32f4xx_hal_uart.o
 *fill*         0x08008f66        0x2 
 .text.UART_Start_Receive_DMA
                0x08008f68      0x134 ./Drivers/STM32F4xx_HAL_Driver/Src/stm32f4xx_hal_uart.o
                0x08008f68                UART_Start_Receive_DMA
 .text.UART_EndTxTransfer
                0x0800909c       0x50 ./Drivers/STM32F4xx_HAL_Driver/Src/stm32f4xx_hal_uart.o
 .text.UART_EndRxTransfer
                0x080090ec       0xc6 ./Drivers/STM32F4xx_HAL_Driver/Src/stm32f4xx_hal_uart.o
 .text.UART_DMAAbortOnError
                0x080091b2       0x28 ./Drivers/STM32F4xx_HAL_Driver/Src/stm32f4xx_hal_uart.o
 .text.UART_Transmit_IT
                0x080091da       0xa0 ./Drivers/STM32F4xx_HAL_Driver/Src/stm32f4xx_hal_uart.o
 .text.UART_EndTransmit_IT
                0x0800927a       0x30 ./Drivers/STM32F4xx_HAL_Driver/Src/stm32f4xx_hal_uart.o
 .text.UART_Receive_IT
                0x080092aa      0x17c ./Drivers/STM32F4xx_HAL_Driver/Src/stm32f4xx_hal_uart.o
 *fill*         0x08009426        0x2 
 .text.UART_SetConfig
                0x08009428      0x4e8 ./Drivers/STM32F4xx_HAL_Driver/Src/stm32f4xx_hal_uart.o
 .text.atan     0x08009910      0x330 /opt/st/stm32cubeide_1.15.1/plugins/com.st.stm32cube.ide.mcu.externaltools.gnu-tools-for-stm32.12.3.rel1.linux64_1.0.100.202403111256/tools/bin/../lib/gcc/arm-none-eabi/12.3.1/../../../../arm-none-eabi/lib/thumb/v7e-m+fp/hard/libm.a(libm_a-s_atan.o)
                0x08009910                atan
 .text.cos      0x08009c40       0xa8 /opt/st/stm32cubeide_1.15.1/plugins/com.st.stm32cube.ide.mcu.externaltools.gnu-tools-for-stm32.12.3.rel1.linux64_1.0.100.202403111256/tools/bin/../lib/gcc/arm-none-eabi/12.3.1/../../../../arm-none-eabi/lib/thumb/v7e-m+fp/hard/libm.a(libm_a-s_cos.o)
                0x08009c40                cos
 .text.fabs     0x08009ce8       0x10 /opt/st/stm32cubeide_1.15.1/plugins/com.st.stm32cube.ide.mcu.externaltools.gnu-tools-for-stm32.12.3.rel1.linux64_1.0.100.202403111256/tools/bin/../lib/gcc/arm-none-eabi/12.3.1/../../../../arm-none-eabi/lib/thumb/v7e-m+fp/hard/libm.a(libm_a-s_fabs.o)
                0x08009ce8                fabs
 .text.sin      0x08009cf8       0xa8 /opt/st/stm32cubeide_1.15.1/plugins/com.st.stm32cube.ide.mcu.externaltools.gnu-tools-for-stm32.12.3.rel1.linux64_1.0.100.202403111256/tools/bin/../lib/gcc/arm-none-eabi/12.3.1/../../../../arm-none-eabi/lib/thumb/v7e-m+fp/hard/libm.a(libm_a-s_sin.o)
                0x08009cf8                sin
 .text.__kernel_cos
                0x08009da0      0x18c /opt/st/stm32cubeide_1.15.1/plugins/com.st.stm32cube.ide.mcu.externaltools.gnu-tools-for-stm32.12.3.rel1.linux64_1.0.100.202403111256/tools/bin/../lib/gcc/arm-none-eabi/12.3.1/../../../../arm-none-eabi/lib/thumb/v7e-m+fp/hard/libm.a(libm_a-k_cos.o)
                0x08009da0                __kernel_cos
 *fill*         0x08009f2c        0x4 
 .text.__kernel_sin
                0x08009f30      0x174 /opt/st/stm32cubeide_1.15.1/plugins/com.st.stm32cube.ide.mcu.externaltools.gnu-tools-for-stm32.12.3.rel1.linux64_1.0.100.202403111256/tools/bin/../lib/gcc/arm-none-eabi/12.3.1/../../../../arm-none-eabi/lib/thumb/v7e-m+fp/hard/libm.a(libm_a-k_sin.o)
                0x08009f30                __kernel_sin
 *fill*         0x0800a0a4        0x4 
 .text.__ieee754_rem_pio2
                0x0800a0a8      0x3f8 /opt/st/stm32cubeide_1.15.1/plugins/com.st.stm32cube.ide.mcu.externaltools.gnu-tools-for-stm32.12.3.rel1.linux64_1.0.100.202403111256/tools/bin/../lib/gcc/arm-none-eabi/12.3.1/../../../../arm-none-eabi/lib/thumb/v7e-m+fp/hard/libm.a(libm_a-e_rem_pio2.o)
                0x0800a0a8                __ieee754_rem_pio2
 .text.__kernel_rem_pio2
                0x0800a4a0      0x6b0 /opt/st/stm32cubeide_1.15.1/plugins/com.st.stm32cube.ide.mcu.externaltools.gnu-tools-for-stm32.12.3.rel1.linux64_1.0.100.202403111256/tools/bin/../lib/gcc/arm-none-eabi/12.3.1/../../../../arm-none-eabi/lib/thumb/v7e-m+fp/hard/libm.a(libm_a-k_rem_pio2.o)
                0x0800a4a0                __kernel_rem_pio2
 .text.scalbn   0x0800ab50       0xfc /opt/st/stm32cubeide_1.15.1/plugins/com.st.stm32cube.ide.mcu.externaltools.gnu-tools-for-stm32.12.3.rel1.linux64_1.0.100.202403111256/tools/bin/../lib/gcc/arm-none-eabi/12.3.1/../../../../arm-none-eabi/lib/thumb/v7e-m+fp/hard/libm.a(libm_a-s_scalbn.o)
                0x0800ab50                scalbn
 *fill*         0x0800ac4c        0x4 
 .text.floor    0x0800ac50       0xf8 /opt/st/stm32cubeide_1.15.1/plugins/com.st.stm32cube.ide.mcu.externaltools.gnu-tools-for-stm32.12.3.rel1.linux64_1.0.100.202403111256/tools/bin/../lib/gcc/arm-none-eabi/12.3.1/../../../../arm-none-eabi/lib/thumb/v7e-m+fp/hard/libm.a(libm_a-s_floor.o)
                0x0800ac50                floor
 .text.realloc  0x0800ad48       0x10 /opt/st/stm32cubeide_1.15.1/plugins/com.st.stm32cube.ide.mcu.externaltools.gnu-tools-for-stm32.12.3.rel1.linux64_1.0.100.202403111256/tools/bin/../lib/gcc/arm-none-eabi/12.3.1/../../../../arm-none-eabi/lib/thumb/v7e-m+fp/hard/libc_nano.a(libc_a-realloc.o)
                0x0800ad48                realloc
 .text._realloc_r
                0x0800ad58       0x5c /opt/st/stm32cubeide_1.15.1/plugins/com.st.stm32cube.ide.mcu.externaltools.gnu-tools-for-stm32.12.3.rel1.linux64_1.0.100.202403111256/tools/bin/../lib/gcc/arm-none-eabi/12.3.1/../../../../arm-none-eabi/lib/thumb/v7e-m+fp/hard/libc_nano.a(libc_a-reallocr.o)
                0x0800ad58                _realloc_r
 .text.memset   0x0800adb4       0x10 /opt/st/stm32cubeide_1.15.1/plugins/com.st.stm32cube.ide.mcu.externaltools.gnu-tools-for-stm32.12.3.rel1.linux64_1.0.100.202403111256/tools/bin/../lib/gcc/arm-none-eabi/12.3.1/../../../../arm-none-eabi/lib/thumb/v7e-m+fp/hard/libc_nano.a(libc_a-memset.o)
                0x0800adb4                memset
 .text.__errno  0x0800adc4        0xc /opt/st/stm32cubeide_1.15.1/plugins/com.st.stm32cube.ide.mcu.externaltools.gnu-tools-for-stm32.12.3.rel1.linux64_1.0.100.202403111256/tools/bin/../lib/gcc/arm-none-eabi/12.3.1/../../../../arm-none-eabi/lib/thumb/v7e-m+fp/hard/libc_nano.a(libc_a-errno.o)
                0x0800adc4                __errno
 .text.__libc_init_array
                0x0800add0       0x48 /opt/st/stm32cubeide_1.15.1/plugins/com.st.stm32cube.ide.mcu.externaltools.gnu-tools-for-stm32.12.3.rel1.linux64_1.0.100.202403111256/tools/bin/../lib/gcc/arm-none-eabi/12.3.1/../../../../arm-none-eabi/lib/thumb/v7e-m+fp/hard/libc_nano.a(libc_a-init.o)
                0x0800add0                __libc_init_array
 .text.__retarget_lock_acquire_recursive
                0x0800ae18        0x2 /opt/st/stm32cubeide_1.15.1/plugins/com.st.stm32cube.ide.mcu.externaltools.gnu-tools-for-stm32.12.3.rel1.linux64_1.0.100.202403111256/tools/bin/../lib/gcc/arm-none-eabi/12.3.1/../../../../arm-none-eabi/lib/thumb/v7e-m+fp/hard/libc_nano.a(libc_a-lock.o)
                0x0800ae18                __retarget_lock_acquire_recursive
 .text.__retarget_lock_release_recursive
                0x0800ae1a        0x2 /opt/st/stm32cubeide_1.15.1/plugins/com.st.stm32cube.ide.mcu.externaltools.gnu-tools-for-stm32.12.3.rel1.linux64_1.0.100.202403111256/tools/bin/../lib/gcc/arm-none-eabi/12.3.1/../../../../arm-none-eabi/lib/thumb/v7e-m+fp/hard/libc_nano.a(libc_a-lock.o)
                0x0800ae1a                __retarget_lock_release_recursive
 .text.memcpy   0x0800ae1c       0x1c /opt/st/stm32cubeide_1.15.1/plugins/com.st.stm32cube.ide.mcu.externaltools.gnu-tools-for-stm32.12.3.rel1.linux64_1.0.100.202403111256/tools/bin/../lib/gcc/arm-none-eabi/12.3.1/../../../../arm-none-eabi/lib/thumb/v7e-m+fp/hard/libc_nano.a(libc_a-memcpy-stub.o)
                0x0800ae1c                memcpy
 .text._free_r  0x0800ae38       0x94 /opt/st/stm32cubeide_1.15.1/plugins/com.st.stm32cube.ide.mcu.externaltools.gnu-tools-for-stm32.12.3.rel1.linux64_1.0.100.202403111256/tools/bin/../lib/gcc/arm-none-eabi/12.3.1/../../../../arm-none-eabi/lib/thumb/v7e-m+fp/hard/libc_nano.a(libc_a-freer.o)
                0x0800ae38                _free_r
 .text.sbrk_aligned
                0x0800aecc       0x44 /opt/st/stm32cubeide_1.15.1/plugins/com.st.stm32cube.ide.mcu.externaltools.gnu-tools-for-stm32.12.3.rel1.linux64_1.0.100.202403111256/tools/bin/../lib/gcc/arm-none-eabi/12.3.1/../../../../arm-none-eabi/lib/thumb/v7e-m+fp/hard/libc_nano.a(libc_a-mallocr.o)
 .text._malloc_r
                0x0800af10      0x100 /opt/st/stm32cubeide_1.15.1/plugins/com.st.stm32cube.ide.mcu.externaltools.gnu-tools-for-stm32.12.3.rel1.linux64_1.0.100.202403111256/tools/bin/../lib/gcc/arm-none-eabi/12.3.1/../../../../arm-none-eabi/lib/thumb/v7e-m+fp/hard/libc_nano.a(libc_a-mallocr.o)
                0x0800af10                _malloc_r
 .text.__malloc_lock
                0x0800b010        0xc /opt/st/stm32cubeide_1.15.1/plugins/com.st.stm32cube.ide.mcu.externaltools.gnu-tools-for-stm32.12.3.rel1.linux64_1.0.100.202403111256/tools/bin/../lib/gcc/arm-none-eabi/12.3.1/../../../../arm-none-eabi/lib/thumb/v7e-m+fp/hard/libc_nano.a(libc_a-mlock.o)
                0x0800b010                __malloc_lock
 .text.__malloc_unlock
                0x0800b01c        0xc /opt/st/stm32cubeide_1.15.1/plugins/com.st.stm32cube.ide.mcu.externaltools.gnu-tools-for-stm32.12.3.rel1.linux64_1.0.100.202403111256/tools/bin/../lib/gcc/arm-none-eabi/12.3.1/../../../../arm-none-eabi/lib/thumb/v7e-m+fp/hard/libc_nano.a(libc_a-mlock.o)
                0x0800b01c                __malloc_unlock
 .text._malloc_usable_size_r
                0x0800b028       0x10 /opt/st/stm32cubeide_1.15.1/plugins/com.st.stm32cube.ide.mcu.externaltools.gnu-tools-for-stm32.12.3.rel1.linux64_1.0.100.202403111256/tools/bin/../lib/gcc/arm-none-eabi/12.3.1/../../../../arm-none-eabi/lib/thumb/v7e-m+fp/hard/libc_nano.a(libc_a-msizer.o)
                0x0800b028                _malloc_usable_size_r
 .text._sbrk_r  0x0800b038       0x20 /opt/st/stm32cubeide_1.15.1/plugins/com.st.stm32cube.ide.mcu.externaltools.gnu-tools-for-stm32.12.3.rel1.linux64_1.0.100.202403111256/tools/bin/../lib/gcc/arm-none-eabi/12.3.1/../../../../arm-none-eabi/lib/thumb/v7e-m+fp/hard/libc_nano.a(libc_a-sbrkr.o)
                0x0800b038                _sbrk_r
 *(.glue_7)
 .glue_7        0x0800b058        0x0 linker stubs
 *(.glue_7t)
 .glue_7t       0x0800b058        0x0 linker stubs
 *(.eh_frame)
 .eh_frame      0x0800b058        0x0 /opt/st/stm32cubeide_1.15.1/plugins/com.st.stm32cube.ide.mcu.externaltools.gnu-tools-for-stm32.12.3.rel1.linux64_1.0.100.202403111256/tools/bin/../lib/gcc/arm-none-eabi/12.3.1/thumb/v7e-m+fp/hard/crtbegin.o
 *(.init)
 .init          0x0800b058        0x4 /opt/st/stm32cubeide_1.15.1/plugins/com.st.stm32cube.ide.mcu.externaltools.gnu-tools-for-stm32.12.3.rel1.linux64_1.0.100.202403111256/tools/bin/../lib/gcc/arm-none-eabi/12.3.1/thumb/v7e-m+fp/hard/crti.o
                0x0800b058                _init
 .init          0x0800b05c        0x8 /opt/st/stm32cubeide_1.15.1/plugins/com.st.stm32cube.ide.mcu.externaltools.gnu-tools-for-stm32.12.3.rel1.linux64_1.0.100.202403111256/tools/bin/../lib/gcc/arm-none-eabi/12.3.1/thumb/v7e-m+fp/hard/crtn.o
 *(.fini)
 .fini          0x0800b064        0x4 /opt/st/stm32cubeide_1.15.1/plugins/com.st.stm32cube.ide.mcu.externaltools.gnu-tools-for-stm32.12.3.rel1.linux64_1.0.100.202403111256/tools/bin/../lib/gcc/arm-none-eabi/12.3.1/thumb/v7e-m+fp/hard/crti.o
                0x0800b064                _fini
 .fini          0x0800b068        0x8 /opt/st/stm32cubeide_1.15.1/plugins/com.st.stm32cube.ide.mcu.externaltools.gnu-tools-for-stm32.12.3.rel1.linux64_1.0.100.202403111256/tools/bin/../lib/gcc/arm-none-eabi/12.3.1/thumb/v7e-m+fp/hard/crtn.o
                0x0800b070                        . = ALIGN (0x4)
                0x0800b070                        _etext = .

.vfp11_veneer   0x0800b070        0x0
 .vfp11_veneer  0x0800b070        0x0 linker stubs

.v4_bx          0x0800b070        0x0
 .v4_bx         0x0800b070        0x0 linker stubs

.iplt           0x0800b070        0x0
 .iplt          0x0800b070        0x0 /opt/st/stm32cubeide_1.15.1/plugins/com.st.stm32cube.ide.mcu.externaltools.gnu-tools-for-stm32.12.3.rel1.linux64_1.0.100.202403111256/tools/bin/../lib/gcc/arm-none-eabi/12.3.1/thumb/v7e-m+fp/hard/crtbegin.o

.rodata         0x0800b070      0x518
                0x0800b070                        . = ALIGN (0x4)
 *(.rodata)
 .rodata        0x0800b070      0x1dc ./Core/Src/mainpp.o
 *(.rodata*)
 .rodata._ZN14rosserial_msgsL12REQUESTPARAME
                0x0800b24c       0x1c ./Core/Src/mainpp.o
 .rodata._ZTVN3ros11NodeHandle_I13STM32HardwareLi25ELi25ELi512ELi512EEE
                0x0800b268       0x14 ./Core/Src/mainpp.o
                0x0800b268                vtable for ros::NodeHandle_<STM32Hardware, 25, 25, 512, 512>
 .rodata._ZTVN8std_msgs15Int16MultiArrayE
                0x0800b27c       0x18 ./Core/Src/mainpp.o
                0x0800b27c                vtable for std_msgs::Int16MultiArray
 .rodata._ZTVN8std_msgs16MultiArrayLayoutE
                0x0800b294       0x18 ./Core/Src/mainpp.o
                0x0800b294                vtable for std_msgs::MultiArrayLayout
 .rodata._ZTVN8std_msgs19MultiArrayDimensionE
                0x0800b2ac       0x18 ./Core/Src/mainpp.o
                0x0800b2ac                vtable for std_msgs::MultiArrayDimension
 .rodata._ZTVN3ros15NodeHandleBase_E
                0x0800b2c4       0x14 ./Core/Src/mainpp.o
                0x0800b2c4                vtable for ros::NodeHandleBase_
 .rodata._ZTVN14rosserial_msgs20RequestParamResponseE
                0x0800b2d8       0x18 ./Core/Src/mainpp.o
                0x0800b2d8                vtable for rosserial_msgs::RequestParamResponse
 .rodata._ZTVN14rosserial_msgs3LogE
                0x0800b2f0       0x18 ./Core/Src/mainpp.o
                0x0800b2f0                vtable for rosserial_msgs::Log
 .rodata._ZTVN14rosserial_msgs9TopicInfoE
                0x0800b308       0x18 ./Core/Src/mainpp.o
                0x0800b308                vtable for rosserial_msgs::TopicInfo
 .rodata._ZTVN8std_msgs4TimeE
                0x0800b320       0x18 ./Core/Src/mainpp.o
                0x0800b320                vtable for std_msgs::Time
 .rodata._ZTVN3ros3MsgE
                0x0800b338       0x18 ./Core/Src/mainpp.o
                0x0800b338                vtable for ros::Msg
 .rodata.AHBPrescTable
                0x0800b350       0x10 ./Core/Src/system_stm32f4xx.o
                0x0800b350                AHBPrescTable
 .rodata.APBPrescTable
                0x0800b360        0x8 ./Core/Src/system_stm32f4xx.o
                0x0800b360                APBPrescTable
 .rodata.flagBitshiftOffset.0
                0x0800b368        0x8 ./Drivers/STM32F4xx_HAL_Driver/Src/stm32f4xx_hal_dma.o
 .rodata.atanlo
                0x0800b370       0x20 /opt/st/stm32cubeide_1.15.1/plugins/com.st.stm32cube.ide.mcu.externaltools.gnu-tools-for-stm32.12.3.rel1.linux64_1.0.100.202403111256/tools/bin/../lib/gcc/arm-none-eabi/12.3.1/../../../../arm-none-eabi/lib/thumb/v7e-m+fp/hard/libm.a(libm_a-s_atan.o)
 .rodata.atanhi
                0x0800b390       0x20 /opt/st/stm32cubeide_1.15.1/plugins/com.st.stm32cube.ide.mcu.externaltools.gnu-tools-for-stm32.12.3.rel1.linux64_1.0.100.202403111256/tools/bin/../lib/gcc/arm-none-eabi/12.3.1/../../../../arm-none-eabi/lib/thumb/v7e-m+fp/hard/libm.a(libm_a-s_atan.o)
 .rodata.npio2_hw
                0x0800b3b0       0x80 /opt/st/stm32cubeide_1.15.1/plugins/com.st.stm32cube.ide.mcu.externaltools.gnu-tools-for-stm32.12.3.rel1.linux64_1.0.100.202403111256/tools/bin/../lib/gcc/arm-none-eabi/12.3.1/../../../../arm-none-eabi/lib/thumb/v7e-m+fp/hard/libm.a(libm_a-e_rem_pio2.o)
 .rodata.two_over_pi
                0x0800b430      0x108 /opt/st/stm32cubeide_1.15.1/plugins/com.st.stm32cube.ide.mcu.externaltools.gnu-tools-for-stm32.12.3.rel1.linux64_1.0.100.202403111256/tools/bin/../lib/gcc/arm-none-eabi/12.3.1/../../../../arm-none-eabi/lib/thumb/v7e-m+fp/hard/libm.a(libm_a-e_rem_pio2.o)
 .rodata.PIo2   0x0800b538       0x40 /opt/st/stm32cubeide_1.15.1/plugins/com.st.stm32cube.ide.mcu.externaltools.gnu-tools-for-stm32.12.3.rel1.linux64_1.0.100.202403111256/tools/bin/../lib/gcc/arm-none-eabi/12.3.1/../../../../arm-none-eabi/lib/thumb/v7e-m+fp/hard/libm.a(libm_a-k_rem_pio2.o)
 .rodata.init_jk
                0x0800b578       0x10 /opt/st/stm32cubeide_1.15.1/plugins/com.st.stm32cube.ide.mcu.externaltools.gnu-tools-for-stm32.12.3.rel1.linux64_1.0.100.202403111256/tools/bin/../lib/gcc/arm-none-eabi/12.3.1/../../../../arm-none-eabi/lib/thumb/v7e-m+fp/hard/libm.a(libm_a-k_rem_pio2.o)
                0x0800b588                        . = ALIGN (0x4)

.ARM.extab      0x0800b588        0x0
                0x0800b588                        . = ALIGN (0x4)
 *(.ARM.extab* .gnu.linkonce.armextab.*)
                0x0800b588                        . = ALIGN (0x4)

.ARM            0x0800b588        0x8
                0x0800b588                        . = ALIGN (0x4)
                0x0800b588                        __exidx_start = .
 *(.ARM.exidx*)
 .ARM.exidx     0x0800b588        0x8 /opt/st/stm32cubeide_1.15.1/plugins/com.st.stm32cube.ide.mcu.externaltools.gnu-tools-for-stm32.12.3.rel1.linux64_1.0.100.202403111256/tools/bin/../lib/gcc/arm-none-eabi/12.3.1/../../../../arm-none-eabi/lib/thumb/v7e-m+fp/hard/libc_nano.a(libc_a-strlen.o)
 .ARM.exidx     0x0800b590        0x0 /opt/st/stm32cubeide_1.15.1/plugins/com.st.stm32cube.ide.mcu.externaltools.gnu-tools-for-stm32.12.3.rel1.linux64_1.0.100.202403111256/tools/bin/../lib/gcc/arm-none-eabi/12.3.1/thumb/v7e-m+fp/hard/libgcc.a(_udivmoddi4.o)
                                  0x8 (size before relaxing)
                0x0800b590                        __exidx_end = .
                0x0800b590                        . = ALIGN (0x4)

.preinit_array  0x0800b590        0x0
                0x0800b590                        . = ALIGN (0x4)
                0x0800b590                        PROVIDE (__preinit_array_start = .)
 *(.preinit_array*)
                0x0800b590                        PROVIDE (__preinit_array_end = .)
                0x0800b590                        . = ALIGN (0x4)

.init_array     0x0800b590        0x8
                0x0800b590                        . = ALIGN (0x4)
                0x0800b590                        PROVIDE (__init_array_start = .)
 *(SORT_BY_NAME(.init_array.*))
 *(.init_array*)
 .init_array    0x0800b590        0x4 /opt/st/stm32cubeide_1.15.1/plugins/com.st.stm32cube.ide.mcu.externaltools.gnu-tools-for-stm32.12.3.rel1.linux64_1.0.100.202403111256/tools/bin/../lib/gcc/arm-none-eabi/12.3.1/thumb/v7e-m+fp/hard/crtbegin.o
 .init_array    0x0800b594        0x4 ./Core/Src/mainpp.o
                0x0800b598                        PROVIDE (__init_array_end = .)
                0x0800b598                        . = ALIGN (0x4)

.fini_array     0x0800b598        0x4
                0x0800b598                        . = ALIGN (0x4)
                [!provide]                        PROVIDE (__fini_array_start = .)
 *(SORT_BY_NAME(.fini_array.*))
 *(.fini_array*)
 .fini_array    0x0800b598        0x4 /opt/st/stm32cubeide_1.15.1/plugins/com.st.stm32cube.ide.mcu.externaltools.gnu-tools-for-stm32.12.3.rel1.linux64_1.0.100.202403111256/tools/bin/../lib/gcc/arm-none-eabi/12.3.1/thumb/v7e-m+fp/hard/crtbegin.o
                [!provide]                        PROVIDE (__fini_array_end = .)
                0x0800b59c                        . = ALIGN (0x4)
                0x0800b59c                        _sidata = LOADADDR (.data)

.rel.dyn        0x0800b59c        0x0
 .rel.iplt      0x0800b59c        0x0 /opt/st/stm32cubeide_1.15.1/plugins/com.st.stm32cube.ide.mcu.externaltools.gnu-tools-for-stm32.12.3.rel1.linux64_1.0.100.202403111256/tools/bin/../lib/gcc/arm-none-eabi/12.3.1/thumb/v7e-m+fp/hard/crtbegin.o

.data           0x20000000       0x5c load address 0x0800b59c
                0x20000000                        . = ALIGN (0x4)
                0x20000000                        _sdata = .
 *(.data)
 *(.data*)
 .data.SystemCoreClock
                0x20000000        0x4 ./Core/Src/system_stm32f4xx.o
                0x20000000                SystemCoreClock
 .data.uwTickPrio
                0x20000004        0x4 ./Drivers/STM32F4xx_HAL_Driver/Src/stm32f4xx_hal.o
                0x20000004                uwTickPrio
 .data.uwTickFreq
                0x20000008        0x1 ./Drivers/STM32F4xx_HAL_Driver/Src/stm32f4xx_hal.o
                0x20000008                uwTickFreq
 *fill*         0x20000009        0x3 
 .data._impure_ptr
                0x2000000c        0x4 /opt/st/stm32cubeide_1.15.1/plugins/com.st.stm32cube.ide.mcu.externaltools.gnu-tools-for-stm32.12.3.rel1.linux64_1.0.100.202403111256/tools/bin/../lib/gcc/arm-none-eabi/12.3.1/../../../../arm-none-eabi/lib/thumb/v7e-m+fp/hard/libc_nano.a(libc_a-impure.o)
                0x2000000c                _impure_ptr
 .data._impure_data
                0x20000010       0x4c /opt/st/stm32cubeide_1.15.1/plugins/com.st.stm32cube.ide.mcu.externaltools.gnu-tools-for-stm32.12.3.rel1.linux64_1.0.100.202403111256/tools/bin/../lib/gcc/arm-none-eabi/12.3.1/../../../../arm-none-eabi/lib/thumb/v7e-m+fp/hard/libc_nano.a(libc_a-impure.o)
                0x20000010                _impure_data
 *(.RamFunc)
 *(.RamFunc*)
                0x2000005c                        . = ALIGN (0x4)
                0x2000005c                        _edata = .

.igot.plt       0x2000005c        0x0 load address 0x0800b5f8
 .igot.plt      0x2000005c        0x0 /opt/st/stm32cubeide_1.15.1/plugins/com.st.stm32cube.ide.mcu.externaltools.gnu-tools-for-stm32.12.3.rel1.linux64_1.0.100.202403111256/tools/bin/../lib/gcc/arm-none-eabi/12.3.1/thumb/v7e-m+fp/hard/crtbegin.o
                0x2000005c                        . = ALIGN (0x4)

.bss            0x20000060     0x1bd4 load address 0x0800b5f8
                0x20000060                        _sbss = .
                0x20000060                        __bss_start__ = _sbss
 *(.bss)
 .bss           0x20000060       0x1c /opt/st/stm32cubeide_1.15.1/plugins/com.st.stm32cube.ide.mcu.externaltools.gnu-tools-for-stm32.12.3.rel1.linux64_1.0.100.202403111256/tools/bin/../lib/gcc/arm-none-eabi/12.3.1/thumb/v7e-m+fp/hard/crtbegin.o
 *(.bss*)
 .bss.hi2c3     0x2000007c       0x54 ./Core/Src/main.o
                0x2000007c                hi2c3
 .bss.htim2     0x200000d0       0x48 ./Core/Src/main.o
                0x200000d0                htim2
 .bss.htim3     0x20000118       0x48 ./Core/Src/main.o
                0x20000118                htim3
 .bss.htim4     0x20000160       0x48 ./Core/Src/main.o
                0x20000160                htim4
 .bss.htim5     0x200001a8       0x48 ./Core/Src/main.o
                0x200001a8                htim5
 .bss.htim8     0x200001f0       0x48 ./Core/Src/main.o
                0x200001f0                htim8
 .bss.htim12    0x20000238       0x48 ./Core/Src/main.o
                0x20000238                htim12
 .bss.huart2    0x20000280       0x48 ./Core/Src/main.o
                0x20000280                huart2
 .bss.hdma_usart2_rx
                0x200002c8       0x60 ./Core/Src/main.o
                0x200002c8                hdma_usart2_rx
 .bss.hdma_usart2_tx
                0x20000328       0x60 ./Core/Src/main.o
                0x20000328                hdma_usart2_tx
 .bss.valueA    0x20000388        0x4 ./Core/Src/main.o
                0x20000388                valueA
 .bss.valueB    0x2000038c        0x4 ./Core/Src/main.o
                0x2000038c                valueB
 .bss.valueC    0x20000390        0x4 ./Core/Src/main.o
                0x20000390                valueC
 .bss.theta_angle
                0x20000394        0x2 ./Core/Src/main.o
                0x20000394                theta_angle
 *fill*         0x20000396        0x2 
 .bss.interrupt_counter
                0x20000398        0x4 ./Core/Src/main.o
                0x20000398                interrupt_counter
 *fill*         0x2000039c        0x4 
 .bss.Speed_EncoderA
                0x200003a0        0x8 ./Core/Src/main.o
                0x200003a0                Speed_EncoderA
 .bss.Speed_EncoderB
                0x200003a8        0x8 ./Core/Src/main.o
                0x200003a8                Speed_EncoderB
 .bss.Speed_EncoderC
                0x200003b0        0x8 ./Core/Src/main.o
                0x200003b0                Speed_EncoderC
 .bss.ha_perp   0x200003b8        0x8 ./Core/Src/main.o
                0x200003b8                ha_perp
 .bss.hb_perp   0x200003c0        0x8 ./Core/Src/main.o
                0x200003c0                hb_perp
 .bss.hc_perp   0x200003c8        0x8 ./Core/Src/main.o
                0x200003c8                hc_perp
 .bss.vA_perp   0x200003d0        0x8 ./Core/Src/main.o
                0x200003d0                vA_perp
 .bss.RX        0x200003d8       0x10 ./Core/Src/main.o
                0x200003d8                RX
 .bss.RY        0x200003e8       0x10 ./Core/Src/main.o
                0x200003e8                RY
 .bss.at        0x200003f8       0x10 ./Core/Src/main.o
                0x200003f8                at
 .bss.at_perp   0x20000408       0x10 ./Core/Src/main.o
                0x20000408                at_perp
 .bss.rA        0x20000418       0x10 ./Core/Src/main.o
                0x20000418                rA
 .bss.velocity_A
                0x20000428       0x10 ./Core/Src/main.o
                0x20000428                velocity_A
 .bss.velocity_A_perp
                0x20000438       0x10 ./Core/Src/main.o
                0x20000438                velocity_A_perp
 .bss.A_velocity
                0x20000448       0x10 ./Core/Src/main.o
                0x20000448                A_velocity
 .bss.distanceA
                0x20000458        0x8 ./Core/Src/main.o
                0x20000458                distanceA
 .bss.distanceB
                0x20000460        0x8 ./Core/Src/main.o
                0x20000460                distanceB
 .bss.distanceC
                0x20000468        0x8 ./Core/Src/main.o
                0x20000468                distanceC
 .bss.theta     0x20000470        0x8 ./Core/Src/main.o
                0x20000470                theta
 .bss.Accel_X_Raw
                0x20000478        0x2 ./Core/Src/main.o
                0x20000478                Accel_X_Raw
 .bss.Accel_Y_Raw
                0x2000047a        0x2 ./Core/Src/main.o
                0x2000047a                Accel_Y_Raw
 .bss.Accel_Z_Raw
                0x2000047c        0x2 ./Core/Src/main.o
                0x2000047c                Accel_Z_Raw
 *fill*         0x2000047e        0x2 
 .bss.Ax        0x20000480        0x4 ./Core/Src/main.o
                0x20000480                Ax
 .bss.Ay        0x20000484        0x4 ./Core/Src/main.o
                0x20000484                Ay
 .bss.Az        0x20000488        0x4 ./Core/Src/main.o
                0x20000488                Az
 .bss.buffer    0x2000048c        0xa ./Core/Src/main.o
                0x2000048c                buffer
 .bss.angle_X   0x20000496        0x1 ./Core/Src/main.o
                0x20000496                angle_X
 .bss.angle_Y   0x20000497        0x1 ./Core/Src/main.o
                0x20000497                angle_Y
 .bss.radian_Alpha
                0x20000498        0x8 ./Core/Src/main.o
                0x20000498                radian_Alpha
 .bss.radian_Beta
                0x200004a0        0x8 ./Core/Src/main.o
                0x200004a0                radian_Beta
 .bss.radian_Gamma
                0x200004a8        0x8 ./Core/Src/main.o
                0x200004a8                radian_Gamma
 .bss.radian_Delta
                0x200004b0        0x8 ./Core/Src/main.o
                0x200004b0                radian_Delta
 .bss.AB        0x200004b8       0x10 ./Core/Src/main.o
                0x200004b8                AB
 .bss.AC        0x200004c8       0x10 ./Core/Src/main.o
                0x200004c8                AC
 .bss.a_encoder
                0x200004d8       0x10 ./Core/Src/main.o
                0x200004d8                a_encoder
 .bss.a_perp    0x200004e8       0x10 ./Core/Src/main.o
                0x200004e8                a_perp
 .bss.b_encoder
                0x200004f8       0x10 ./Core/Src/main.o
                0x200004f8                b_encoder
 .bss.c_encoder
                0x20000508       0x10 ./Core/Src/main.o
                0x20000508                c_encoder
 .bss.g         0x20000518       0x10 ./Core/Src/main.o
                0x20000518                g
 .bss.g_perp    0x20000528       0x10 ./Core/Src/main.o
                0x20000528                g_perp
 .bss.b_c_encoder
                0x20000538       0x20 ./Core/Src/main.o
                0x20000538                b_c_encoder
 .bss.theta_0   0x20000558        0x8 ./Core/Src/main.o
                0x20000558                theta_0
 .bss.old_couter
                0x20000560        0x4 ./Core/Src/main.o
                0x20000560                old_couter
 .bss.serial    0x20000564     0x100c ./Core/Src/mainpp.o
                0x20000564                serial
 .bss.nh        0x20001570      0x530 ./Core/Src/mainpp.o
                0x20001570                nh
 .bss.Encoder_data
                0x20001aa0       0x30 ./Core/Src/mainpp.o
                0x20001aa0                Encoder_data
 .bss.encoder   0x20001ad0       0x14 ./Core/Src/mainpp.o
                0x20001ad0                encoder
 .bss.__sbrk_heap_end
                0x20001ae4        0x4 ./Core/Src/sysmem.o
 .bss.uwTick    0x20001ae8        0x4 ./Drivers/STM32F4xx_HAL_Driver/Src/stm32f4xx_hal.o
                0x20001ae8                uwTick
 .bss.__sf      0x20001aec      0x138 /opt/st/stm32cubeide_1.15.1/plugins/com.st.stm32cube.ide.mcu.externaltools.gnu-tools-for-stm32.12.3.rel1.linux64_1.0.100.202403111256/tools/bin/../lib/gcc/arm-none-eabi/12.3.1/../../../../arm-none-eabi/lib/thumb/v7e-m+fp/hard/libc_nano.a(libc_a-findfp.o)
                0x20001aec                __sf
 .bss.errno     0x20001c24        0x4 /opt/st/stm32cubeide_1.15.1/plugins/com.st.stm32cube.ide.mcu.externaltools.gnu-tools-for-stm32.12.3.rel1.linux64_1.0.100.202403111256/tools/bin/../lib/gcc/arm-none-eabi/12.3.1/../../../../arm-none-eabi/lib/thumb/v7e-m+fp/hard/libc_nano.a(libc_a-reent.o)
                0x20001c24                errno
 .bss.__lock___malloc_recursive_mutex
                0x20001c28        0x1 /opt/st/stm32cubeide_1.15.1/plugins/com.st.stm32cube.ide.mcu.externaltools.gnu-tools-for-stm32.12.3.rel1.linux64_1.0.100.202403111256/tools/bin/../lib/gcc/arm-none-eabi/12.3.1/../../../../arm-none-eabi/lib/thumb/v7e-m+fp/hard/libc_nano.a(libc_a-lock.o)
                0x20001c28                __lock___malloc_recursive_mutex
 *fill*         0x20001c29        0x3 
 .bss.__malloc_sbrk_start
                0x20001c2c        0x4 /opt/st/stm32cubeide_1.15.1/plugins/com.st.stm32cube.ide.mcu.externaltools.gnu-tools-for-stm32.12.3.rel1.linux64_1.0.100.202403111256/tools/bin/../lib/gcc/arm-none-eabi/12.3.1/../../../../arm-none-eabi/lib/thumb/v7e-m+fp/hard/libc_nano.a(libc_a-mallocr.o)
                0x20001c2c                __malloc_sbrk_start
 .bss.__malloc_free_list
                0x20001c30        0x4 /opt/st/stm32cubeide_1.15.1/plugins/com.st.stm32cube.ide.mcu.externaltools.gnu-tools-for-stm32.12.3.rel1.linux64_1.0.100.202403111256/tools/bin/../lib/gcc/arm-none-eabi/12.3.1/../../../../arm-none-eabi/lib/thumb/v7e-m+fp/hard/libc_nano.a(libc_a-mallocr.o)
                0x20001c30                __malloc_free_list
 *(COMMON)
                0x20001c34                        . = ALIGN (0x4)
                0x20001c34                        _ebss = .
                0x20001c34                        __bss_end__ = _ebss

._user_heap_stack
                0x20001c34      0x604 load address 0x0800b5f8
                0x20001c38                        . = ALIGN (0x8)
 *fill*         0x20001c34        0x4 
                [!provide]                        PROVIDE (end = .)
                0x20001c38                        PROVIDE (_end = .)
                0x20001e38                        . = (. + _Min_Heap_Size)
 *fill*         0x20001c38      0x200 
                0x20002238                        . = (. + _Min_Stack_Size)
 *fill*         0x20001e38      0x400 
                0x20002238                        . = ALIGN (0x8)

/DISCARD/
 libc.a(*)
 libm.a(*)
 libgcc.a(*)

.ARM.attributes
                0x00000000       0x30
 *(.ARM.attributes)
 .ARM.attributes
                0x00000000       0x22 /opt/st/stm32cubeide_1.15.1/plugins/com.st.stm32cube.ide.mcu.externaltools.gnu-tools-for-stm32.12.3.rel1.linux64_1.0.100.202403111256/tools/bin/../lib/gcc/arm-none-eabi/12.3.1/thumb/v7e-m+fp/hard/crti.o
 .ARM.attributes
                0x00000022       0x34 /opt/st/stm32cubeide_1.15.1/plugins/com.st.stm32cube.ide.mcu.externaltools.gnu-tools-for-stm32.12.3.rel1.linux64_1.0.100.202403111256/tools/bin/../lib/gcc/arm-none-eabi/12.3.1/thumb/v7e-m+fp/hard/crtbegin.o
 .ARM.attributes
                0x00000056       0x34 ./Core/Src/main.o
 .ARM.attributes
                0x0000008a       0x34 ./Core/Src/mainpp.o
 .ARM.attributes
                0x000000be       0x34 ./Core/Src/stm32f4xx_hal_msp.o
 .ARM.attributes
                0x000000f2       0x34 ./Core/Src/stm32f4xx_it.o
 .ARM.attributes
                0x00000126       0x34 ./Core/Src/sysmem.o
 .ARM.attributes
                0x0000015a       0x34 ./Core/Src/system_stm32f4xx.o
 .ARM.attributes
                0x0000018e       0x34 ./Core/Src/time.o
 .ARM.attributes
                0x000001c2       0x21 ./Core/Startup/startup_stm32f446retx.o
 .ARM.attributes
                0x000001e3       0x34 ./Drivers/STM32F4xx_HAL_Driver/Src/stm32f4xx_hal.o
 .ARM.attributes
                0x00000217       0x34 ./Drivers/STM32F4xx_HAL_Driver/Src/stm32f4xx_hal_cortex.o
 .ARM.attributes
                0x0000024b       0x34 ./Drivers/STM32F4xx_HAL_Driver/Src/stm32f4xx_hal_dma.o
 .ARM.attributes
                0x0000027f       0x34 ./Drivers/STM32F4xx_HAL_Driver/Src/stm32f4xx_hal_gpio.o
 .ARM.attributes
                0x000002b3       0x34 ./Drivers/STM32F4xx_HAL_Driver/Src/stm32f4xx_hal_i2c.o
 .ARM.attributes
                0x000002e7       0x34 ./Drivers/STM32F4xx_HAL_Driver/Src/stm32f4xx_hal_pwr_ex.o
 .ARM.attributes
                0x0000031b       0x34 ./Drivers/STM32F4xx_HAL_Driver/Src/stm32f4xx_hal_rcc.o
 .ARM.attributes
                0x0000034f       0x34 ./Drivers/STM32F4xx_HAL_Driver/Src/stm32f4xx_hal_rcc_ex.o
 .ARM.attributes
                0x00000383       0x34 ./Drivers/STM32F4xx_HAL_Driver/Src/stm32f4xx_hal_tim.o
 .ARM.attributes
                0x000003b7       0x34 ./Drivers/STM32F4xx_HAL_Driver/Src/stm32f4xx_hal_tim_ex.o
 .ARM.attributes
                0x000003eb       0x34 ./Drivers/STM32F4xx_HAL_Driver/Src/stm32f4xx_hal_uart.o
 .ARM.attributes
                0x0000041f       0x34 /opt/st/stm32cubeide_1.15.1/plugins/com.st.stm32cube.ide.mcu.externaltools.gnu-tools-for-stm32.12.3.rel1.linux64_1.0.100.202403111256/tools/bin/../lib/gcc/arm-none-eabi/12.3.1/../../../../arm-none-eabi/lib/thumb/v7e-m+fp/hard/libm.a(libm_a-s_atan.o)
 .ARM.attributes
                0x00000453       0x34 /opt/st/stm32cubeide_1.15.1/plugins/com.st.stm32cube.ide.mcu.externaltools.gnu-tools-for-stm32.12.3.rel1.linux64_1.0.100.202403111256/tools/bin/../lib/gcc/arm-none-eabi/12.3.1/../../../../arm-none-eabi/lib/thumb/v7e-m+fp/hard/libm.a(libm_a-s_cos.o)
 .ARM.attributes
                0x00000487       0x34 /opt/st/stm32cubeide_1.15.1/plugins/com.st.stm32cube.ide.mcu.externaltools.gnu-tools-for-stm32.12.3.rel1.linux64_1.0.100.202403111256/tools/bin/../lib/gcc/arm-none-eabi/12.3.1/../../../../arm-none-eabi/lib/thumb/v7e-m+fp/hard/libm.a(libm_a-s_fabs.o)
 .ARM.attributes
                0x000004bb       0x34 /opt/st/stm32cubeide_1.15.1/plugins/com.st.stm32cube.ide.mcu.externaltools.gnu-tools-for-stm32.12.3.rel1.linux64_1.0.100.202403111256/tools/bin/../lib/gcc/arm-none-eabi/12.3.1/../../../../arm-none-eabi/lib/thumb/v7e-m+fp/hard/libm.a(libm_a-s_sin.o)
 .ARM.attributes
                0x000004ef       0x34 /opt/st/stm32cubeide_1.15.1/plugins/com.st.stm32cube.ide.mcu.externaltools.gnu-tools-for-stm32.12.3.rel1.linux64_1.0.100.202403111256/tools/bin/../lib/gcc/arm-none-eabi/12.3.1/../../../../arm-none-eabi/lib/thumb/v7e-m+fp/hard/libm.a(libm_a-k_cos.o)
 .ARM.attributes
                0x00000523       0x34 /opt/st/stm32cubeide_1.15.1/plugins/com.st.stm32cube.ide.mcu.externaltools.gnu-tools-for-stm32.12.3.rel1.linux64_1.0.100.202403111256/tools/bin/../lib/gcc/arm-none-eabi/12.3.1/../../../../arm-none-eabi/lib/thumb/v7e-m+fp/hard/libm.a(libm_a-k_sin.o)
 .ARM.attributes
                0x00000557       0x34 /opt/st/stm32cubeide_1.15.1/plugins/com.st.stm32cube.ide.mcu.externaltools.gnu-tools-for-stm32.12.3.rel1.linux64_1.0.100.202403111256/tools/bin/../lib/gcc/arm-none-eabi/12.3.1/../../../../arm-none-eabi/lib/thumb/v7e-m+fp/hard/libm.a(libm_a-e_rem_pio2.o)
 .ARM.attributes
                0x0000058b       0x34 /opt/st/stm32cubeide_1.15.1/plugins/com.st.stm32cube.ide.mcu.externaltools.gnu-tools-for-stm32.12.3.rel1.linux64_1.0.100.202403111256/tools/bin/../lib/gcc/arm-none-eabi/12.3.1/../../../../arm-none-eabi/lib/thumb/v7e-m+fp/hard/libm.a(libm_a-k_rem_pio2.o)
 .ARM.attributes
                0x000005bf       0x34 /opt/st/stm32cubeide_1.15.1/plugins/com.st.stm32cube.ide.mcu.externaltools.gnu-tools-for-stm32.12.3.rel1.linux64_1.0.100.202403111256/tools/bin/../lib/gcc/arm-none-eabi/12.3.1/../../../../arm-none-eabi/lib/thumb/v7e-m+fp/hard/libm.a(libm_a-s_scalbn.o)
 .ARM.attributes
                0x000005f3       0x34 /opt/st/stm32cubeide_1.15.1/plugins/com.st.stm32cube.ide.mcu.externaltools.gnu-tools-for-stm32.12.3.rel1.linux64_1.0.100.202403111256/tools/bin/../lib/gcc/arm-none-eabi/12.3.1/../../../../arm-none-eabi/lib/thumb/v7e-m+fp/hard/libm.a(libm_a-s_floor.o)
 .ARM.attributes
                0x00000627       0x34 /opt/st/stm32cubeide_1.15.1/plugins/com.st.stm32cube.ide.mcu.externaltools.gnu-tools-for-stm32.12.3.rel1.linux64_1.0.100.202403111256/tools/bin/../lib/gcc/arm-none-eabi/12.3.1/../../../../arm-none-eabi/lib/thumb/v7e-m+fp/hard/libc_nano.a(libc_a-realloc.o)
 .ARM.attributes
                0x0000065b       0x34 /opt/st/stm32cubeide_1.15.1/plugins/com.st.stm32cube.ide.mcu.externaltools.gnu-tools-for-stm32.12.3.rel1.linux64_1.0.100.202403111256/tools/bin/../lib/gcc/arm-none-eabi/12.3.1/../../../../arm-none-eabi/lib/thumb/v7e-m+fp/hard/libc_nano.a(libc_a-reallocr.o)
 .ARM.attributes
                0x0000068f       0x34 /opt/st/stm32cubeide_1.15.1/plugins/com.st.stm32cube.ide.mcu.externaltools.gnu-tools-for-stm32.12.3.rel1.linux64_1.0.100.202403111256/tools/bin/../lib/gcc/arm-none-eabi/12.3.1/../../../../arm-none-eabi/lib/thumb/v7e-m+fp/hard/libc_nano.a(libc_a-findfp.o)
 .ARM.attributes
                0x000006c3       0x34 /opt/st/stm32cubeide_1.15.1/plugins/com.st.stm32cube.ide.mcu.externaltools.gnu-tools-for-stm32.12.3.rel1.linux64_1.0.100.202403111256/tools/bin/../lib/gcc/arm-none-eabi/12.3.1/../../../../arm-none-eabi/lib/thumb/v7e-m+fp/hard/libc_nano.a(libc_a-memset.o)
 .ARM.attributes
                0x000006f7       0x34 /opt/st/stm32cubeide_1.15.1/plugins/com.st.stm32cube.ide.mcu.externaltools.gnu-tools-for-stm32.12.3.rel1.linux64_1.0.100.202403111256/tools/bin/../lib/gcc/arm-none-eabi/12.3.1/../../../../arm-none-eabi/lib/thumb/v7e-m+fp/hard/libc_nano.a(libc_a-reent.o)
 .ARM.attributes
                0x0000072b       0x34 /opt/st/stm32cubeide_1.15.1/plugins/com.st.stm32cube.ide.mcu.externaltools.gnu-tools-for-stm32.12.3.rel1.linux64_1.0.100.202403111256/tools/bin/../lib/gcc/arm-none-eabi/12.3.1/../../../../arm-none-eabi/lib/thumb/v7e-m+fp/hard/libc_nano.a(libc_a-impure.o)
 .ARM.attributes
                0x0000075f       0x34 /opt/st/stm32cubeide_1.15.1/plugins/com.st.stm32cube.ide.mcu.externaltools.gnu-tools-for-stm32.12.3.rel1.linux64_1.0.100.202403111256/tools/bin/../lib/gcc/arm-none-eabi/12.3.1/../../../../arm-none-eabi/lib/thumb/v7e-m+fp/hard/libc_nano.a(libc_a-errno.o)
 .ARM.attributes
                0x00000793       0x34 /opt/st/stm32cubeide_1.15.1/plugins/com.st.stm32cube.ide.mcu.externaltools.gnu-tools-for-stm32.12.3.rel1.linux64_1.0.100.202403111256/tools/bin/../lib/gcc/arm-none-eabi/12.3.1/../../../../arm-none-eabi/lib/thumb/v7e-m+fp/hard/libc_nano.a(libc_a-init.o)
 .ARM.attributes
                0x000007c7       0x34 /opt/st/stm32cubeide_1.15.1/plugins/com.st.stm32cube.ide.mcu.externaltools.gnu-tools-for-stm32.12.3.rel1.linux64_1.0.100.202403111256/tools/bin/../lib/gcc/arm-none-eabi/12.3.1/../../../../arm-none-eabi/lib/thumb/v7e-m+fp/hard/libc_nano.a(libc_a-lock.o)
 .ARM.attributes
                0x000007fb       0x34 /opt/st/stm32cubeide_1.15.1/plugins/com.st.stm32cube.ide.mcu.externaltools.gnu-tools-for-stm32.12.3.rel1.linux64_1.0.100.202403111256/tools/bin/../lib/gcc/arm-none-eabi/12.3.1/../../../../arm-none-eabi/lib/thumb/v7e-m+fp/hard/libc_nano.a(libc_a-memcpy-stub.o)
 .ARM.attributes
                0x0000082f       0x17 /opt/st/stm32cubeide_1.15.1/plugins/com.st.stm32cube.ide.mcu.externaltools.gnu-tools-for-stm32.12.3.rel1.linux64_1.0.100.202403111256/tools/bin/../lib/gcc/arm-none-eabi/12.3.1/../../../../arm-none-eabi/lib/thumb/v7e-m+fp/hard/libc_nano.a(libc_a-strlen.o)
 .ARM.attributes
                0x00000846       0x34 /opt/st/stm32cubeide_1.15.1/plugins/com.st.stm32cube.ide.mcu.externaltools.gnu-tools-for-stm32.12.3.rel1.linux64_1.0.100.202403111256/tools/bin/../lib/gcc/arm-none-eabi/12.3.1/../../../../arm-none-eabi/lib/thumb/v7e-m+fp/hard/libc_nano.a(libc_a-freer.o)
 .ARM.attributes
                0x0000087a       0x34 /opt/st/stm32cubeide_1.15.1/plugins/com.st.stm32cube.ide.mcu.externaltools.gnu-tools-for-stm32.12.3.rel1.linux64_1.0.100.202403111256/tools/bin/../lib/gcc/arm-none-eabi/12.3.1/../../../../arm-none-eabi/lib/thumb/v7e-m+fp/hard/libc_nano.a(libc_a-mallocr.o)
 .ARM.attributes
                0x000008ae       0x34 /opt/st/stm32cubeide_1.15.1/plugins/com.st.stm32cube.ide.mcu.externaltools.gnu-tools-for-stm32.12.3.rel1.linux64_1.0.100.202403111256/tools/bin/../lib/gcc/arm-none-eabi/12.3.1/../../../../arm-none-eabi/lib/thumb/v7e-m+fp/hard/libc_nano.a(libc_a-mlock.o)
 .ARM.attributes
                0x000008e2       0x34 /opt/st/stm32cubeide_1.15.1/plugins/com.st.stm32cube.ide.mcu.externaltools.gnu-tools-for-stm32.12.3.rel1.linux64_1.0.100.202403111256/tools/bin/../lib/gcc/arm-none-eabi/12.3.1/../../../../arm-none-eabi/lib/thumb/v7e-m+fp/hard/libc_nano.a(libc_a-msizer.o)
 .ARM.attributes
                0x00000916       0x34 /opt/st/stm32cubeide_1.15.1/plugins/com.st.stm32cube.ide.mcu.externaltools.gnu-tools-for-stm32.12.3.rel1.linux64_1.0.100.202403111256/tools/bin/../lib/gcc/arm-none-eabi/12.3.1/../../../../arm-none-eabi/lib/thumb/v7e-m+fp/hard/libc_nano.a(libc_a-sbrkr.o)
 .ARM.attributes
                0x0000094a       0x22 /opt/st/stm32cubeide_1.15.1/plugins/com.st.stm32cube.ide.mcu.externaltools.gnu-tools-for-stm32.12.3.rel1.linux64_1.0.100.202403111256/tools/bin/../lib/gcc/arm-none-eabi/12.3.1/thumb/v7e-m+fp/hard/libgcc.a(_arm_addsubdf3.o)
 .ARM.attributes
                0x0000096c       0x22 /opt/st/stm32cubeide_1.15.1/plugins/com.st.stm32cube.ide.mcu.externaltools.gnu-tools-for-stm32.12.3.rel1.linux64_1.0.100.202403111256/tools/bin/../lib/gcc/arm-none-eabi/12.3.1/thumb/v7e-m+fp/hard/libgcc.a(_arm_muldivdf3.o)
 .ARM.attributes
                0x0000098e       0x22 /opt/st/stm32cubeide_1.15.1/plugins/com.st.stm32cube.ide.mcu.externaltools.gnu-tools-for-stm32.12.3.rel1.linux64_1.0.100.202403111256/tools/bin/../lib/gcc/arm-none-eabi/12.3.1/thumb/v7e-m+fp/hard/libgcc.a(_arm_cmpdf2.o)
 .ARM.attributes
                0x000009b0       0x22 /opt/st/stm32cubeide_1.15.1/plugins/com.st.stm32cube.ide.mcu.externaltools.gnu-tools-for-stm32.12.3.rel1.linux64_1.0.100.202403111256/tools/bin/../lib/gcc/arm-none-eabi/12.3.1/thumb/v7e-m+fp/hard/libgcc.a(_arm_fixdfsi.o)
 .ARM.attributes
                0x000009d2       0x22 /opt/st/stm32cubeide_1.15.1/plugins/com.st.stm32cube.ide.mcu.externaltools.gnu-tools-for-stm32.12.3.rel1.linux64_1.0.100.202403111256/tools/bin/../lib/gcc/arm-none-eabi/12.3.1/thumb/v7e-m+fp/hard/libgcc.a(_arm_truncdfsf2.o)
 .ARM.attributes
                0x000009f4       0x22 /opt/st/stm32cubeide_1.15.1/plugins/com.st.stm32cube.ide.mcu.externaltools.gnu-tools-for-stm32.12.3.rel1.linux64_1.0.100.202403111256/tools/bin/../lib/gcc/arm-none-eabi/12.3.1/thumb/v7e-m+fp/hard/libgcc.a(_aeabi_uldivmod.o)
 .ARM.attributes
                0x00000a16       0x34 /opt/st/stm32cubeide_1.15.1/plugins/com.st.stm32cube.ide.mcu.externaltools.gnu-tools-for-stm32.12.3.rel1.linux64_1.0.100.202403111256/tools/bin/../lib/gcc/arm-none-eabi/12.3.1/thumb/v7e-m+fp/hard/libgcc.a(_udivmoddi4.o)
 .ARM.attributes
                0x00000a4a       0x22 /opt/st/stm32cubeide_1.15.1/plugins/com.st.stm32cube.ide.mcu.externaltools.gnu-tools-for-stm32.12.3.rel1.linux64_1.0.100.202403111256/tools/bin/../lib/gcc/arm-none-eabi/12.3.1/thumb/v7e-m+fp/hard/libgcc.a(_dvmd_tls.o)
 .ARM.attributes