../Core/Src/main.c:213:6:HAL_TIM_PeriodElapsedCallback	32	static
../Core/Src/main.c:261:6:MPU6050_Init	32	static
../Core/Src/main.c:281:6:MPU6050_Read_Accel	32	static
../Core/Src/main.c:294:7:Accel_X_Angle	32	static
../Core/Src/main.c:298:7:Accel_Y_Angle	32	static
../Core/Src/main.c:309:5:main	120	static
../Core/Src/main.c:483:6:SystemClock_Config	88	static
../Core/Src/main.c:538:13:MX_I2C3_Init	8	static
../Core/Src/main.c:572:13:MX_TIM2_Init	56	static
../Core/Src/main.c:621:13:MX_TIM3_Init	56	static
../Core/Src/main.c:670:13:MX_TIM4_Init	56	static
../Core/Src/main.c:719:13:MX_TIM5_Init	32	static
../Core/Src/main.c:764:13:MX_TIM8_Init	56	static
../Core/Src/main.c:814:13:MX_TIM12_Init	24	static
../Core/Src/main.c:852:13:MX_USART2_UART_Init	8	static
../Core/Src/main.c:883:13:MX_DMA_Init	16	static
../Core/Src/main.c:904:13:MX_GPIO_Init	48	static
../Core/Src/main.c:944:6:Error_Handler	4	static,ignoring_inline_asm
