../Core/Inc/ros/time.h:51:3:ros::Time::Time()	16	static
../Core/Inc/ros/msg.h:46:7:constexpr ros::Msg::Msg()	16	static
../Core/Inc/std_msgs/Time.h:19:5:std_msgs::Time::Time()	16	static
../Core/Inc/std_msgs/Time.h:24:17:virtual int std_msgs::Time::serialize(unsigned char*) const	24	static
../Core/Inc/std_msgs/Time.h:40:17:virtual int std_msgs::Time::deserialize(unsigned char*)	24	static
../Core/Inc/std_msgs/Time.h:56:26:virtual const char* std_msgs::Time::getType()	16	static
../Core/Inc/std_msgs/Time.h:57:26:virtual const char* std_msgs::Time::getMD5()	16	static
../Core/Inc/rosserial_msgs/TopicInfo.h:34:5:rosserial_msgs::TopicInfo::TopicInfo()	16	static
../Core/Inc/rosserial_msgs/TopicInfo.h:43:17:virtual int rosserial_msgs::TopicInfo::serialize(unsigned char*) const	40	static
../Core/Inc/rosserial_msgs/TopicInfo.h:77:17:virtual int rosserial_msgs::TopicInfo::deserialize(unsigned char*)	48	static
../Core/Inc/rosserial_msgs/TopicInfo.h:124:26:virtual const char* rosserial_msgs::TopicInfo::getType()	16	static
../Core/Inc/rosserial_msgs/TopicInfo.h:125:26:virtual const char* rosserial_msgs::TopicInfo::getMD5()	16	static
../Core/Inc/rosserial_msgs/Log.h:25:5:rosserial_msgs::Log::Log()	16	static
../Core/Inc/rosserial_msgs/Log.h:31:17:virtual int rosserial_msgs::Log::serialize(unsigned char*) const	24	static
../Core/Inc/rosserial_msgs/Log.h:44:17:virtual int rosserial_msgs::Log::deserialize(unsigned char*)	32	static
../Core/Inc/rosserial_msgs/Log.h:61:26:virtual const char* rosserial_msgs::Log::getType()	16	static
../Core/Inc/rosserial_msgs/Log.h:62:26:virtual const char* rosserial_msgs::Log::getMD5()	16	static
../Core/Inc/rosserial_msgs/RequestParam.h:71:5:rosserial_msgs::RequestParamResponse::RequestParamResponse()	16	static
../Core/Inc/rosserial_msgs/RequestParam.h:78:17:virtual int rosserial_msgs::RequestParamResponse::serialize(unsigned char*) const	48	static
../Core/Inc/rosserial_msgs/RequestParam.h:130:17:virtual int rosserial_msgs::RequestParamResponse::deserialize(unsigned char*)	64	static
../Core/Inc/rosserial_msgs/RequestParam.h:200:26:virtual const char* rosserial_msgs::RequestParamResponse::getType()	16	static
../Core/Inc/rosserial_msgs/RequestParam.h:201:26:virtual const char* rosserial_msgs::RequestParamResponse::getMD5()	16	static
../Core/Inc/ros/publisher.h:48:3:ros::Publisher::Publisher(const char*, ros::Msg*, int)	24	static
../Core/Inc/ros/publisher.h:53:7:int ros::Publisher::publish(const ros::Msg*)	16	static
../Core/Inc/ros/publisher.h:57:7:int ros::Publisher::getEndpointType()	16	static
../Core/Inc/SerialClass.h:33:2:SerialClass::SerialClass(UART_HandleTypeDef&)	16	static
../Core/Inc/SerialClass.h:38:36:UART_HandleTypeDef* const SerialClass::get_handle()	16	static
../Core/Inc/SerialClass.h:43:14:void SerialClass::start_dma()	16	static
../Core/Inc/SerialClass.h:52:13:int SerialClass::read()	24	static
../Core/Inc/SerialClass.h:66:14:void SerialClass::write(const uint8_t*, int)	32	static
../Core/Inc/SerialClass.h:90:14:void SerialClass::tx_cplt_callback()	16	static
../Core/Inc/SerialClass.h:95:17:void SerialClass::reset_rbuf()	16	static
../Core/Inc/SerialClass.h:104:17:void HAL_UART_TxCpltCallback(UART_HandleTypeDef*)	24	static
../Core/Inc/SerialClass.h:117:17:void HAL_UART_RxCpltCallback(UART_HandleTypeDef*)	16	static
../Core/Inc/STM32Hardware.h:10:2:STM32Hardware::STM32Hardware()	16	static
../Core/Inc/STM32Hardware.h:16:7:void STM32Hardware::init()	16	static
../Core/Inc/STM32Hardware.h:21:6:int STM32Hardware::read()	16	static
../Core/Inc/STM32Hardware.h:26:7:void STM32Hardware::write(uint8_t*, int)	24	static
../Core/Inc/STM32Hardware.h:31:16:long unsigned int STM32Hardware::time()	16	static
../Core/Inc/std_msgs/MultiArrayDimension.h:22:5:std_msgs::MultiArrayDimension::MultiArrayDimension()	16	static
../Core/Inc/std_msgs/MultiArrayDimension.h:29:17:virtual int std_msgs::MultiArrayDimension::serialize(unsigned char*) const	24	static
../Core/Inc/std_msgs/MultiArrayDimension.h:50:17:virtual int std_msgs::MultiArrayDimension::deserialize(unsigned char*)	32	static
../Core/Inc/std_msgs/MultiArrayDimension.h:75:26:virtual const char* std_msgs::MultiArrayDimension::getType()	16	static
../Core/Inc/std_msgs/MultiArrayDimension.h:76:26:virtual const char* std_msgs::MultiArrayDimension::getMD5()	16	static
../Core/Inc/std_msgs/MultiArrayLayout.h:23:5:std_msgs::MultiArrayLayout::MultiArrayLayout()	16	static
../Core/Inc/std_msgs/MultiArrayLayout.h:29:17:virtual int std_msgs::MultiArrayLayout::serialize(unsigned char*) const	24	static
../Core/Inc/std_msgs/MultiArrayLayout.h:48:17:virtual int std_msgs::MultiArrayLayout::deserialize(unsigned char*)	32	static
../Core/Inc/std_msgs/MultiArrayLayout.h:71:26:virtual const char* std_msgs::MultiArrayLayout::getType()	16	static
../Core/Inc/std_msgs/MultiArrayLayout.h:72:26:virtual const char* std_msgs::MultiArrayLayout::getMD5()	16	static
../Core/Inc/std_msgs/Int16MultiArray.h:23:5:std_msgs::Int16MultiArray::Int16MultiArray()	16	static
../Core/Inc/std_msgs/Int16MultiArray.h:29:17:virtual int std_msgs::Int16MultiArray::serialize(unsigned char*) const	32	static
../Core/Inc/std_msgs/Int16MultiArray.h:51:17:virtual int std_msgs::Int16MultiArray::deserialize(unsigned char*)	32	static
../Core/Inc/std_msgs/Int16MultiArray.h:78:26:virtual const char* std_msgs::Int16MultiArray::getType()	16	static
../Core/Inc/std_msgs/Int16MultiArray.h:79:26:virtual const char* std_msgs::Int16MultiArray::getMD5()	16	static
../Core/Inc/ros/node_handle.h:50:7:constexpr ros::NodeHandleBase_::NodeHandleBase_()	16	static
../Core/Inc/ros/node_handle.h:104:7:constexpr ros::NodeHandle_<STM32Hardware>::NodeHandle_()	16	static
../Core/Src/mainpp.cpp:23:6:void setup()	8	static
../Core/Src/mainpp.cpp:29:6:void loop()	8	static
../Core/Inc/ros/msg.h:188:15:static void ros::Msg::varToArr(A, V) [with A = unsigned char*; V = long unsigned int]	24	static
../Core/Inc/ros/msg.h:196:15:static void ros::Msg::arrToVar(V&, A) [with V = long unsigned int; A = unsigned char*]	24	static
../Core/Inc/ros/node_handle.h:134:8:void ros::NodeHandle_<Hardware, MAX_SUBSCRIBERS, MAX_PUBLISHERS, INPUT_SIZE, OUTPUT_SIZE>::initNode() [with Hardware = STM32Hardware; int MAX_SUBSCRIBERS = 25; int MAX_PUBLISHERS = 25; int INPUT_SIZE = 512; int OUTPUT_SIZE = 512]	16	static
../Core/Inc/ros/node_handle.h:390:8:bool ros::NodeHandle_<Hardware, MAX_SUBSCRIBERS, MAX_PUBLISHERS, INPUT_SIZE, OUTPUT_SIZE>::advertise(ros::Publisher&) [with Hardware = STM32Hardware; int MAX_SUBSCRIBERS = 25; int MAX_PUBLISHERS = 25; int INPUT_SIZE = 512; int OUTPUT_SIZE = 512]	24	static
../Core/Inc/ros/node_handle.h:187:15:int ros::NodeHandle_<Hardware, MAX_SUBSCRIBERS, MAX_PUBLISHERS, INPUT_SIZE, OUTPUT_SIZE>::spinOnce() [with Hardware = STM32Hardware; int MAX_SUBSCRIBERS = 25; int MAX_PUBLISHERS = 25; int INPUT_SIZE = 512; int OUTPUT_SIZE = 512]	24	static
../Core/Inc/ros/node_handle.h:347:8:void ros::NodeHandle_<Hardware, MAX_SUBSCRIBERS, MAX_PUBLISHERS, INPUT_SIZE, OUTPUT_SIZE>::requestSyncTime() [with Hardware = STM32Hardware; int MAX_SUBSCRIBERS = 25; int MAX_PUBLISHERS = 25; int INPUT_SIZE = 512; int OUTPUT_SIZE = 512]	32	static
../Core/Inc/ros/node_handle.h:438:8:void ros::NodeHandle_<Hardware, MAX_SUBSCRIBERS, MAX_PUBLISHERS, INPUT_SIZE, OUTPUT_SIZE>::negotiateTopics() [with Hardware = STM32Hardware; int MAX_SUBSCRIBERS = 25; int MAX_PUBLISHERS = 25; int INPUT_SIZE = 512; int OUTPUT_SIZE = 512]	56	static
../Core/Inc/ros/node_handle.h:354:8:void ros::NodeHandle_<Hardware, MAX_SUBSCRIBERS, MAX_PUBLISHERS, INPUT_SIZE, OUTPUT_SIZE>::syncTime(uint8_t*) [with Hardware = STM32Hardware; int MAX_SUBSCRIBERS = 25; int MAX_PUBLISHERS = 25; int INPUT_SIZE = 512; int OUTPUT_SIZE = 512]	32	static
../Core/Inc/ros/node_handle.h:469:15:int ros::NodeHandle_<Hardware, MAX_SUBSCRIBERS, MAX_PUBLISHERS, INPUT_SIZE, OUTPUT_SIZE>::publish(int, const ros::Msg*) [with Hardware = STM32Hardware; int MAX_SUBSCRIBERS = 25; int MAX_PUBLISHERS = 25; int INPUT_SIZE = 512; int OUTPUT_SIZE = 512]	40	static
../Core/Inc/ros/node_handle.h:377:8:void ros::NodeHandle_<Hardware, MAX_SUBSCRIBERS, MAX_PUBLISHERS, INPUT_SIZE, OUTPUT_SIZE>::setNow(const ros::Time&) [with Hardware = STM32Hardware; int MAX_SUBSCRIBERS = 25; int MAX_PUBLISHERS = 25; int INPUT_SIZE = 512; int OUTPUT_SIZE = 512]	24	static
../Core/Inc/ros/node_handle.h:531:8:void ros::NodeHandle_<Hardware, MAX_SUBSCRIBERS, MAX_PUBLISHERS, INPUT_SIZE, OUTPUT_SIZE>::logerror(const char*) [with Hardware = STM32Hardware; int MAX_SUBSCRIBERS = 25; int MAX_PUBLISHERS = 25; int INPUT_SIZE = 512; int OUTPUT_SIZE = 512]	16	static
../Core/Inc/ros/node_handle.h:510:8:void ros::NodeHandle_<Hardware, MAX_SUBSCRIBERS, MAX_PUBLISHERS, INPUT_SIZE, OUTPUT_SIZE>::log(char, const char*) [with Hardware = STM32Hardware; int MAX_SUBSCRIBERS = 25; int MAX_PUBLISHERS = 25; int INPUT_SIZE = 512; int OUTPUT_SIZE = 512]	40	static
../Core/Src/mainpp.cpp:39:1:void __static_initialization_and_destruction_0(int, int)	16	static
../Core/Inc/ros/node_handle.h:338:16:bool ros::NodeHandle_<Hardware, MAX_SUBSCRIBERS, MAX_PUBLISHERS, INPUT_SIZE, OUTPUT_SIZE>::connected() [with Hardware = STM32Hardware; int MAX_SUBSCRIBERS = 25; int MAX_PUBLISHERS = 25; int INPUT_SIZE = 512; int OUTPUT_SIZE = 512]	16	static
../Core/Src/mainpp.cpp:39:1:cpp)	8	static
